Component: ARM Compiler 5.06 update 7 (build 960) Tool: armlink [4d3601]

==============================================================================

Section Cross References

    startup_stm32g474xx.o(RESET) refers to startup_stm32g474xx.o(STACK) for __initial_sp
    startup_stm32g474xx.o(RESET) refers to startup_stm32g474xx.o(.text) for Reset_Handler
    startup_stm32g474xx.o(RESET) refers to stm32g4xx_it.o(i.NMI_Handler) for NMI_Handler
    startup_stm32g474xx.o(RESET) refers to stm32g4xx_it.o(i.HardFault_Handler) for HardFault_Handler
    startup_stm32g474xx.o(RESET) refers to stm32g4xx_it.o(i.MemManage_Handler) for MemManage_Handler
    startup_stm32g474xx.o(RESET) refers to stm32g4xx_it.o(i.BusFault_Handler) for BusFault_Handler
    startup_stm32g474xx.o(RESET) refers to stm32g4xx_it.o(i.UsageFault_Handler) for UsageFault_Handler
    startup_stm32g474xx.o(RESET) refers to port.o(.emb_text) for SVC_Handler
    startup_stm32g474xx.o(RESET) refers to stm32g4xx_it.o(i.DebugMon_Handler) for DebugMon_Handler
    startup_stm32g474xx.o(RESET) refers to port.o(i.SysTick_Handler) for SysTick_Handler
    startup_stm32g474xx.o(RESET) refers to stm32g4xx_it.o(i.FDCAN1_IT0_IRQHandler) for FDCAN1_IT0_IRQHandler
    startup_stm32g474xx.o(RESET) refers to stm32g4xx_it.o(i.TIM1_UP_TIM16_IRQHandler) for TIM1_UP_TIM16_IRQHandler
    startup_stm32g474xx.o(RESET) refers to stm32g4xx_it.o(i.TIM6_DAC_IRQHandler) for TIM6_DAC_IRQHandler
    startup_stm32g474xx.o(.text) refers to system_stm32g4xx.o(i.SystemInit) for SystemInit
    startup_stm32g474xx.o(.text) refers to entry.o(.ARM.Collect$$$$00000000) for __main
    main.o(i.HAL_TIM_PeriodElapsedCallback) refers to stm32g4xx_hal.o(i.HAL_IncTick) for HAL_IncTick
    main.o(i.SystemClock_Config) refers to memseta.o(.text) for __aeabi_memclr4
    main.o(i.SystemClock_Config) refers to stm32g4xx_hal_pwr_ex.o(i.HAL_PWREx_ControlVoltageScaling) for HAL_PWREx_ControlVoltageScaling
    main.o(i.SystemClock_Config) refers to stm32g4xx_hal_rcc.o(i.HAL_RCC_OscConfig) for HAL_RCC_OscConfig
    main.o(i.SystemClock_Config) refers to stm32g4xx_hal_rcc.o(i.HAL_RCC_ClockConfig) for HAL_RCC_ClockConfig
    main.o(i.main) refers to stm32g4xx_hal.o(i.HAL_Init) for HAL_Init
    main.o(i.main) refers to main.o(i.SystemClock_Config) for SystemClock_Config
    main.o(i.main) refers to gpio.o(i.MX_GPIO_Init) for MX_GPIO_Init
    main.o(i.main) refers to tim.o(i.MX_TIM1_Init) for MX_TIM1_Init
    main.o(i.main) refers to adc.o(i.MX_ADC1_Init) for MX_ADC1_Init
    main.o(i.main) refers to spi.o(i.MX_SPI1_Init) for MX_SPI1_Init
    main.o(i.main) refers to fdcan.o(i.MX_FDCAN1_Init) for MX_FDCAN1_Init
    main.o(i.main) refers to stm32g4xx_hal_adc_ex.o(i.HAL_ADCEx_InjectedStart) for HAL_ADCEx_InjectedStart
    main.o(i.main) refers to stm32g4xx_hal_tim.o(i.HAL_TIM_PWM_Start) for HAL_TIM_PWM_Start
    main.o(i.main) refers to stm32g4xx_hal_tim_ex.o(i.HAL_TIMEx_PWMN_Start) for HAL_TIMEx_PWMN_Start
    main.o(i.main) refers to stm32g4xx_hal_cortex.o(i.HAL_NVIC_SetPriority) for HAL_NVIC_SetPriority
    main.o(i.main) refers to stm32g4xx_hal_cortex.o(i.HAL_NVIC_EnableIRQ) for HAL_NVIC_EnableIRQ
    main.o(i.main) refers to app_freertos.o(i.MX_FREERTOS_Init) for MX_FREERTOS_Init
    main.o(i.main) refers to cmsis_os.o(i.osKernelStart) for osKernelStart
    main.o(i.main) refers to adc.o(.bss) for hadc1
    main.o(i.main) refers to tim.o(.bss) for htim1
    gpio.o(i.MX_GPIO_Init) refers to memseta.o(.text) for __aeabi_memclr4
    gpio.o(i.MX_GPIO_Init) refers to stm32g4xx_hal_gpio.o(i.HAL_GPIO_WritePin) for HAL_GPIO_WritePin
    gpio.o(i.MX_GPIO_Init) refers to stm32g4xx_hal_gpio.o(i.HAL_GPIO_Init) for HAL_GPIO_Init
    app_freertos.o(i.MX_FREERTOS_Init) refers to memcpya.o(.text) for __aeabi_memcpy4
    app_freertos.o(i.MX_FREERTOS_Init) refers to cmsis_os.o(i.osThreadCreate) for osThreadCreate
    app_freertos.o(i.MX_FREERTOS_Init) refers to app_freertos.o(.constdata) for .constdata
    app_freertos.o(i.MX_FREERTOS_Init) refers to app_freertos.o(.data) for .data
    app_freertos.o(i.StartFOC_Task) refers to cmsis_os.o(i.osDelay) for osDelay
    app_freertos.o(i.StartKEY_LED_Task) refers to cmsis_os.o(i.osDelay) for osDelay
    app_freertos.o(.constdata) refers to app_freertos.o(.conststring) for .conststring
    app_freertos.o(.constdata) refers to os_foc_task.o(i.StartKEY_LED_Task) for StartKEY_LED_Task
    app_freertos.o(.constdata) refers to os_foc_task.o(i.StartFOC_Task) for StartFOC_Task
    adc.o(i.HAL_ADC_MspDeInit) refers to stm32g4xx_hal_gpio.o(i.HAL_GPIO_DeInit) for HAL_GPIO_DeInit
    adc.o(i.HAL_ADC_MspInit) refers to memseta.o(.text) for __aeabi_memclr4
    adc.o(i.HAL_ADC_MspInit) refers to stm32g4xx_hal_rcc_ex.o(i.HAL_RCCEx_PeriphCLKConfig) for HAL_RCCEx_PeriphCLKConfig
    adc.o(i.HAL_ADC_MspInit) refers to main.o(i.Error_Handler) for Error_Handler
    adc.o(i.HAL_ADC_MspInit) refers to stm32g4xx_hal_gpio.o(i.HAL_GPIO_Init) for HAL_GPIO_Init
[...]
    .ARM.Collect$$$$0000000F                 0x080001ec   Section        0  entry10a.o(.ARM.Collect$$$$0000000F)
    .ARM.Collect$$$$00000011                 0x080001ec   Section        0  entry11a.o(.ARM.Collect$$$$00000011)
    .ARM.Collect$$$$00002712                 0x080001ec   Section        4  entry2.o(.ARM.Collect$$$$00002712)
    __lit__00000000                          0x080001ec   Data           4  entry2.o(.ARM.Collect$$$$00002712)
    .emb_text                                0x080001f0   Section      190  port.o(.emb_text)
    $v0                                      0x080001f0   Number         0  port.o(.emb_text)
    .text                                    0x080002b0   Section       36  startup_stm32g474xx.o(.text)
    $v0                                      0x080002b0   Number         0  startup_stm32g474xx.o(.text)
    .text                                    0x080002d4   Section        0  memcpya.o(.text)
    .text                                    0x080002f8   Section        0  memseta.o(.text)
    .text                                    0x0800031c   Section        0  f2d.o(.text)
    .text                                    0x08000342   Section        0  d2f.o(.text)
    .text                                    0x0800037a   Section        0  fepilogue.o(.text)
    .text                                    0x0800037a   Section        0  iusefp.o(.text)
    .text                                    0x080003e8   Section       36  init.o(.text)
    [Anonymous Symbol]                       0x0800040c   Section        0  arm_cos_f32.o(.text.arm_cos_f32)
    [Anonymous Symbol]                       0x080004ac   Section        0  arm_sin_f32.o(.text.arm_sin_f32)
    i.ADC_Enable                             0x08000544   Section        0  stm32g4xx_hal_adc.o(i.ADC_Enable)
    i.BusFault_Handler                       0x08000608   Section        0  stm32g4xx_it.o(i.BusFault_Handler)
    i.DebugMon_Handler                       0x0800060a   Section        0  stm32g4xx_it.o(i.DebugMon_Handler)
    i.Error_Handler                          0x0800060c   Section        0  main.o(i.Error_Handler)
    i.FDCAN1_IT0_IRQHandler                  0x08000610   Section        0  stm32g4xx_it.o(i.FDCAN1_IT0_IRQHandler)
    i.HAL_ADCEx_InjectedConfigChannel        0x0800061c   Section        0  stm32g4xx_hal_adc_ex.o(i.HAL_ADCEx_InjectedConfigChannel)
    i.HAL_ADCEx_InjectedStart                0x08000b7c   Section        0  stm32g4xx_hal_adc_ex.o(i.HAL_ADCEx_InjectedStart)
    i.HAL_ADCEx_MultiModeConfigChannel       0x08000c9c   Section        0  stm32g4xx_hal_adc_ex.o(i.HAL_ADCEx_MultiModeConfigChannel)
    i.HAL_ADC_Init                           0x08000dfc   Section        0  stm32g4xx_hal_adc.o(i.HAL_ADC_Init)
    i.HAL_ADC_MspInit                        0x0800102c   Section        0  adc.o(i.HAL_ADC_MspInit)
    i.HAL_FDCAN_ActivateNotification         0x080010a0   Section        0  stm32g4xx_hal_fdcan.o(i.HAL_FDCAN_ActivateNotification)
    i.HAL_FDCAN_ConfigFilter                 0x08001180   Section        0  stm32g4xx_hal_fdcan.o(i.HAL_FDCAN_ConfigFilter)
    i.HAL_FDCAN_ErrorCallback                0x080011dc   Section        0  stm32g4xx_hal_fdcan.o(i.HAL_FDCAN_ErrorCallback)
    i.HAL_FDCAN_ErrorStatusCallback          0x080011de   Section        0  stm32g4xx_hal_fdcan.o(i.HAL_FDCAN_ErrorStatusCallback)
    i.HAL_FDCAN_GetRxMessage                 0x080011e0   Section        0  stm32g4xx_hal_fdcan.o(i.HAL_FDCAN_GetRxMessage)
    i.HAL_FDCAN_HighPriorityMessageCallback  0x080012f4   Section        0  stm32g4xx_hal_fdcan.o(i.HAL_FDCAN_HighPriorityMessageCallback)
    i.HAL_FDCAN_IRQHandler                   0x080012f6   Section        0  stm32g4xx_hal_fdcan.o(i.HAL_FDCAN_IRQHandler)
    i.HAL_FDCAN_Init                         0x0800145c   Section        0  stm32g4xx_hal_fdcan.o(i.HAL_FDCAN_Init)
    i.HAL_FDCAN_MspInit                      0x08001674   Section        0  fdcan.o(i.HAL_FDCAN_MspInit)
    i.HAL_FDCAN_RxFifo0Callback              0x08001704   Section        0  fdcan.o(i.HAL_FDCAN_RxFifo0Callback)
    i.HAL_FDCAN_RxFifo1Callback              0x0800171c   Section        0  stm32g4xx_hal_fdcan.o(i.HAL_FDCAN_RxFifo1Callback)
    i.HAL_FDCAN_Start                        0x0800171e   Section        0  stm32g4xx_hal_fdcan.o(i.HAL_FDCAN_Start)
    i.HAL_FDCAN_TimeoutOccurredCallback      0x0800174a   Section        0  stm32g4xx_hal_fdcan.o(i.HAL_FDCAN_TimeoutOccurredCallback)
    i.HAL_FDCAN_TimestampWraparoundCallback  0x0800174c   Section        0  stm32g4xx_hal_fdcan.o(i.HAL_FDCAN_TimestampWraparoundCallback)
    i.HAL_FDCAN_TxBufferAbortCallback        0x0800174e   Section        0  stm32g4xx_hal_fdcan.o(i.HAL_FDCAN_TxBufferAbortCallback)
    i.HAL_FDCAN_TxBufferCompleteCallback     0x08001750   Section        0  stm32g4xx_hal_fdcan.o(i.HAL_FDCAN_TxBufferCompleteCallback)
    i.HAL_FDCAN_TxEventFifoCallback          0x08001752   Section        0  stm32g4xx_hal_fdcan.o(i.HAL_FDCAN_TxEventFifoCallback)
    i.HAL_FDCAN_TxFifoEmptyCallback          0x08001754   Section        0  stm32g4xx_hal_fdcan.o(i.HAL_FDCAN_TxFifoEmptyCallback)
    i.HAL_GPIO_Init                          0x08001758   Section        0  stm32g4xx_hal_gpio.o(i.HAL_GPIO_Init)
    i.HAL_GPIO_WritePin                      0x080019a0   Section        0  stm32g4xx_hal_gpio.o(i.HAL_GPIO_WritePin)
    i.HAL_GetTick                            0x080019ac   Section        0  stm32g4xx_hal.o(i.HAL_GetTick)
    i.HAL_IncTick                            0x080019b8   Section        0  stm32g4xx_hal.o(i.HAL_IncTick)
    i.HAL_Init                               0x080019c8   Section        0  stm32g4xx_hal.o(i.HAL_Init)
    i.HAL_InitTick                           0x080019e8   Section        0  stm32g4xx_hal_timebase_tim.o(i.HAL_InitTick)
    i.HAL_MspInit                            0x08001a70   Section        0  stm32g4xx_hal_msp.o(i.HAL_MspInit)
    i.HAL_NVIC_EnableIRQ                     0x08001aac   Section        0  stm32g4xx_hal_cortex.o(i.HAL_NVIC_EnableIRQ)
    i.HAL_NVIC_SetPriority                   0x08001ac8   Section        0  stm32g4xx_hal_cortex.o(i.HAL_NVIC_SetPriority)
    i.HAL_NVIC_SetPriorityGrouping           0x08001b08   Section        0  stm32g4xx_hal_cortex.o(i.HAL_NVIC_SetPriorityGrouping)
    i.HAL_PWREx_ControlVoltageScaling        0x08001b2c   Section        0  stm32g4xx_hal_pwr_ex.o(i.HAL_PWREx_ControlVoltageScaling)
    i.HAL_PWREx_DisableUCPDDeadBattery       0x08001be8   Section        0  stm32g4xx_hal_pwr_ex.o(i.HAL_PWREx_DisableUCPDDeadBattery)
    i.HAL_RCCEx_PeriphCLKConfig              0x08001bf8   Section        0  stm32g4xx_hal_rcc_ex.o(i.HAL_RCCEx_PeriphCLKConfig)
    i.HAL_RCC_ClockConfig                    0x08001ef8   Section        0  stm32g4xx_hal_rcc.o(i.HAL_RCC_ClockConfig)
    i.HAL_RCC_GetClockConfig                 0x080020d4   Section        0  stm32g4xx_hal_rcc.o(i.HAL_RCC_GetClockConfig)
    i.HAL_RCC_GetPCLK1Freq                   0x08002114   Section        0  stm32g4xx_hal_rcc.o(i.HAL_RCC_GetPCLK1Freq)
    i.HAL_RCC_GetSysClockFreq                0x08002138   Section        0  stm32g4xx_hal_rcc.o(i.HAL_RCC_GetSysClockFreq)
    i.HAL_RCC_OscConfig                      0x080021a4   Section        0  stm32g4xx_hal_rcc.o(i.HAL_RCC_OscConfig)
    i.HAL_SPI_Init                           0x080025a8   Section        0  stm32g4xx_hal_spi.o(i.HAL_SPI_Init)
    i.HAL_SPI_MspInit                        0x08002694   Section        0  spi.o(i.HAL_SPI_MspInit)
    i.HAL_SPI_TransmitReceive                0x080026f8   Section        0  stm32g4xx_hal_spi.o(i.HAL_SPI_TransmitReceive)
    i.HAL_TIMEx_Break2Callback               0x08002964   Section        0  stm32g4xx_hal_tim_ex.o(i.HAL_TIMEx_Break2Callback)
    i.HAL_TIMEx_BreakCallback                0x08002966   Section        0  stm32g4xx_hal_tim_ex.o(i.HAL_TIMEx_BreakCallback)
    i.HAL_TIMEx_CommutCallback               0x08002968   Section        0  stm32g4xx_hal_tim_ex.o(i.HAL_TIMEx_CommutCallback)
    i.HAL_TIMEx_ConfigBreakDeadTime          0x0800296c   Section        0  stm32g4xx_hal_tim_ex.o(i.HAL_TIMEx_ConfigBreakDeadTime)
    i.HAL_TIMEx_DirectionChangeCallback      0x08002a14   Section        0  stm32g4xx_hal_tim_ex.o(i.HAL_TIMEx_DirectionChangeCallback)
    i.HAL_TIMEx_EncoderIndexCallback         0x08002a16   Section        0  stm32g4xx_hal_tim_ex.o(i.HAL_TIMEx_EncoderIndexCallback)
    i.HAL_TIMEx_IndexErrorCallback           0x08002a18   Section        0  stm32g4xx_hal_tim_ex.o(i.HAL_TIMEx_IndexErrorCallback)
    i.HAL_TIMEx_MasterConfigSynchronization  0x08002a1c   Section        0  stm32g4xx_hal_tim_ex.o(i.HAL_TIMEx_MasterConfigSynchronization)
    i.HAL_TIMEx_PWMN_Start                   0x08002ad4   Section        0  stm32g4xx_hal_tim_ex.o(i.HAL_TIMEx_PWMN_Start)
    i.HAL_TIMEx_TransitionErrorCallback      0x08002ba0   Section        0  stm32g4xx_hal_tim_ex.o(i.HAL_TIMEx_TransitionErrorCallback)
    i.HAL_TIM_Base_Init                      0x08002ba2   Section        0  stm32g4xx_hal_tim.o(i.HAL_TIM_Base_Init)
    i.HAL_TIM_Base_MspInit                   0x08002c04   Section        0  stm32g4xx_hal_tim.o(i.HAL_TIM_Base_MspInit)
    i.HAL_TIM_Base_Start_IT                  0x08002c08   Section        0  stm32g4xx_hal_tim.o(i.HAL_TIM_Base_Start_IT)
    i.HAL_TIM_IC_CaptureCallback             0x08002c94   Section        0  stm32g4xx_hal_tim.o(i.HAL_TIM_IC_CaptureCallback)
    i.HAL_TIM_IRQHandler                     0x08002c96   Section        0  stm32g4xx_hal_tim.o(i.HAL_TIM_IRQHandler)
    i.HAL_TIM_MspPostInit                    0x08002e38   Section        0  tim.o(i.HAL_TIM_MspPostInit)
    i.HAL_TIM_OC_DelayElapsedCallback        0x08002ecc   Section        0  stm32g4xx_hal_tim.o(i.HAL_TIM_OC_DelayElapsedCallback)
    i.HAL_TIM_PWM_ConfigChannel              0x08002ece   Section        0  stm32g4xx_hal_tim.o(i.HAL_TIM_PWM_ConfigChannel)
    i.HAL_TIM_PWM_Init                       0x08002ff2   Section        0  stm32g4xx_hal_tim.o(i.HAL_TIM_PWM_Init)
    i.HAL_TIM_PWM_MspInit                    0x08003054   Section        0  tim.o(i.HAL_TIM_PWM_MspInit)
    i.HAL_TIM_PWM_PulseFinishedCallback      0x08003090   Section        0  stm32g4xx_hal_tim.o(i.HAL_TIM_PWM_PulseFinishedCallback)
    i.HAL_TIM_PWM_Start                      0x08003094   Section        0  stm32g4xx_hal_tim.o(i.HAL_TIM_PWM_Start)
    i.HAL_TIM_PeriodElapsedCallback          0x080031a8   Section        0  main.o(i.HAL_TIM_PeriodElapsedCallback)
    i.HAL_TIM_TriggerCallback                0x080031bc   Section        0  stm32g4xx_hal_tim.o(i.HAL_TIM_TriggerCallback)
    i.HardFault_Handler                      0x080031be   Section        0  stm32g4xx_it.o(i.HardFault_Handler)
    i.LL_ADC_GetOffsetChannel                0x080031c0   Section        0  stm32g4xx_hal_adc_ex.o(i.LL_ADC_GetOffsetChannel)
    LL_ADC_GetOffsetChannel                  0x080031c1   Thumb Code    12  stm32g4xx_hal_adc_ex.o(i.LL_ADC_GetOffsetChannel)
    i.LL_ADC_INJ_IsConversionOngoing         0x080031cc   Section        0  stm32g4xx_hal_adc.o(i.LL_ADC_INJ_IsConversionOngoing)
    LL_ADC_INJ_IsConversionOngoing           0x080031cd   Thumb Code     8  stm32g4xx_hal_adc.o(i.LL_ADC_INJ_IsConversionOngoing)
    i.LL_ADC_INJ_IsConversionOngoing         0x080031d4   Section        0  stm32g4xx_hal_adc_ex.o(i.LL_ADC_INJ_IsConversionOngoing)
    LL_ADC_INJ_IsConversionOngoing           0x080031d5   Thumb Code     8  stm32g4xx_hal_adc_ex.o(i.LL_ADC_INJ_IsConversionOngoing)
    i.LL_ADC_REG_IsConversionOngoing         0x080031dc   Section        0  stm32g4xx_hal_adc.o(i.LL_ADC_REG_IsConversionOngoing)
    LL_ADC_REG_IsConversionOngoing           0x080031dd   Thumb Code     8  stm32g4xx_hal_adc.o(i.LL_ADC_REG_IsConversionOngoing)
    i.LL_ADC_REG_IsConversionOngoing         0x080031e4   Section        0  stm32g4xx_hal_adc_ex.o(i.LL_ADC_REG_IsConversionOngoing)
    LL_ADC_REG_IsConversionOngoing           0x080031e5   Thumb Code     8  stm32g4xx_hal_adc_ex.o(i.LL_ADC_REG_IsConversionOngoing)
    i.LL_ADC_SetChannelSamplingTime          0x080031ec   Section        0  stm32g4xx_hal_adc_ex.o(i.LL_ADC_SetChannelSamplingTime)
    LL_ADC_SetChannelSamplingTime            0x080031ed   Thumb Code    30  stm32g4xx_hal_adc_ex.o(i.LL_ADC_SetChannelSamplingTime)
    i.LL_ADC_SetOffsetState                  0x0800320a   Section        0  stm32g4xx_hal_adc_ex.o(i.LL_ADC_SetOffsetState)
    LL_ADC_SetOffsetState                    0x0800320b   Thumb Code    16  stm32g4xx_hal_adc_ex.o(i.LL_ADC_SetOffsetState)
    i.MX_ADC1_Init                           0x0800321c   Section        0  adc.o(i.MX_ADC1_Init)
    i.MX_FDCAN1_Init                         0x08003300   Section        0  fdcan.o(i.MX_FDCAN1_Init)
    i.MX_FREERTOS_Init                       0x08003374   Section        0  app_freertos.o(i.MX_FREERTOS_Init)
    i.MX_GPIO_Init                           0x080033b0   Section        0  gpio.o(i.MX_GPIO_Init)
    i.MX_SPI1_Init                           0x08003474   Section        0  spi.o(i.MX_SPI1_Init)
    i.MX_TIM1_Init                           0x080034c4   Section        0  tim.o(i.MX_TIM1_Init)
    i.MemManage_Handler                      0x080035a8   Section        0  stm32g4xx_it.o(i.MemManage_Handler)
    i.NMI_Handler                            0x080035aa   Section        0  stm32g4xx_it.o(i.NMI_Handler)
    i.PID_Init                               0x080035ac   Section        0  pid.o(i.PID_Init)
    i.PID_Position                           0x080035e0   Section        0  pid.o(i.PID_Position)
    i.PI_get                                 0x08003706   Section        0  observer.o(i.PI_get)
    i.PI_init                                0x0800370c   Section        0  observer.o(i.PI_init)
    i.PI_run                                 0x0800373c   Section        0  observer.o(i.PI_run)
    i.PI_set                                 0x080037c0   Section        0  observer.o(i.PI_set)
    i.PLL_ESAY_init                          0x080037c8   Section        0  observer.o(i.PLL_ESAY_init)
    i.PLL_ESAY_run                           0x08003800   Section        0  observer.o(i.PLL_ESAY_run)
    i.PLL_ESAY_set                           0x080038d8   Section        0  observer.o(i.PLL_ESAY_set)
    i.SPI_EndRxTxTransaction                 0x080038de   Section        0  stm32g4xx_hal_spi.o(i.SPI_EndRxTxTransaction)
    SPI_EndRxTxTransaction                   0x080038df   Thumb Code    72  stm32g4xx_hal_spi.o(i.SPI_EndRxTxTransaction)
    i.SPI_WaitFifoStateUntilTimeout          0x08003928   Section        0  stm32g4xx_hal_spi.o(i.SPI_WaitFifoStateUntilTimeout)
    SPI_WaitFifoStateUntilTimeout            0x08003929   Thumb Code   218  stm32g4xx_hal_spi.o(i.SPI_WaitFifoStateUntilTimeout)
    i.SPI_WaitFlagStateUntilTimeout          0x08003a08   Section        0  stm32g4xx_hal_spi.o(i.SPI_WaitFlagStateUntilTimeout)
    SPI_WaitFlagStateUntilTimeout            0x08003a09   Thumb Code   180  stm32g4xx_hal_spi.o(i.SPI_WaitFlagStateUntilTimeout)
    i.StartFOC_Task                          0x08003ac0   Section        0  os_foc_task.o(i.StartFOC_Task)
    i.StartKEY_LED_Task                      0x08003c44   Section        0  os_foc_task.o(i.StartKEY_LED_Task)
    i.SysTick_Handler                        0x08003c4c   Section        0  port.o(i.SysTick_Handler)
    i.SystemClock_Config                     0x08003c78   Section        0  main.o(i.SystemClock_Config)
    i.SystemInit                             0x08003cdc   Section        0  system_stm32g4xx.o(i.SystemInit)
    i.TIM1_UP_TIM16_IRQHandler               0x08003cec   Section        0  stm32g4xx_it.o(i.TIM1_UP_TIM16_IRQHandler)
    i.TIM6_DAC_IRQHandler                    0x08003d00   Section        0  stm32g4xx_it.o(i.TIM6_DAC_IRQHandler)
    i.TIM_Base_SetConfig                     0x08003d0c   Section        0  stm32g4xx_hal_tim.o(i.TIM_Base_SetConfig)
    i.TIM_CCxChannelCmd                      0x08003df0   Section        0  stm32g4xx_hal_tim.o(i.TIM_CCxChannelCmd)
    i.TIM_CCxNChannelCmd                     0x08003e0a   Section        0  stm32g4xx_hal_tim_ex.o(i.TIM_CCxNChannelCmd)
    TIM_CCxNChannelCmd                       0x08003e0b   Thumb Code    26  stm32g4xx_hal_tim_ex.o(i.TIM_CCxNChannelCmd)
    i.TIM_OC1_SetConfig                      0x08003e24   Section        0  stm32g4xx_hal_tim.o(i.TIM_OC1_SetConfig)
    TIM_OC1_SetConfig                        0x08003e25   Thumb Code   144  stm32g4xx_hal_tim.o(i.TIM_OC1_SetConfig)
    i.TIM_OC2_SetConfig                      0x08003ed0   Section        0  stm32g4xx_hal_tim.o(i.TIM_OC2_SetConfig)
    i.TIM_OC3_SetConfig                      0x08003f70   Section        0  stm32g4xx_hal_tim.o(i.TIM_OC3_SetConfig)
    TIM_OC3_SetConfig                        0x08003f71   Thumb Code   130  stm32g4xx_hal_tim.o(i.TIM_OC3_SetConfig)
    i.TIM_OC4_SetConfig                      0x08004010   Section        0  stm32g4xx_hal_tim.o(i.TIM_OC4_SetConfig)
    TIM_OC4_SetConfig                        0x08004011   Thumb Code   132  stm32g4xx_hal_tim.o(i.TIM_OC4_SetConfig)
    i.TIM_OC5_SetConfig                      0x080040b0   Section        0  stm32g4xx_hal_tim.o(i.TIM_OC5_SetConfig)
    TIM_OC5_SetConfig                        0x080040b1   Thumb Code    92  stm32g4xx_hal_tim.o(i.TIM_OC5_SetConfig)
    i.TIM_OC6_SetConfig                      0x08004128   Section        0  stm32g4xx_hal_tim.o(i.TIM_OC6_SetConfig)
    TIM_OC6_SetConfig                        0x08004129   Thumb Code    94  stm32g4xx_hal_tim.o(i.TIM_OC6_SetConfig)
    i.UsageFault_Handler                     0x080041a4   Section        0  stm32g4xx_it.o(i.UsageFault_Handler)
    i.__NVIC_SetPriority                     0x080041a6   Section        0  stm32g4xx_hal_cortex.o(i.__NVIC_SetPriority)
    __NVIC_SetPriority                       0x080041a7   Thumb Code    32  stm32g4xx_hal_cortex.o(i.__NVIC_SetPriority)
    i.__scatterload_copy                     0x080041c6   Section       14  handlers.o(i.__scatterload_copy)
    i.__scatterload_null                     0x080041d4   Section        2  handlers.o(i.__scatterload_null)
    i.__scatterload_zeroinit                 0x080041d6   Section       14  handlers.o(i.__scatterload_zeroinit)
    i.clarke_transform                       0x080041e4   Section        0  foc_use.o(i.clarke_transform)
    i.foc_task                               0x0800420c   Section        0  foc_i.o(i.foc_task)
    i.inverse_park                           0x080043e8   Section        0  foc_use.o(i.inverse_park)
    i.main                                   0x08004414   Section        0  main.o(i.main)
    i.makeFreeRtosPriority                   0x080044c0   Section        0  cmsis_os.o(i.makeFreeRtosPriority)
    makeFreeRtosPriority                     0x080044c1   Thumb Code    12  cmsis_os.o(i.makeFreeRtosPriority)
    i.osDelay                                0x080044cc   Section        0  cmsis_os.o(i.osDelay)
    i.osKernelStart                          0x080044da   Section        0  cmsis_os.o(i.osKernelStart)
    i.osThreadCreate                         0x080044e4   Section        0  cmsis_os.o(i.osThreadCreate)
    i.park_transform                         0x08004512   Section        0  foc_use.o(i.park_transform)
    i.prvAddCurrentTaskToDelayedList         0x0800453c   Section        0  tasks.o(i.prvAddCurrentTaskToDelayedList)
    prvAddCurrentTaskToDelayedList           0x0800453d   Thumb Code   102  tasks.o(i.prvAddCurrentTaskToDelayedList)
    i.prvAddNewTaskToReadyList               0x080045ac   Section        0  tasks.o(i.prvAddNewTaskToReadyList)
    prvAddNewTaskToReadyList                 0x080045ad   Thumb Code   194  tasks.o(i.prvAddNewTaskToReadyList)
    i.prvDeleteTCB                           0x0800467c   Section        0  tasks.o(i.prvDeleteTCB)
    prvDeleteTCB                             0x0800467d   Thumb Code    20  tasks.o(i.prvDeleteTCB)
    i.prvHeapInit                            0x08004690   Section        0  heap_4.o(i.prvHeapInit)
    prvHeapInit                              0x08004691   Thumb Code    66  heap_4.o(i.prvHeapInit)
    i.prvIdleTask                            0x080046dc   Section        0  tasks.o(i.prvIdleTask)
    prvIdleTask                              0x080046dd   Thumb Code    82  tasks.o(i.prvIdleTask)
    i.prvInitialiseNewTask                   0x0800473c   Section        0  tasks.o(i.prvInitialiseNewTask)
    prvInitialiseNewTask                     0x0800473d   Thumb Code   152  tasks.o(i.prvInitialiseNewTask)
    i.prvInsertBlockIntoFreeList             0x080047d4   Section        0  heap_4.o(i.prvInsertBlockIntoFreeList)
    prvInsertBlockIntoFreeList               0x080047d5   Thumb Code    72  heap_4.o(i.prvInsertBlockIntoFreeList)
    i.prvResetNextTaskUnblockTime            0x08004820   Section        0  tasks.o(i.prvResetNextTaskUnblockTime)
    prvResetNextTaskUnblockTime              0x08004821   Thumb Code    26  tasks.o(i.prvResetNextTaskUnblockTime)
    i.prvTaskExitError                       0x08004840   Section        0  port.o(i.prvTaskExitError)
    prvTaskExitError                         0x08004841   Thumb Code    36  port.o(i.prvTaskExitError)
    i.pvPortMalloc                           0x08004868   Section        0  heap_4.o(i.pvPortMalloc)
    i.pxPortInitialiseStack                  0x08004944   Section        0  port.o(i.pxPortInitialiseStack)
    i.read_g_MT6835                          0x08004970   Section        0  encoder.o(i.read_g_MT6835)
    i.read_mt6835_data                       0x080049e4   Section        0  encoder.o(i.read_mt6835_data)
    i.sin_cos_val                            0x08004a54   Section        0  foc_use.o(i.sin_cos_val)
    i.svpwm_midpoint                         0x08004a74   Section        0  foc_use.o(i.svpwm_midpoint)
    i.utils_norm_angle_rad                   0x08004b3c   Section        0  observer.o(i.utils_norm_angle_rad)
    i.uxListRemove                           0x08004b7c   Section        0  list.o(i.uxListRemove)
    i.vListInitialise                        0x08004ba2   Section        0  list.o(i.vListInitialise)
    i.vListInitialiseItem                    0x08004bb8   Section        0  list.o(i.vListInitialiseItem)
    i.vListInsert                            0x08004bbe   Section        0  list.o(i.vListInsert)
    i.vListInsertEnd                         0x08004bee   Section        0  list.o(i.vListInsertEnd)
    i.vPortEnterCritical                     0x08004c08   Section        0  port.o(i.vPortEnterCritical)
    i.vPortExitCritical                      0x08004c48   Section        0  port.o(i.vPortExitCritical)
    i.vPortFree                              0x08004c70   Section        0  heap_4.o(i.vPortFree)
    i.vPortSetupTimerInterrupt               0x08004cd4   Section        0  port.o(i.vPortSetupTimerInterrupt)
    i.vTaskDelay                             0x08004cf8   Section        0  tasks.o(i.vTaskDelay)
    i.vTaskDelayUntil                        0x08004d44   Section        0  tasks.o(i.vTaskDelayUntil)
    i.vTaskStartScheduler                    0x08004dd0   Section        0  tasks.o(i.vTaskStartScheduler)
    i.vTaskSuspendAll                        0x08004e38   Section        0  tasks.o(i.vTaskSuspendAll)
    i.vTaskSwitchContext                     0x08004e48   Section        0  tasks.o(i.vTaskSwitchContext)
    i.xPortStartScheduler                    0x08004ea4   Section        0  port.o(i.xPortStartScheduler)
    i.xTaskCreate                            0x08004f98   Section        0  tasks.o(i.xTaskCreate)
    i.xTaskGetTickCount                      0x08004ff0   Section        0  tasks.o(i.xTaskGetTickCount)
    i.xTaskIncrementTick                     0x08004ffc   Section        0  tasks.o(i.xTaskIncrementTick)
    i.xTaskResumeAll                         0x080050c8   Section        0  tasks.o(i.xTaskResumeAll)
    .constdata                               0x0800518c   Section       40  app_freertos.o(.constdata)
    .constdata                               0x080051b4   Section       16  stm32g4xx_hal_fdcan.o(.constdata)
    DLCtoBytes                               0x080051b4   Data          16  stm32g4xx_hal_fdcan.o(.constdata)
    .constdata                               0x080051c4   Section       16  system_stm32g4xx.o(.constdata)
    .constdata                               0x080051d4   Section        8  system_stm32g4xx.o(.constdata)
    .conststring                             0x080051dc   Section       25  app_freertos.o(.conststring)
    .data                                    0x20000000   Section        8  app_freertos.o(.data)
    .data                                    0x20000008   Section        8  fdcan.o(.data)
    .data                                    0x20000010   Section       12  stm32g4xx_hal.o(.data)
    .data                                    0x2000001c   Section        4  system_stm32g4xx.o(.data)
    .data                                    0x20000020   Section       60  tasks.o(.data)
    uxDeletedTasksWaitingCleanUp             0x20000024   Data           4  tasks.o(.data)
    uxCurrentNumberOfTasks                   0x20000028   Data           4  tasks.o(.data)
    xTickCount                               0x2000002c   Data           4  tasks.o(.data)
    uxTopReadyPriority                       0x20000030   Data           4  tasks.o(.data)
    xSchedulerRunning                        0x20000034   Data           4  tasks.o(.data)
    xPendedTicks                             0x20000038   Data           4  tasks.o(.data)
    xYieldPending                            0x2000003c   Data           4  tasks.o(.data)
    xNumOfOverflows                          0x20000040   Data           4  tasks.o(.data)
    uxTaskNumber                             0x20000044   Data           4  tasks.o(.data)
    xNextTaskUnblockTime                     0x20000048   Data           4  tasks.o(.data)
    xIdleTaskHandle                          0x2000004c   Data           4  tasks.o(.data)
    uxSchedulerSuspended                     0x20000050   Data           4  tasks.o(.data)
    pxDelayedTaskList                        0x20000054   Data           4  tasks.o(.data)
    pxOverflowDelayedTaskList                0x20000058   Data           4  tasks.o(.data)
    .data                                    0x2000005c   Section       32  heap_4.o(.data)
    pxEnd                                    0x2000005c   Data           4  heap_4.o(.data)
    xFreeBytesRemaining                      0x20000060   Data           4  heap_4.o(.data)
    xMinimumEverFreeBytesRemaining           0x20000064   Data           4  heap_4.o(.data)
    xNumberOfSuccessfulAllocations           0x20000068   Data           4  heap_4.o(.data)
    xNumberOfSuccessfulFrees                 0x2000006c   Data           4  heap_4.o(.data)
    xBlockAllocatedBit                       0x20000070   Data           4  heap_4.o(.data)
    xStart                                   0x20000074   Data           8  heap_4.o(.data)
    .data                                    0x2000007c   Section       12  port.o(.data)
    ucMaxSysCallPriority                     0x2000007c   Data           1  port.o(.data)
    uxCriticalNesting                        0x20000080   Data           4  port.o(.data)
    ulMaxPRIGROUPValue                       0x20000084   Data           4  port.o(.data)
    .data                                    0x20000088   Section       24  foc_i.o(.data)
    .data                                    0x200000a0   Section        4  os_foc_task.o(.data)
    .bss                                     0x200000a4   Section      108  adc.o(.bss)
    .bss                                     0x20000110   Section      176  fdcan.o(.bss)
    .bss                                     0x200001c0   Section      100  spi.o(.bss)
    .bss                                     0x20000224   Section       76  tim.o(.bss)
    .bss                                     0x20000270   Section       76  stm32g4xx_hal_timebase_tim.o(.bss)
    .bss                                     0x200002bc   Section      240  tasks.o(.bss)
    pxReadyTasksLists                        0x200002bc   Data         140  tasks.o(.bss)
    xDelayedTaskList1                        0x20000348   Data          20  tasks.o(.bss)
    xDelayedTaskList2                        0x2000035c   Data          20  tasks.o(.bss)
    xPendingReadyList                        0x20000370   Data          20  tasks.o(.bss)
    xTasksWaitingTermination                 0x20000384   Data          20  tasks.o(.bss)
    xSuspendedTaskList                       0x20000398   Data          20  tasks.o(.bss)
    .bss                                     0x200003ac   Section     3072  heap_4.o(.bss)
    ucHeap                                   0x200003ac   Data        3072  heap_4.o(.bss)
    .bss                                     0x20000fac   Section      184  foc_i.o(.bss)
    .bss                                     0x20001064   Section      140  os_foc_task.o(.bss)
    STACK                                    0x200010f0   Section     2048  startup_stm32g474xx.o(STACK)

    Global Symbols

    Symbol Name                              Value     Ov Type        Size  Object(Section)

    BuildAttributes$$THM_ISAv4$E$P$D$K$B$S$7EM$VFPi3$EXTD16$VFPS$VFMA$PE$A:L22UL41UL21$X:L11$S22US41US21$IEEE1$IW$USESV6$~STKCKD$USESV7$~SHL$OTIME$ROPI$IEEEX$EBA8$MICROLIB$REQ8$PRES8$EABIv2 0x00000000   Number         0  anon$$obj.o ABSOLUTE
    __ARM_use_no_argv                        0x00000000   Number         0  main.o ABSOLUTE
    __arm_fini_                               - Undefined Weak Reference
    __cpp_initialize__aeabi_                  - Undefined Weak Reference
    __cxa_finalize                            - Undefined Weak Reference
    __decompress                              - Undefined Weak Reference
    _clock_init                               - Undefined Weak Reference
    _microlib_exit                            - Undefined Weak Reference
    __Vectors_Size                           0x000001d8   Number         0  startup_stm32g474xx.o ABSOLUTE
    __Vectors                                0x08000000   Data           4  startup_stm32g474xx.o(RESET)
    __Vectors_End                            0x080001d8   Data           0  startup_stm32g474xx.o(RESET)
    __main                                   0x080001d9   Thumb Code     0  entry.o(.ARM.Collect$$$$00000000)
    _main_stk                                0x080001d9   Thumb Code     0  entry2.o(.ARM.Collect$$$$00000001)
    _main_scatterload                        0x080001dd   Thumb Code     0  entry5.o(.ARM.Collect$$$$00000004)
    __main_after_scatterload                 0x080001e1   Thumb Code     0  entry5.o(.ARM.Collect$$$$00000004)
    _main_clock                              0x080001e1   Thumb Code     0  entry7b.o(.ARM.Collect$$$$00000008)
    _main_cpp_init                           0x080001e1   Thumb Code     0  entry8b.o(.ARM.Collect$$$$0000000A)
    _main_init                               0x080001e1   Thumb Code     0  entry9a.o(.ARM.Collect$$$$0000000B)
    __rt_lib_shutdown_fini                   0x080001e9   Thumb Code     0  entry12b.o(.ARM.Collect$$$$0000000E)
    __rt_final_cpp                           0x080001ed   Thumb Code     0  entry10a.o(.ARM.Collect$$$$0000000F)
    __rt_final_exit                          0x080001ed   Thumb Code     0  entry11a.o(.ARM.Collect$$$$00000011)
    SVC_Handler                              0x080001f1   Thumb Code    28  port.o(.emb_text)
    __asm___6_port_c_39a90d8d__prvStartFirstTask 0x08000211   Thumb Code    36  port.o(.emb_text)
    __asm___6_port_c_39a90d8d__prvEnableVFP  0x08000239   Thumb Code    16  port.o(.emb_text)
    PendSV_Handler                           0x0800024d   Thumb Code    88  port.o(.emb_text)
    vPortGetIPSR                             0x080002a9   Thumb Code     6  port.o(.emb_text)
    Reset_Handler                            0x080002b1   Thumb Code     8  startup_stm32g474xx.o(.text)
    ADC1_2_IRQHandler                        0x080002cb   Thumb Code     0  startup_stm32g474xx.o(.text)
    ADC3_IRQHandler                          0x080002cb   Thumb Code     0  startup_stm32g474xx.o(.text)
    ADC4_IRQHandler                          0x080002cb   Thumb Code     0  startup_stm32g474xx.o(.text)
    ADC5_IRQHandler                          0x080002cb   Thumb Code     0  startup_stm32g474xx.o(.text)
    COMP1_2_3_IRQHandler                     0x080002cb   Thumb Code     0  startup_stm32g474xx.o(.text)
    COMP4_5_6_IRQHandler                     0x080002cb   Thumb Code     0  startup_stm32g474xx.o(.text)
    COMP7_IRQHandler                         0x080002cb   Thumb Code     0  startup_stm32g474xx.o(.text)
    CORDIC_IRQHandler                        0x080002cb   Thumb Code     0  startup_stm32g474xx.o(.text)
    CRS_IRQHandler                           0x080002cb   Thumb Code     0  startup_stm32g474xx.o(.text)
    DMA1_Channel1_IRQHandler                 0x080002cb   Thumb Code     0  startup_stm32g474xx.o(.text)
    DMA1_Channel2_IRQHandler                 0x080002cb   Thumb Code     0  startup_stm32g474xx.o(.text)
    DMA1_Channel3_IRQHandler                 0x080002cb   Thumb Code     0  startup_stm32g474xx.o(.text)
    DMA1_Channel4_IRQHandler                 0x080002cb   Thumb Code     0  startup_stm32g474xx.o(.text)
    DMA1_Channel5_IRQHandler                 0x080002cb   Thumb Code     0  startup_stm32g474xx.o(.text)
    DMA1_Channel6_IRQHandler                 0x080002cb   Thumb Code     0  startup_stm32g474xx.o(.text)
    DMA1_Channel7_IRQHandler                 0x080002cb   Thumb Code     0  startup_stm32g474xx.o(.text)
    DMA1_Channel8_IRQHandler                 0x080002cb   Thumb Code     0  startup_stm32g474xx.o(.text)
    DMA2_Channel1_IRQHandler                 0x080002cb   Thumb Code     0  startup_stm32g474xx.o(.text)
    DMA2_Channel2_IRQHandler                 0x080002cb   Thumb Code     0  startup_stm32g474xx.o(.text)
    DMA2_Channel3_IRQHandler                 0x080002cb   Thumb Code     0  startup_stm32g474xx.o(.text)
    DMA2_Channel4_IRQHandler                 0x080002cb   Thumb Code     0  startup_stm32g474xx.o(.text)
    DMA2_Channel5_IRQHandler                 0x080002cb   Thumb Code     0  startup_stm32g474xx.o(.text)
    DMA2_Channel6_IRQHandler                 0x080002cb   Thumb Code     0  startup_stm32g474xx.o(.text)
    DMA2_Channel7_IRQHandler                 0x080002cb   Thumb Code     0  startup_stm32g474xx.o(.text)
    DMA2_Channel8_IRQHandler                 0x080002cb   Thumb Code     0  startup_stm32g474xx.o(.text)
    DMAMUX_OVR_IRQHandler                    0x080002cb   Thumb Code     0  startup_stm32g474xx.o(.text)
    EXTI0_IRQHandler                         0x080002cb   Thumb Code     0  startup_stm32g474xx.o(.text)
    EXTI15_10_IRQHandler                     0x080002cb   Thumb Code     0  startup_stm32g474xx.o(.text)
    EXTI1_IRQHandler                         0x080002cb   Thumb Code     0  startup_stm32g474xx.o(.text)
    EXTI2_IRQHandler                         0x080002cb   Thumb Code     0  startup_stm32g474xx.o(.text)
    EXTI3_IRQHandler                         0x080002cb   Thumb Code     0  startup_stm32g474xx.o(.text)
    EXTI4_IRQHandler                         0x080002cb   Thumb Code     0  startup_stm32g474xx.o(.text)
    EXTI9_5_IRQHandler                       0x080002cb   Thumb Code     0  startup_stm32g474xx.o(.text)
    FDCAN1_IT1_IRQHandler                    0x080002cb   Thumb Code     0  startup_stm32g474xx.o(.text)
    FDCAN2_IT0_IRQHandler                    0x080002cb   Thumb Code     0  startup_stm32g474xx.o(.text)
    FDCAN2_IT1_IRQHandler                    0x080002cb   Thumb Code     0  startup_stm32g474xx.o(.text)
    FDCAN3_IT0_IRQHandler                    0x080002cb   Thumb Code     0  startup_stm32g474xx.o(.text)
    FDCAN3_IT1_IRQHandler                    0x080002cb   Thumb Code     0  startup_stm32g474xx.o(.text)
    FLASH_IRQHandler                         0x080002cb   Thumb Code     0  startup_stm32g474xx.o(.text)
    FMAC_IRQHandler                          0x080002cb   Thumb Code     0  startup_stm32g474xx.o(.text)
    FMC_IRQHandler                           0x080002cb   Thumb Code     0  startup_stm32g474xx.o(.text)
    FPU_IRQHandler                           0x080002cb   Thumb Code     0  startup_stm32g474xx.o(.text)
    HRTIM1_FLT_IRQHandler                    0x080002cb   Thumb Code     0  startup_stm32g474xx.o(.text)
    HRTIM1_Master_IRQHandler                 0x080002cb   Thumb Code     0  startup_stm32g474xx.o(.text)
    HRTIM1_TIMA_IRQHandler                   0x080002cb   Thumb Code     0  startup_stm32g474xx.o(.text)
    HRTIM1_TIMB_IRQHandler                   0x080002cb   Thumb Code     0  startup_stm32g474xx.o(.text)
    HRTIM1_TIMC_IRQHandler                   0x080002cb   Thumb Code     0  startup_stm32g474xx.o(.text)
    HRTIM1_TIMD_IRQHandler                   0x080002cb   Thumb Code     0  startup_stm32g474xx.o(.text)
    HRTIM1_TIME_IRQHandler                   0x080002cb   Thumb Code     0  startup_stm32g474xx.o(.text)
    HRTIM1_TIMF_IRQHandler                   0x080002cb   Thumb Code     0  startup_stm32g474xx.o(.text)
    I2C1_ER_IRQHandler                       0x080002cb   Thumb Code     0  startup_stm32g474xx.o(.text)
    I2C1_EV_IRQHandler                       0x080002cb   Thumb Code     0  startup_stm32g474xx.o(.text)
    I2C2_ER_IRQHandler                       0x080002cb   Thumb Code     0  startup_stm32g474xx.o(.text)
    I2C2_EV_IRQHandler                       0x080002cb   Thumb Code     0  startup_stm32g474xx.o(.text)
    I2C3_ER_IRQHandler                       0x080002cb   Thumb Code     0  startup_stm32g474xx.o(.text)
    I2C3_EV_IRQHandler                       0x080002cb   Thumb Code     0  startup_stm32g474xx.o(.text)
    I2C4_ER_IRQHandler                       0x080002cb   Thumb Code     0  startup_stm32g474xx.o(.text)
    I2C4_EV_IRQHandler                       0x080002cb   Thumb Code     0  startup_stm32g474xx.o(.text)
    LPTIM1_IRQHandler                        0x080002cb   Thumb Code     0  startup_stm32g474xx.o(.text)
    LPUART1_IRQHandler                       0x080002cb   Thumb Code     0  startup_stm32g474xx.o(.text)
    PVD_PVM_IRQHandler                       0x080002cb   Thumb Code     0  startup_stm32g474xx.o(.text)
    QUADSPI_IRQHandler                       0x080002cb   Thumb Code     0  startup_stm32g474xx.o(.text)
    RCC_IRQHandler                           0x080002cb   Thumb Code     0  startup_stm32g474xx.o(.text)
    RNG_IRQHandler                           0x080002cb   Thumb Code     0  startup_stm32g474xx.o(.text)
    RTC_Alarm_IRQHandler                     0x080002cb   Thumb Code     0  startup_stm32g474xx.o(.text)
    RTC_TAMP_LSECSS_IRQHandler               0x080002cb   Thumb Code     0  startup_stm32g474xx.o(.text)
    RTC_WKUP_IRQHandler                      0x080002cb   Thumb Code     0  startup_stm32g474xx.o(.text)
    SAI1_IRQHandler                          0x080002cb   Thumb Code     0  startup_stm32g474xx.o(.text)
    SPI1_IRQHandler                          0x080002cb   Thumb Code     0  startup_stm32g474xx.o(.text)
    SPI2_IRQHandler                          0x080002cb   Thumb Code     0  startup_stm32g474xx.o(.text)
    SPI3_IRQHandler                          0x080002cb   Thumb Code     0  startup_stm32g474xx.o(.text)
    SPI4_IRQHandler                          0x080002cb   Thumb Code     0  startup_stm32g474xx.o(.text)
    TIM1_BRK_TIM15_IRQHandler                0x080002cb   Thumb Code     0  startup_stm32g474xx.o(.text)
    TIM1_CC_IRQHandler                       0x080002cb   Thumb Code     0  startup_stm32g474xx.o(.text)
    TIM1_TRG_COM_TIM17_IRQHandler            0x080002cb   Thumb Code     0  startup_stm32g474xx.o(.text)
    TIM20_BRK_IRQHandler                     0x080002cb   Thumb Code     0  startup_stm32g474xx.o(.text)
    TIM20_CC_IRQHandler                      0x080002cb   Thumb Code     0  startup_stm32g474xx.o(.text)
    TIM20_TRG_COM_IRQHandler                 0x080002cb   Thumb Code     0  startup_stm32g474xx.o(.text)
    TIM20_UP_IRQHandler                      0x080002cb   Thumb Code     0  startup_stm32g474xx.o(.text)
    TIM2_IRQHandler                          0x080002cb   Thumb Code     0  startup_stm32g474xx.o(.text)
    TIM3_IRQHandler                          0x080002cb   Thumb Code     0  startup_stm32g474xx.o(.text)
    TIM4_IRQHandler                          0x080002cb   Thumb Code     0  startup_stm32g474xx.o(.text)
    TIM5_IRQHandler                          0x080002cb   Thumb Code     0  startup_stm32g474xx.o(.text)
    TIM7_DAC_IRQHandler                      0x080002cb   Thumb Code     0  startup_stm32g474xx.o(.text)
    TIM8_BRK_IRQHandler                      0x080002cb   Thumb Code     0  startup_stm32g474xx.o(.text)
    TIM8_CC_IRQHandler                       0x080002cb   Thumb Code     0  startup_stm32g474xx.o(.text)
    TIM8_TRG_COM_IRQHandler                  0x080002cb   Thumb Code     0  startup_stm32g474xx.o(.text)
    TIM8_UP_IRQHandler                       0x080002cb   Thumb Code     0  startup_stm32g474xx.o(.text)
    UART4_IRQHandler                         0x080002cb   Thumb Code     0  startup_stm32g474xx.o(.text)
    UART5_IRQHandler                         0x080002cb   Thumb Code     0  startup_stm32g474xx.o(.text)
    UCPD1_IRQHandler                         0x080002cb   Thumb Code     0  startup_stm32g474xx.o(.text)
    USART1_IRQHandler                        0x080002cb   Thumb Code     0  startup_stm32g474xx.o(.text)
    USART2_IRQHandler                        0x080002cb   Thumb Code     0  startup_stm32g474xx.o(.text)
    USART3_IRQHandler                        0x080002cb   Thumb Code     0  startup_stm32g474xx.o(.text)
    USBWakeUp_IRQHandler                     0x080002cb   Thumb Code     0  startup_stm32g474xx.o(.text)
    USB_HP_IRQHandler                        0x080002cb   Thumb Code     0  startup_stm32g474xx.o(.text)
    USB_LP_IRQHandler                        0x080002cb   Thumb Code     0  startup_stm32g474xx.o(.text)
    WWDG_IRQHandler                          0x080002cb   Thumb Code     0  startup_stm32g474xx.o(.text)
    __aeabi_memcpy                           0x080002d5   Thumb Code    36  memcpya.o(.text)
    __aeabi_memcpy4                          0x080002d5   Thumb Code     0  memcpya.o(.text)
    __aeabi_memcpy8                          0x080002d5   Thumb Code     0  memcpya.o(.text)
    __aeabi_memset                           0x080002f9   Thumb Code    14  memseta.o(.text)
    __aeabi_memset4                          0x080002f9   Thumb Code     0  memseta.o(.text)
    __aeabi_memset8                          0x080002f9   Thumb Code     0  memseta.o(.text)
    __aeabi_memclr                           0x08000307   Thumb Code     4  memseta.o(.text)
    __aeabi_memclr4                          0x08000307   Thumb Code     0  memseta.o(.text)
    __aeabi_memclr8                          0x08000307   Thumb Code     0  memseta.o(.text)
    memset                                   0x0800030b   Thumb Code    18  memseta.o(.text)
    __aeabi_f2d                              0x0800031d   Thumb Code    38  f2d.o(.text)
    __aeabi_d2f                              0x08000343   Thumb Code    56  d2f.o(.text)
    __I$use$fp                               0x0800037b   Thumb Code     0  iusefp.o(.text)
    _float_round                             0x0800037b   Thumb Code    18  fepilogue.o(.text)
    _float_epilogue                          0x0800038d   Thumb Code    92  fepilogue.o(.text)
    __scatterload                            0x080003e9   Thumb Code    28  init.o(.text)
    __scatterload_rt2                        0x080003e9   Thumb Code     0  init.o(.text)
    arm_cos_f32                              0x0800040d   Thumb Code   160  arm_cos_f32.o(.text.arm_cos_f32)
    arm_sin_f32                              0x080004ad   Thumb Code   152  arm_sin_f32.o(.text.arm_sin_f32)
    ADC_Enable                               0x08000545   Thumb Code   172  stm32g4xx_hal_adc.o(i.ADC_Enable)
    BusFault_Handler                         0x08000609   Thumb Code     2  stm32g4xx_it.o(i.BusFault_Handler)
    DebugMon_Handler                         0x0800060b   Thumb Code     2  stm32g4xx_it.o(i.DebugMon_Handler)
    Error_Handler                            0x0800060d   Thumb Code     4  main.o(i.Error_Handler)
    FDCAN1_IT0_IRQHandler                    0x08000611   Thumb Code     6  stm32g4xx_it.o(i.FDCAN1_IT0_IRQHandler)
    HAL_ADCEx_InjectedConfigChannel          0x0800061d   Thumb Code  1324  stm32g4xx_hal_adc_ex.o(i.HAL_ADCEx_InjectedConfigChannel)
    HAL_ADCEx_InjectedStart                  0x08000b7d   Thumb Code   262  stm32g4xx_hal_adc_ex.o(i.HAL_ADCEx_InjectedStart)
    HAL_ADCEx_MultiModeConfigChannel         0x08000c9d   Thumb Code   326  stm32g4xx_hal_adc_ex.o(i.HAL_ADCEx_MultiModeConfigChannel)
    HAL_ADC_Init                             0x08000dfd   Thumb Code   510  stm32g4xx_hal_adc.o(i.HAL_ADC_Init)
    HAL_ADC_MspInit                          0x0800102d   Thumb Code   112  adc.o(i.HAL_ADC_MspInit)
    HAL_FDCAN_ActivateNotification           0x080010a1   Thumb Code   224  stm32g4xx_hal_fdcan.o(i.HAL_FDCAN_ActivateNotification)
    HAL_FDCAN_ConfigFilter                   0x08001181   Thumb Code    92  stm32g4xx_hal_fdcan.o(i.HAL_FDCAN_ConfigFilter)
    HAL_FDCAN_ErrorCallback                  0x080011dd   Thumb Code     2  stm32g4xx_hal_fdcan.o(i.HAL_FDCAN_ErrorCallback)
    HAL_FDCAN_ErrorStatusCallback            0x080011df   Thumb Code     2  stm32g4xx_hal_fdcan.o(i.HAL_FDCAN_ErrorStatusCallback)
    HAL_FDCAN_GetRxMessage                   0x080011e1   Thumb Code   270  stm32g4xx_hal_fdcan.o(i.HAL_FDCAN_GetRxMessage)
    HAL_FDCAN_HighPriorityMessageCallback    0x080012f5   Thumb Code     2  stm32g4xx_hal_fdcan.o(i.HAL_FDCAN_HighPriorityMessageCallback)
    HAL_FDCAN_IRQHandler                     0x080012f7   Thumb Code   356  stm32g4xx_hal_fdcan.o(i.HAL_FDCAN_IRQHandler)
    HAL_FDCAN_Init                           0x0800145d   Thumb Code   512  stm32g4xx_hal_fdcan.o(i.HAL_FDCAN_Init)
    HAL_FDCAN_MspInit                        0x08001675   Thumb Code   132  fdcan.o(i.HAL_FDCAN_MspInit)
    HAL_FDCAN_RxFifo0Callback                0x08001705   Thumb Code    16  fdcan.o(i.HAL_FDCAN_RxFifo0Callback)
    HAL_FDCAN_RxFifo1Callback                0x0800171d   Thumb Code     2  stm32g4xx_hal_fdcan.o(i.HAL_FDCAN_RxFifo1Callback)
    HAL_FDCAN_Start                          0x0800171f   Thumb Code    44  stm32g4xx_hal_fdcan.o(i.HAL_FDCAN_Start)
    HAL_FDCAN_TimeoutOccurredCallback        0x0800174b   Thumb Code     2  stm32g4xx_hal_fdcan.o(i.HAL_FDCAN_TimeoutOccurredCallback)
    HAL_FDCAN_TimestampWraparoundCallback    0x0800174d   Thumb Code     2  stm32g4xx_hal_fdcan.o(i.HAL_FDCAN_TimestampWraparoundCallback)
    HAL_FDCAN_TxBufferAbortCallback          0x0800174f   Thumb Code     2  stm32g4xx_hal_fdcan.o(i.HAL_FDCAN_TxBufferAbortCallback)
    HAL_FDCAN_TxBufferCompleteCallback       0x08001751   Thumb Code     2  stm32g4xx_hal_fdcan.o(i.HAL_FDCAN_TxBufferCompleteCallback)
    HAL_FDCAN_TxEventFifoCallback            0x08001753   Thumb Code     2  stm32g4xx_hal_fdcan.o(i.HAL_FDCAN_TxEventFifoCallback)
    HAL_FDCAN_TxFifoEmptyCallback            0x08001755   Thumb Code     2  stm32g4xx_hal_fdcan.o(i.HAL_FDCAN_TxFifoEmptyCallback)
    HAL_GPIO_Init                            0x08001759   Thumb Code   550  stm32g4xx_hal_gpio.o(i.HAL_GPIO_Init)
    HAL_GPIO_WritePin                        0x080019a1   Thumb Code    10  stm32g4xx_hal_gpio.o(i.HAL_GPIO_WritePin)
    HAL_GetTick                              0x080019ad   Thumb Code     6  stm32g4xx_hal.o(i.HAL_GetTick)
    HAL_IncTick                              0x080019b9   Thumb Code    12  stm32g4xx_hal.o(i.HAL_IncTick)
    HAL_Init                                 0x080019c9   Thumb Code    30  stm32g4xx_hal.o(i.HAL_Init)
    HAL_InitTick                             0x080019e9   Thumb Code   116  stm32g4xx_hal_timebase_tim.o(i.HAL_InitTick)
    HAL_MspInit                              0x08001a71   Thumb Code    54  stm32g4xx_hal_msp.o(i.HAL_MspInit)
    HAL_NVIC_EnableIRQ                       0x08001aad   Thumb Code    26  stm32g4xx_hal_cortex.o(i.HAL_NVIC_EnableIRQ)
    HAL_NVIC_SetPriority                     0x08001ac9   Thumb Code    60  stm32g4xx_hal_cortex.o(i.HAL_NVIC_SetPriority)
    HAL_NVIC_SetPriorityGrouping             0x08001b09   Thumb Code    26  stm32g4xx_hal_cortex.o(i.HAL_NVIC_SetPriorityGrouping)
    HAL_PWREx_ControlVoltageScaling          0x08001b2d   Thumb Code   174  stm32g4xx_hal_pwr_ex.o(i.HAL_PWREx_ControlVoltageScaling)
    HAL_PWREx_DisableUCPDDeadBattery         0x08001be9   Thumb Code    12  stm32g4xx_hal_pwr_ex.o(i.HAL_PWREx_DisableUCPDDeadBattery)
    HAL_RCCEx_PeriphCLKConfig                0x08001bf9   Thumb Code   758  stm32g4xx_hal_rcc_ex.o(i.HAL_RCCEx_PeriphCLKConfig)
    HAL_RCC_ClockConfig                      0x08001ef9   Thumb Code   444  stm32g4xx_hal_rcc.o(i.HAL_RCC_ClockConfig)
    HAL_RCC_GetClockConfig                   0x080020d5   Thumb Code    54  stm32g4xx_hal_rcc.o(i.HAL_RCC_GetClockConfig)
    HAL_RCC_GetPCLK1Freq                     0x08002115   Thumb Code    24  stm32g4xx_hal_rcc.o(i.HAL_RCC_GetPCLK1Freq)
    HAL_RCC_GetSysClockFreq                  0x08002139   Thumb Code    98  stm32g4xx_hal_rcc.o(i.HAL_RCC_GetSysClockFreq)
    HAL_RCC_OscConfig                        0x080021a5   Thumb Code  1028  stm32g4xx_hal_rcc.o(i.HAL_RCC_OscConfig)
    HAL_SPI_Init                             0x080025a9   Thumb Code   234  stm32g4xx_hal_spi.o(i.HAL_SPI_Init)
    HAL_SPI_MspInit                          0x08002695   Thumb Code    86  spi.o(i.HAL_SPI_MspInit)
    HAL_SPI_TransmitReceive                  0x080026f9   Thumb Code   620  stm32g4xx_hal_spi.o(i.HAL_SPI_TransmitReceive)
    HAL_TIMEx_Break2Callback                 0x08002965   Thumb Code     2  stm32g4xx_hal_tim_ex.o(i.HAL_TIMEx_Break2Callback)
    HAL_TIMEx_BreakCallback                  0x08002967   Thumb Code     2  stm32g4xx_hal_tim_ex.o(i.HAL_TIMEx_BreakCallback)
    HAL_TIMEx_CommutCallback                 0x08002969   Thumb Code     2  stm32g4xx_hal_tim_ex.o(i.HAL_TIMEx_CommutCallback)
    HAL_TIMEx_ConfigBreakDeadTime            0x0800296d   Thumb Code   154  stm32g4xx_hal_tim_ex.o(i.HAL_TIMEx_ConfigBreakDeadTime)
    HAL_TIMEx_DirectionChangeCallback        0x08002a15   Thumb Code     2  stm32g4xx_hal_tim_ex.o(i.HAL_TIMEx_DirectionChangeCallback)
    HAL_TIMEx_EncoderIndexCallback           0x08002a17   Thumb Code     2  stm32g4xx_hal_tim_ex.o(i.HAL_TIMEx_EncoderIndexCallback)
    HAL_TIMEx_IndexErrorCallback             0x08002a19   Thumb Code     2  stm32g4xx_hal_tim_ex.o(i.HAL_TIMEx_IndexErrorCallback)
    HAL_TIMEx_MasterConfigSynchronization    0x08002a1d   Thumb Code   150  stm32g4xx_hal_tim_ex.o(i.HAL_TIMEx_MasterConfigSynchronization)
    HAL_TIMEx_PWMN_Start                     0x08002ad5   Thumb Code   170  stm32g4xx_hal_tim_ex.o(i.HAL_TIMEx_PWMN_Start)
    HAL_TIMEx_TransitionErrorCallback        0x08002ba1   Thumb Code     2  stm32g4xx_hal_tim_ex.o(i.HAL_TIMEx_TransitionErrorCallback)
    HAL_TIM_Base_Init                        0x08002ba3   Thumb Code    98  stm32g4xx_hal_tim.o(i.HAL_TIM_Base_Init)
    HAL_TIM_Base_MspInit                     0x08002c05   Thumb Code     2  stm32g4xx_hal_tim.o(i.HAL_TIM_Base_MspInit)
    HAL_TIM_Base_Start_IT                    0x08002c09   Thumb Code   106  stm32g4xx_hal_tim.o(i.HAL_TIM_Base_Start_IT)
    HAL_TIM_IC_CaptureCallback               0x08002c95   Thumb Code     2  stm32g4xx_hal_tim.o(i.HAL_TIM_IC_CaptureCallback)
    HAL_TIM_IRQHandler                       0x08002c97   Thumb Code   418  stm32g4xx_hal_tim.o(i.HAL_TIM_IRQHandler)
    HAL_TIM_MspPostInit                      0x08002e39   Thumb Code   136  tim.o(i.HAL_TIM_MspPostInit)
    HAL_TIM_OC_DelayElapsedCallback          0x08002ecd   Thumb Code     2  stm32g4xx_hal_tim.o(i.HAL_TIM_OC_DelayElapsedCallback)
    HAL_TIM_PWM_ConfigChannel                0x08002ecf   Thumb Code   292  stm32g4xx_hal_tim.o(i.HAL_TIM_PWM_ConfigChannel)
    HAL_TIM_PWM_Init                         0x08002ff3   Thumb Code    98  stm32g4xx_hal_tim.o(i.HAL_TIM_PWM_Init)
    HAL_TIM_PWM_MspInit                      0x08003055   Thumb Code    50  tim.o(i.HAL_TIM_PWM_MspInit)
    HAL_TIM_PWM_PulseFinishedCallback        0x08003091   Thumb Code     2  stm32g4xx_hal_tim.o(i.HAL_TIM_PWM_PulseFinishedCallback)
    HAL_TIM_PWM_Start                        0x08003095   Thumb Code   234  stm32g4xx_hal_tim.o(i.HAL_TIM_PWM_Start)
    HAL_TIM_PeriodElapsedCallback            0x080031a9   Thumb Code    14  main.o(i.HAL_TIM_PeriodElapsedCallback)
    HAL_TIM_TriggerCallback                  0x080031bd   Thumb Code     2  stm32g4xx_hal_tim.o(i.HAL_TIM_TriggerCallback)
    HardFault_Handler                        0x080031bf   Thumb Code     2  stm32g4xx_it.o(i.HardFault_Handler)
    MX_ADC1_Init                             0x0800321d   Thumb Code   210  adc.o(i.MX_ADC1_Init)
    MX_FDCAN1_Init                           0x08003301   Thumb Code   108  fdcan.o(i.MX_FDCAN1_Init)
    MX_FREERTOS_Init                         0x08003375   Thumb Code    52  app_freertos.o(i.MX_FREERTOS_Init)
    MX_GPIO_Init                             0x080033b1   Thumb Code   184  gpio.o(i.MX_GPIO_Init)
    MX_SPI1_Init                             0x08003475   Thumb Code    72  spi.o(i.MX_SPI1_Init)
    MX_TIM1_Init                             0x080034c5   Thumb Code   218  tim.o(i.MX_TIM1_Init)
    MemManage_Handler                        0x080035a9   Thumb Code     2  stm32g4xx_it.o(i.MemManage_Handler)
    NMI_Handler                              0x080035ab   Thumb Code     2  stm32g4xx_it.o(i.NMI_Handler)
    PID_Init                                 0x080035ad   Thumb Code    48  pid.o(i.PID_Init)
    PID_Position                             0x080035e1   Thumb Code   294  pid.o(i.PID_Position)
    PI_get                                   0x08003707   Thumb Code     6  observer.o(i.PI_get)
    PI_init                                  0x0800370d   Thumb Code    42  observer.o(i.PI_init)
    PI_run                                   0x0800373d   Thumb Code   132  observer.o(i.PI_run)
    PI_set                                   0x080037c1   Thumb Code     6  observer.o(i.PI_set)
    PLL_ESAY_init                            0x080037c9   Thumb Code    50  observer.o(i.PLL_ESAY_init)
    PLL_ESAY_run                             0x08003801   Thumb Code   208  observer.o(i.PLL_ESAY_run)
    PLL_ESAY_set                             0x080038d9   Thumb Code     6  observer.o(i.PLL_ESAY_set)
    StartFOC_Task                            0x08003ac1   Thumb Code   324  os_foc_task.o(i.StartFOC_Task)
    StartKEY_LED_Task                        0x08003c45   Thumb Code     8  os_foc_task.o(i.StartKEY_LED_Task)
    SysTick_Handler                          0x08003c4d   Thumb Code    38  port.o(i.SysTick_Handler)
    SystemClock_Config                       0x08003c79   Thumb Code   100  main.o(i.SystemClock_Config)
    SystemInit                               0x08003cdd   Thumb Code    12  system_stm32g4xx.o(i.SystemInit)
    TIM1_UP_TIM16_IRQHandler                 0x08003ced   Thumb Code    16  stm32g4xx_it.o(i.TIM1_UP_TIM16_IRQHandler)
    TIM6_DAC_IRQHandler                      0x08003d01   Thumb Code     6  stm32g4xx_it.o(i.TIM6_DAC_IRQHandler)
    TIM_Base_SetConfig                       0x08003d0d   Thumb Code   190  stm32g4xx_hal_tim.o(i.TIM_Base_SetConfig)
    TIM_CCxChannelCmd                        0x08003df1   Thumb Code    26  stm32g4xx_hal_tim.o(i.TIM_CCxChannelCmd)
    TIM_OC2_SetConfig                        0x08003ed1   Thumb Code   132  stm32g4xx_hal_tim.o(i.TIM_OC2_SetConfig)
    UsageFault_Handler                       0x080041a5   Thumb Code     2  stm32g4xx_it.o(i.UsageFault_Handler)
    __scatterload_copy                       0x080041c7   Thumb Code    14  handlers.o(i.__scatterload_copy)
    __scatterload_null                       0x080041d5   Thumb Code     2  handlers.o(i.__scatterload_null)
    __scatterload_zeroinit                   0x080041d7   Thumb Code    14  handlers.o(i.__scatterload_zeroinit)
    clarke_transform                         0x080041e5   Thumb Code    34  foc_use.o(i.clarke_transform)
    foc_task                                 0x0800420d   Thumb Code   434  foc_i.o(i.foc_task)
    inverse_park                             0x080043e9   Thumb Code    42  foc_use.o(i.inverse_park)
    main                                     0x08004415   Thumb Code   162  main.o(i.main)
    osDelay                                  0x080044cd   Thumb Code    14  cmsis_os.o(i.osDelay)
    osKernelStart                            0x080044db   Thumb Code    10  cmsis_os.o(i.osKernelStart)
    osThreadCreate                           0x080044e5   Thumb Code    46  cmsis_os.o(i.osThreadCreate)
    park_transform                           0x08004513   Thumb Code    42  foc_use.o(i.park_transform)
    pvPortMalloc                             0x08004869   Thumb Code   216  heap_4.o(i.pvPortMalloc)
    pxPortInitialiseStack                    0x08004945   Thumb Code    40  port.o(i.pxPortInitialiseStack)
    read_g_MT6835                            0x08004971   Thumb Code   100  encoder.o(i.read_g_MT6835)
    read_mt6835_data                         0x080049e5   Thumb Code    96  encoder.o(i.read_mt6835_data)
    sin_cos_val                              0x08004a55   Thumb Code    30  foc_use.o(i.sin_cos_val)
    svpwm_midpoint                           0x08004a75   Thumb Code   194  foc_use.o(i.svpwm_midpoint)
    utils_norm_angle_rad                     0x08004b3d   Thumb Code    52  observer.o(i.utils_norm_angle_rad)
    uxListRemove                             0x08004b7d   Thumb Code    38  list.o(i.uxListRemove)
    vListInitialise                          0x08004ba3   Thumb Code    22  list.o(i.vListInitialise)
    vListInitialiseItem                      0x08004bb9   Thumb Code     6  list.o(i.vListInitialiseItem)
    vListInsert                              0x08004bbf   Thumb Code    48  list.o(i.vListInsert)
    vListInsertEnd                           0x08004bef   Thumb Code    24  list.o(i.vListInsertEnd)
    vPortEnterCritical                       0x08004c09   Thumb Code    54  port.o(i.vPortEnterCritical)
    vPortExitCritical                        0x08004c49   Thumb Code    34  port.o(i.vPortExitCritical)
    vPortFree                                0x08004c71   Thumb Code    94  heap_4.o(i.vPortFree)
    vPortSetupTimerInterrupt                 0x08004cd5   Thumb Code    32  port.o(i.vPortSetupTimerInterrupt)
    vTaskDelay                               0x08004cf9   Thumb Code    66  tasks.o(i.vTaskDelay)
    vTaskDelayUntil                          0x08004d45   Thumb Code   132  tasks.o(i.vTaskDelayUntil)
    vTaskStartScheduler                      0x08004dd1   Thumb Code    86  tasks.o(i.vTaskStartScheduler)
    vTaskSuspendAll                          0x08004e39   Thumb Code    10  tasks.o(i.vTaskSuspendAll)
    vTaskSwitchContext                       0x08004e49   Thumb Code    82  tasks.o(i.vTaskSwitchContext)
    xPortStartScheduler                      0x08004ea5   Thumb Code   222  port.o(i.xPortStartScheduler)
    xTaskCreate                              0x08004f99   Thumb Code    86  tasks.o(i.xTaskCreate)
    xTaskGetTickCount                        0x08004ff1   Thumb Code     6  tasks.o(i.xTaskGetTickCount)
    xTaskIncrementTick                       0x08004ffd   Thumb Code   194  tasks.o(i.xTaskIncrementTick)
    xTaskResumeAll                           0x080050c9   Thumb Code   182  tasks.o(i.xTaskResumeAll)
    AHBPrescTable                            0x080051c4   Data          16  system_stm32g4xx.o(.constdata)
    APBPrescTable                            0x080051d4   Data           8  system_stm32g4xx.o(.constdata)
    sinTable_f32                             0x080051f8   Data        2052  arm_common_tables.o(.rodata.sinTable_f32)
    Region$$Table$$Base                      0x080059fc   Number         0  anon$$obj.o(Region$$Table)
    Region$$Table$$Limit                     0x08005a1c   Number         0  anon$$obj.o(Region$$Table)
    KEY_LED_TaskHandle                       0x20000000   Data           4  app_freertos.o(.data)
    FOC_TaskHandle                           0x20000004   Data           4  app_freertos.o(.data)
    rx_data                                  0x20000008   Data           8  fdcan.o(.data)
    uwTickPrio                               0x20000010   Data           4  stm32g4xx_hal.o(.data)
    uwTickFreq                               0x20000014   Data           4  stm32g4xx_hal.o(.data)
    uwTick                                   0x20000018   Data           4  stm32g4xx_hal.o(.data)
    SystemCoreClock                          0x2000001c   Data           4  system_stm32g4xx.o(.data)
    pxCurrentTCB                             0x20000020   Data           4  tasks.o(.data)
    ang_E_ERR                                0x20000088   Data           4  foc_i.o(.data)
    foc_ok                                   0x2000008c   Data           4  foc_i.o(.data)
    ang_14                                   0x20000090   Data           4  foc_i.o(.data)
    ang_E                                    0x20000094   Data           4  foc_i.o(.data)
    my_iq                                    0x20000098   Data           4  foc_i.o(.data)
    my_id                                    0x2000009c   Data           4  foc_i.o(.data)
    MY_SPEED                                 0x200000a0   Data           4  os_foc_task.o(.data)
    hadc1                                    0x200000a4   Data         108  adc.o(.bss)
    fdcan1_RxHeader                          0x20000110   Data          40  fdcan.o(.bss)
    fdcan1_TxHeader                          0x20000138   Data          36  fdcan.o(.bss)
    hfdcan1                                  0x2000015c   Data         100  fdcan.o(.bss)
    hspi1                                    0x200001c0   Data         100  spi.o(.bss)
    htim1                                    0x20000224   Data          76  tim.o(.bss)
    htim6                                    0x20000270   Data          76  stm32g4xx_hal_timebase_tim.o(.bss)
    ADC_DATA                                 0x20000fac   Data          36  foc_i.o(.bss)
    FOC_DATA                                 0x20000fd0   Data          80  foc_i.o(.bss)
    mt6835                                   0x20001020   Data          32  foc_i.o(.bss)
    PLL_6835                                 0x20001040   Data          36  foc_i.o(.bss)
    PID_IQ                                   0x20001064   Data          40  os_foc_task.o(.bss)
    PID_ID                                   0x2000108c   Data          40  os_foc_task.o(.bss)
    PID_SPEED                                0x200010b4   Data          60  os_foc_task.o(.bss)
    __initial_sp                             0x200018f0   Data           0  startup_stm32g474xx.o(STACK)



==============================================================================

Memory Map of the image

  Image Entry point : 0x080001d9

  Load Region LR_IROM1 (Base: 0x08000000, Size: 0x00005ac0, Max: 0x00080000, ABSOLUTE)

    Execution Region ER_IROM1 (Exec base: 0x08000000, Load base: 0x08000000, Size: 0x00005a1c, Max: 0x00080000, ABSOLUTE)

    Exec Addr    Load Addr    Size         Type   Attr      Idx    E Section Name        Object

    0x08000000   0x08000000   0x000001d8   Data   RO            3    RESET               startup_stm32g474xx.o
    0x080001d8   0x080001d8   0x00000000   Code   RO         6315  * .ARM.Collect$$$$00000000  mc_w.l(entry.o)
    0x080001d8   0x080001d8   0x00000004   Code   RO         6384    .ARM.Collect$$$$00000001  mc_w.l(entry2.o)
    0x080001dc   0x080001dc   0x00000004   Code   RO         6387    .ARM.Collect$$$$00000004  mc_w.l(entry5.o)
    0x080001e0   0x080001e0   0x00000000   Code   RO         6389    .ARM.Collect$$$$00000008  mc_w.l(entry7b.o)
    0x080001e0   0x080001e0   0x00000000   Code   RO         6391    .ARM.Collect$$$$0000000A  mc_w.l(entry8b.o)
    0x080001e0   0x080001e0   0x00000008   Code   RO         6392    .ARM.Collect$$$$0000000B  mc_w.l(entry9a.o)
    0x080001e8   0x080001e8   0x00000004   Code   RO         6399    .ARM.Collect$$$$0000000E  mc_w.l(entry12b.o)
    0x080001ec   0x080001ec   0x00000000   Code   RO         6394    .ARM.Collect$$$$0000000F  mc_w.l(entry10a.o)
    0x080001ec   0x080001ec   0x00000000   Code   RO         6396    .ARM.Collect$$$$00000011  mc_w.l(entry11a.o)
    0x080001ec   0x080001ec   0x00000004   Code   RO         6385    .ARM.Collect$$$$00002712  mc_w.l(entry2.o)
    0x080001f0   0x080001f0   0x000000be   Code   RO         5708    .emb_text           port.o
    0x080002ae   0x080002ae   0x00000002   PAD
    0x080002b0   0x080002b0   0x00000024   Code   RO            4    .text               startup_stm32g474xx.o
    0x080002d4   0x080002d4   0x00000024   Code   RO         6318    .text               mc_w.l(memcpya.o)
    0x080002f8   0x080002f8   0x00000024   Code   RO         6322    .text               mc_w.l(memseta.o)
    0x0800031c   0x0800031c   0x00000026   Code   RO         6326    .text               mf_w.l(f2d.o)
    0x08000342   0x08000342   0x00000038   Code   RO         6328    .text               mf_w.l(d2f.o)
    0x0800037a   0x0800037a   0x00000000   Code   RO         6407    .text               mc_w.l(iusefp.o)
    0x0800037a   0x0800037a   0x0000006e   Code   RO         6408    .text               mf_w.l(fepilogue.o)
    0x080003e8   0x080003e8   0x00000024   Code   RO         6424    .text               mc_w.l(init.o)
    0x0800040c   0x0800040c   0x000000a0   Code   RO         6153    .text.arm_cos_f32   arm_cortexM4lf_math.lib(arm_cos_f32.o)
    0x080004ac   0x080004ac   0x00000098   Code   RO         6163    .text.arm_sin_f32   arm_cortexM4lf_math.lib(arm_sin_f32.o)
    0x08000544   0x08000544   0x000000c4   Code   RO          655    i.ADC_Enable        stm32g4xx_hal_adc.o
    0x08000608   0x08000608   0x00000002   Code   RO          508    i.BusFault_Handler  stm32g4xx_it.o
    0x0800060a   0x0800060a   0x00000002   Code   RO          509    i.DebugMon_Handler  stm32g4xx_it.o
    0x0800060c   0x0800060c   0x00000004   Code   RO           13    i.Error_Handler     main.o
    0x08000610   0x08000610   0x0000000c   Code   RO          510    i.FDCAN1_IT0_IRQHandler  stm32g4xx_it.o
    0x0800061c   0x0800061c   0x00000560   Code   RO          894    i.HAL_ADCEx_InjectedConfigChannel  stm32g4xx_hal_adc_ex.o
    0x08000b7c   0x08000b7c   0x00000120   Code   RO          899    i.HAL_ADCEx_InjectedStart  stm32g4xx_hal_adc_ex.o
    0x08000c9c   0x08000c9c   0x00000160   Code   RO          905    i.HAL_ADCEx_MultiModeConfigChannel  stm32g4xx_hal_adc_ex.o
    0x08000dfc   0x08000dfc   0x00000230   Code   RO          666    i.HAL_ADC_Init      stm32g4xx_hal_adc.o
    0x0800102c   0x0800102c   0x00000074   Code   RO          316    i.HAL_ADC_MspInit   adc.o
    0x080010a0   0x080010a0   0x000000e0   Code   RO         2608    i.HAL_FDCAN_ActivateNotification  stm32g4xx_hal_fdcan.o
    0x08001180   0x08001180   0x0000005c   Code   RO         2611    i.HAL_FDCAN_ConfigFilter  stm32g4xx_hal_fdcan.o
    0x080011dc   0x080011dc   0x00000002   Code   RO         2632    i.HAL_FDCAN_ErrorCallback  stm32g4xx_hal_fdcan.o
    0x080011de   0x080011de   0x00000002   Code   RO         2633    i.HAL_FDCAN_ErrorStatusCallback  stm32g4xx_hal_fdcan.o
    0x080011e0   0x080011e0   0x00000114   Code   RO         2642    i.HAL_FDCAN_GetRxMessage  stm32g4xx_hal_fdcan.o
    0x080012f4   0x080012f4   0x00000002   Code   RO         2648    i.HAL_FDCAN_HighPriorityMessageCallback  stm32g4xx_hal_fdcan.o
    0x080012f6   0x080012f6   0x00000164   Code   RO         2649    i.HAL_FDCAN_IRQHandler  stm32g4xx_hal_fdcan.o
    0x0800145a   0x0800145a   0x00000002   PAD
    0x0800145c   0x0800145c   0x00000218   Code   RO         2650    i.HAL_FDCAN_Init    stm32g4xx_hal_fdcan.o
    0x08001674   0x08001674   0x00000090   Code   RO          360    i.HAL_FDCAN_MspInit  fdcan.o
    0x08001704   0x08001704   0x00000018   Code   RO          361    i.HAL_FDCAN_RxFifo0Callback  fdcan.o
    0x0800171c   0x0800171c   0x00000002   Code   RO         2658    i.HAL_FDCAN_RxFifo1Callback  stm32g4xx_hal_fdcan.o
    0x0800171e   0x0800171e   0x0000002c   Code   RO         2659    i.HAL_FDCAN_Start   stm32g4xx_hal_fdcan.o
    0x0800174a   0x0800174a   0x00000002   Code   RO         2661    i.HAL_FDCAN_TimeoutOccurredCallback  stm32g4xx_hal_fdcan.o
    0x0800174c   0x0800174c   0x00000002   Code   RO         2662    i.HAL_FDCAN_TimestampWraparoundCallback  stm32g4xx_hal_fdcan.o
    0x0800174e   0x0800174e   0x00000002   Code   RO         2663    i.HAL_FDCAN_TxBufferAbortCallback  stm32g4xx_hal_fdcan.o
    0x08001750   0x08001750   0x00000002   Code   RO         2664    i.HAL_FDCAN_TxBufferCompleteCallback  stm32g4xx_hal_fdcan.o
    0x08001752   0x08001752   0x00000002   Code   RO         2665    i.HAL_FDCAN_TxEventFifoCallback  stm32g4xx_hal_fdcan.o
    0x08001754   0x08001754   0x00000002   Code   RO         2666    i.HAL_FDCAN_TxFifoEmptyCallback  stm32g4xx_hal_fdcan.o
    0x08001756   0x08001756   0x00000002   PAD
    0x08001758   0x08001758   0x00000248   Code   RO         1829    i.HAL_GPIO_Init     stm32g4xx_hal_gpio.o
    0x080019a0   0x080019a0   0x0000000a   Code   RO         1833    i.HAL_GPIO_WritePin  stm32g4xx_hal_gpio.o
    0x080019aa   0x080019aa   0x00000002   PAD
    0x080019ac   0x080019ac   0x0000000c   Code   RO         1108    i.HAL_GetTick       stm32g4xx_hal.o
    0x080019b8   0x080019b8   0x00000010   Code   RO         1114    i.HAL_IncTick       stm32g4xx_hal.o
    0x080019c8   0x080019c8   0x0000001e   Code   RO         1115    i.HAL_Init          stm32g4xx_hal.o
    0x080019e6   0x080019e6   0x00000002   PAD
    0x080019e8   0x080019e8   0x00000088   Code   RO          611    i.HAL_InitTick      stm32g4xx_hal_timebase_tim.o
    0x08001a70   0x08001a70   0x0000003c   Code   RO          587    i.HAL_MspInit       stm32g4xx_hal_msp.o
    0x08001aac   0x08001aac   0x0000001a   Code   RO         2476    i.HAL_NVIC_EnableIRQ  stm32g4xx_hal_cortex.o
    0x08001ac6   0x08001ac6   0x00000002   PAD
    0x08001ac8   0x08001ac8   0x00000040   Code   RO         2482    i.HAL_NVIC_SetPriority  stm32g4xx_hal_cortex.o
    0x08001b08   0x08001b08   0x00000024   Code   RO         2483    i.HAL_NVIC_SetPriorityGrouping  stm32g4xx_hal_cortex.o
    0x08001b2c   0x08001b2c   0x000000bc   Code   RO         2232    i.HAL_PWREx_ControlVoltageScaling  stm32g4xx_hal_pwr_ex.o
    0x08001be8   0x08001be8   0x00000010   Code   RO         2244    i.HAL_PWREx_DisableUCPDDeadBattery  stm32g4xx_hal_pwr_ex.o
    0x08001bf8   0x08001bf8   0x00000300   Code   RO         1475    i.HAL_RCCEx_PeriphCLKConfig  stm32g4xx_hal_rcc_ex.o
    0x08001ef8   0x08001ef8   0x000001dc   Code   RO         1350    i.HAL_RCC_ClockConfig  stm32g4xx_hal_rcc.o
    0x080020d4   0x080020d4   0x00000040   Code   RO         1355    i.HAL_RCC_GetClockConfig  stm32g4xx_hal_rcc.o
    0x08002114   0x08002114   0x00000024   Code   RO         1358    i.HAL_RCC_GetPCLK1Freq  stm32g4xx_hal_rcc.o
    0x08002138   0x08002138   0x0000006c   Code   RO         1360    i.HAL_RCC_GetSysClockFreq  stm32g4xx_hal_rcc.o
    0x080021a4   0x080021a4   0x00000404   Code   RO         1363    i.HAL_RCC_OscConfig  stm32g4xx_hal_rcc.o
    0x080025a8   0x080025a8   0x000000ea   Code   RO         3002    i.HAL_SPI_Init      stm32g4xx_hal_spi.o
    0x08002692   0x08002692   0x00000002   PAD
    0x08002694   0x08002694   0x00000064   Code   RO          419    i.HAL_SPI_MspInit   spi.o
    0x080026f8   0x080026f8   0x0000026c   Code   RO         3011    i.HAL_SPI_TransmitReceive  stm32g4xx_hal_spi.o
    0x08002964   0x08002964   0x00000002   Code   RO         4058    i.HAL_TIMEx_Break2Callback  stm32g4xx_hal_tim_ex.o
    0x08002966   0x08002966   0x00000002   Code   RO         4059    i.HAL_TIMEx_BreakCallback  stm32g4xx_hal_tim_ex.o
    0x08002968   0x08002968   0x00000002   Code   RO         4060    i.HAL_TIMEx_CommutCallback  stm32g4xx_hal_tim_ex.o
    0x0800296a   0x0800296a   0x00000002   PAD
    0x0800296c   0x0800296c   0x000000a8   Code   RO         4063    i.HAL_TIMEx_ConfigBreakDeadTime  stm32g4xx_hal_tim_ex.o
    0x08002a14   0x08002a14   0x00000002   Code   RO         4071    i.HAL_TIMEx_DirectionChangeCallback  stm32g4xx_hal_tim_ex.o
    0x08002a16   0x08002a16   0x00000002   Code   RO         4085    i.HAL_TIMEx_EncoderIndexCallback  stm32g4xx_hal_tim_ex.o
    0x08002a18   0x08002a18   0x00000002   Code   RO         4099    i.HAL_TIMEx_IndexErrorCallback  stm32g4xx_hal_tim_ex.o
    0x08002a1a   0x08002a1a   0x00000002   PAD
    0x08002a1c   0x08002a1c   0x000000b8   Code   RO         4100    i.HAL_TIMEx_MasterConfigSynchronization  stm32g4xx_hal_tim_ex.o
    0x08002ad4   0x08002ad4   0x000000cc   Code   RO         4112    i.HAL_TIMEx_PWMN_Start  stm32g4xx_hal_tim_ex.o
    0x08002ba0   0x08002ba0   0x00000002   Code   RO         4121    i.HAL_TIMEx_TransitionErrorCallback  stm32g4xx_hal_tim_ex.o
    0x08002ba2   0x08002ba2   0x00000062   Code   RO         3344    i.HAL_TIM_Base_Init  stm32g4xx_hal_tim.o
    0x08002c04   0x08002c04   0x00000002   Code   RO         3346    i.HAL_TIM_Base_MspInit  stm32g4xx_hal_tim.o
    0x08002c06   0x08002c06   0x00000002   PAD
    0x08002c08   0x08002c08   0x0000008c   Code   RO         3349    i.HAL_TIM_Base_Start_IT  stm32g4xx_hal_tim.o
    0x08002c94   0x08002c94   0x00000002   Code   RO         3378    i.HAL_TIM_IC_CaptureCallback  stm32g4xx_hal_tim.o
    0x08002c96   0x08002c96   0x000001a2   Code   RO         3392    i.HAL_TIM_IRQHandler  stm32g4xx_hal_tim.o
    0x08002e38   0x08002e38   0x00000094   Code   RO          460    i.HAL_TIM_MspPostInit  tim.o
    0x08002ecc   0x08002ecc   0x00000002   Code   RO         3395    i.HAL_TIM_OC_DelayElapsedCallback  stm32g4xx_hal_tim.o
    0x08002ece   0x08002ece   0x00000124   Code   RO         3416    i.HAL_TIM_PWM_ConfigChannel  stm32g4xx_hal_tim.o
    0x08002ff2   0x08002ff2   0x00000062   Code   RO         3419    i.HAL_TIM_PWM_Init  stm32g4xx_hal_tim.o
    0x08003054   0x08003054   0x0000003c   Code   RO          462    i.HAL_TIM_PWM_MspInit  tim.o
    0x08003090   0x08003090   0x00000002   Code   RO         3422    i.HAL_TIM_PWM_PulseFinishedCallback  stm32g4xx_hal_tim.o
    0x08003092   0x08003092   0x00000002   PAD
    0x08003094   0x08003094   0x00000114   Code   RO         3424    i.HAL_TIM_PWM_Start  stm32g4xx_hal_tim.o
    0x080031a8   0x080031a8   0x00000014   Code   RO           14    i.HAL_TIM_PeriodElapsedCallback  main.o
    0x080031bc   0x080031bc   0x00000002   Code   RO         3435    i.HAL_TIM_TriggerCallback  stm32g4xx_hal_tim.o
    0x080031be   0x080031be   0x00000002   Code   RO          511    i.HardFault_Handler  stm32g4xx_it.o
    0x080031c0   0x080031c0   0x0000000c   Code   RO          913    i.LL_ADC_GetOffsetChannel  stm32g4xx_hal_adc_ex.o
    0x080031cc   0x080031cc   0x00000008   Code   RO          681    i.LL_ADC_INJ_IsConversionOngoing  stm32g4xx_hal_adc.o
    0x080031d4   0x080031d4   0x00000008   Code   RO          914    i.LL_ADC_INJ_IsConversionOngoing  stm32g4xx_hal_adc_ex.o
    0x080031dc   0x080031dc   0x00000008   Code   RO          682    i.LL_ADC_REG_IsConversionOngoing  stm32g4xx_hal_adc.o
    0x080031e4   0x080031e4   0x00000008   Code   RO          915    i.LL_ADC_REG_IsConversionOngoing  stm32g4xx_hal_adc_ex.o
    0x080031ec   0x080031ec   0x0000001e   Code   RO          916    i.LL_ADC_SetChannelSamplingTime  stm32g4xx_hal_adc_ex.o
    0x0800320a   0x0800320a   0x00000010   Code   RO          917    i.LL_ADC_SetOffsetState  stm32g4xx_hal_adc_ex.o
    0x0800321a   0x0800321a   0x00000002   PAD
    0x0800321c   0x0800321c   0x000000e4   Code   RO          317    i.MX_ADC1_Init      adc.o
    0x08003300   0x08003300   0x00000074   Code   RO          362    i.MX_FDCAN1_Init    fdcan.o
    0x08003374   0x08003374   0x0000003c   Code   RO          266    i.MX_FREERTOS_Init  app_freertos.o
    0x080033b0   0x080033b0   0x000000c4   Code   RO          242    i.MX_GPIO_Init      gpio.o
    0x08003474   0x08003474   0x00000050   Code   RO          420    i.MX_SPI1_Init      spi.o
    0x080034c4   0x080034c4   0x000000e4   Code   RO          463    i.MX_TIM1_Init      tim.o
    0x080035a8   0x080035a8   0x00000002   Code   RO          512    i.MemManage_Handler  stm32g4xx_it.o
    0x080035aa   0x080035aa   0x00000002   Code   RO          513    i.NMI_Handler       stm32g4xx_it.o
    0x080035ac   0x080035ac   0x00000034   Code   RO         5788    i.PID_Init          pid.o
    0x080035e0   0x080035e0   0x00000126   Code   RO         5789    i.PID_Position      pid.o
    0x08003706   0x08003706   0x00000006   Code   RO         5991    i.PI_get            observer.o
    0x0800370c   0x0800370c   0x00000030   Code   RO         5992    i.PI_init           observer.o
    0x0800373c   0x0800373c   0x00000084   Code   RO         5993    i.PI_run            observer.o
    0x080037c0   0x080037c0   0x00000006   Code   RO         5994    i.PI_set            observer.o
    0x080037c6   0x080037c6   0x00000002   PAD
    0x080037c8   0x080037c8   0x00000038   Code   RO         5996    i.PLL_ESAY_init     observer.o
    0x08003800   0x08003800   0x000000d8   Code   RO         5997    i.PLL_ESAY_run      observer.o
    0x080038d8   0x080038d8   0x00000006   Code   RO         5998    i.PLL_ESAY_set      observer.o
    0x080038de   0x080038de   0x00000048   Code   RO         3040    i.SPI_EndRxTxTransaction  stm32g4xx_hal_spi.o
    0x08003926   0x08003926   0x00000002   PAD
    0x08003928   0x08003928   0x000000e0   Code   RO         3045    i.SPI_WaitFifoStateUntilTimeout  stm32g4xx_hal_spi.o
    0x08003a08   0x08003a08   0x000000b8   Code   RO         3046    i.SPI_WaitFlagStateUntilTimeout  stm32g4xx_hal_spi.o
    0x08003ac0   0x08003ac0   0x00000184   Code   RO         6107    i.StartFOC_Task     os_foc_task.o
    0x08003c44   0x08003c44   0x00000008   Code   RO         6108    i.StartKEY_LED_Task  os_foc_task.o
    0x08003c4c   0x08003c4c   0x0000002c   Code   RO         5709    i.SysTick_Handler   port.o
    0x08003c78   0x08003c78   0x00000064   Code   RO           15    i.SystemClock_Config  main.o
    0x08003cdc   0x08003cdc   0x00000010   Code   RO         4488    i.SystemInit        system_stm32g4xx.o
    0x08003cec   0x08003cec   0x00000014   Code   RO          514    i.TIM1_UP_TIM16_IRQHandler  stm32g4xx_it.o
    0x08003d00   0x08003d00   0x0000000c   Code   RO          515    i.TIM6_DAC_IRQHandler  stm32g4xx_it.o
    0x08003d0c   0x08003d0c   0x000000e4   Code   RO         3437    i.TIM_Base_SetConfig  stm32g4xx_hal_tim.o
    0x08003df0   0x08003df0   0x0000001a   Code   RO         3438    i.TIM_CCxChannelCmd  stm32g4xx_hal_tim.o
    0x08003e0a   0x08003e0a   0x0000001a   Code   RO         4124    i.TIM_CCxNChannelCmd  stm32g4xx_hal_tim_ex.o
    0x08003e24   0x08003e24   0x000000ac   Code   RO         3450    i.TIM_OC1_SetConfig  stm32g4xx_hal_tim.o
    0x08003ed0   0x08003ed0   0x000000a0   Code   RO         3451    i.TIM_OC2_SetConfig  stm32g4xx_hal_tim.o
    0x08003f70   0x08003f70   0x000000a0   Code   RO         3452    i.TIM_OC3_SetConfig  stm32g4xx_hal_tim.o
    0x08004010   0x08004010   0x000000a0   Code   RO         3453    i.TIM_OC4_SetConfig  stm32g4xx_hal_tim.o
    0x080040b0   0x080040b0   0x00000078   Code   RO         3454    i.TIM_OC5_SetConfig  stm32g4xx_hal_tim.o
    0x08004128   0x08004128   0x0000007c   Code   RO         3455    i.TIM_OC6_SetConfig  stm32g4xx_hal_tim.o
    0x080041a4   0x080041a4   0x00000002   Code   RO          516    i.UsageFault_Handler  stm32g4xx_it.o
    0x080041a6   0x080041a6   0x00000020   Code   RO         2489    i.__NVIC_SetPriority  stm32g4xx_hal_cortex.o
    0x080041c6   0x080041c6   0x0000000e   Code   RO         6438    i.__scatterload_copy  mc_w.l(handlers.o)
    0x080041d4   0x080041d4   0x00000002   Code   RO         6439    i.__scatterload_null  mc_w.l(handlers.o)
    0x080041d6   0x080041d6   0x0000000e   Code   RO         6440    i.__scatterload_zeroinit  mc_w.l(handlers.o)
    0x080041e4   0x080041e4   0x00000028   Code   RO         5821    i.clarke_transform  foc_use.o
    0x0800420c   0x0800420c   0x000001dc   Code   RO         5889    i.foc_task          foc_i.o
    0x080043e8   0x080043e8   0x0000002a   Code   RO         5825    i.inverse_park      foc_use.o
    0x08004412   0x08004412   0x00000002   PAD
    0x08004414   0x08004414   0x000000ac   Code   RO           16    i.main              main.o
    0x080044c0   0x080044c0   0x0000000c   Code   RO         5274    i.makeFreeRtosPriority  cmsis_os.o
    0x080044cc   0x080044cc   0x0000000e   Code   RO         5276    i.osDelay           cmsis_os.o
    0x080044da   0x080044da   0x0000000a   Code   RO         5279    i.osKernelStart     cmsis_os.o
    0x080044e4   0x080044e4   0x0000002e   Code   RO         5313    i.osThreadCreate    cmsis_os.o
    0x08004512   0x08004512   0x0000002a   Code   RO         5826    i.park_transform    foc_use.o
    0x0800453c   0x0800453c   0x00000070   Code   RO         4956    i.prvAddCurrentTaskToDelayedList  tasks.o
    0x080045ac   0x080045ac   0x000000d0   Code   RO         4957    i.prvAddNewTaskToReadyList  tasks.o
    0x0800467c   0x0800467c   0x00000014   Code   RO         4958    i.prvDeleteTCB      tasks.o
    0x08004690   0x08004690   0x0000004c   Code   RO         5641    i.prvHeapInit       heap_4.o
    0x080046dc   0x080046dc   0x00000060   Code   RO         4959    i.prvIdleTask       tasks.o
    0x0800473c   0x0800473c   0x00000098   Code   RO         4960    i.prvInitialiseNewTask  tasks.o
    0x080047d4   0x080047d4   0x0000004c   Code   RO         5642    i.prvInsertBlockIntoFreeList  heap_4.o
    0x08004820   0x08004820   0x00000020   Code   RO         4961    i.prvResetNextTaskUnblockTime  tasks.o
    0x08004840   0x08004840   0x00000028   Code   RO         5710    i.prvTaskExitError  port.o
    0x08004868   0x08004868   0x000000dc   Code   RO         5643    i.pvPortMalloc      heap_4.o
    0x08004944   0x08004944   0x0000002c   Code   RO         5711    i.pxPortInitialiseStack  port.o
    0x08004970   0x08004970   0x00000074   Code   RO         5942    i.read_g_MT6835     encoder.o
    0x080049e4   0x080049e4   0x00000070   Code   RO         5944    i.read_mt6835_data  encoder.o
    0x08004a54   0x08004a54   0x0000001e   Code   RO         5827    i.sin_cos_val       foc_use.o
    0x08004a72   0x08004a72   0x00000002   PAD
    0x08004a74   0x08004a74   0x000000c8   Code   RO         5828    i.svpwm_midpoint    foc_use.o
    0x08004b3c   0x08004b3c   0x00000040   Code   RO         6003    i.utils_norm_angle_rad  observer.o
    0x08004b7c   0x08004b7c   0x00000026   Code   RO         4620    i.uxListRemove      list.o
    0x08004ba2   0x08004ba2   0x00000016   Code   RO         4621    i.vListInitialise   list.o
    0x08004bb8   0x08004bb8   0x00000006   Code   RO         4622    i.vListInitialiseItem  list.o
    0x08004bbe   0x08004bbe   0x00000030   Code   RO         4623    i.vListInsert       list.o
    0x08004bee   0x08004bee   0x00000018   Code   RO         4624    i.vListInsertEnd    list.o
    0x08004c06   0x08004c06   0x00000002   PAD
    0x08004c08   0x08004c08   0x00000040   Code   RO         5713    i.vPortEnterCritical  port.o
    0x08004c48   0x08004c48   0x00000028   Code   RO         5714    i.vPortExitCritical  port.o
    0x08004c70   0x08004c70   0x00000064   Code   RO         5644    i.vPortFree         heap_4.o
    0x08004cd4   0x08004cd4   0x00000024   Code   RO         5715    i.vPortSetupTimerInterrupt  port.o
    0x08004cf8   0x08004cf8   0x0000004c   Code   RO         4970    i.vTaskDelay        tasks.o
    0x08004d44   0x08004d44   0x0000008c   Code   RO         4971    i.vTaskDelayUntil   tasks.o
    0x08004dd0   0x08004dd0   0x00000068   Code   RO         4984    i.vTaskStartScheduler  tasks.o
    0x08004e38   0x08004e38   0x00000010   Code   RO         4986    i.vTaskSuspendAll   tasks.o
    0x08004e48   0x08004e48   0x0000005c   Code   RO         4987    i.vTaskSwitchContext  tasks.o
    0x08004ea4   0x08004ea4   0x000000f4   Code   RO         5717    i.xPortStartScheduler  port.o
    0x08004f98   0x08004f98   0x00000056   Code   RO         4990    i.xTaskCreate       tasks.o
    0x08004fee   0x08004fee   0x00000002   PAD
    0x08004ff0   0x08004ff0   0x0000000c   Code   RO         4995    i.xTaskGetTickCount  tasks.o
    0x08004ffc   0x08004ffc   0x000000cc   Code   RO         4997    i.xTaskIncrementTick  tasks.o
    0x080050c8   0x080050c8   0x000000c4   Code   RO         5003    i.xTaskResumeAll    tasks.o
    0x0800518c   0x0800518c   0x00000028   Data   RO          269    .constdata          app_freertos.o
    0x080051b4   0x080051b4   0x00000010   Data   RO         2667    .constdata          stm32g4xx_hal_fdcan.o
    0x080051c4   0x080051c4   0x00000010   Data   RO         4489    .constdata          system_stm32g4xx.o
    0x080051d4   0x080051d4   0x00000008   Data   RO         4490    .constdata          system_stm32g4xx.o
    0x080051dc   0x080051dc   0x00000019   Data   RO          270    .conststring        app_freertos.o
    0x080051f5   0x080051f5   0x00000003   PAD
    0x080051f8   0x080051f8   0x00000804   Data   RO         6259    .rodata.sinTable_f32  arm_cortexM4lf_math.lib(arm_common_tables.o)
    0x080059fc   0x080059fc   0x00000020   Data   RO         6436    Region$$Table       anon$$obj.o


    Execution Region RW_IRAM1 (Exec base: 0x20000000, Load base: 0x08005a1c, Size: 0x000018f0, Max: 0x00020000, ABSOLUTE)

    Exec Addr    Load Addr    Size         Type   Attr      Idx    E Section Name        Object

    0x20000000   0x08005a1c   0x00000008   Data   RW          271    .data               app_freertos.o
    0x20000008   0x08005a24   0x00000008   Data   RW          364    .data               fdcan.o
    0x20000010   0x08005a2c   0x0000000c   Data   RW         1135    .data               stm32g4xx_hal.o
    0x2000001c   0x08005a38   0x00000004   Data   RW         4491    .data               system_stm32g4xx.o
    0x20000020   0x08005a3c   0x0000003c   Data   RW         5006    .data               tasks.o
    0x2000005c   0x08005a78   0x00000020   Data   RW         5650    .data               heap_4.o
    0x2000007c   0x08005a98   0x0000000c   Data   RW         5718    .data               port.o
    0x20000088   0x08005aa4   0x00000018   Data   RW         5892    .data               foc_i.o
    0x200000a0   0x08005abc   0x00000004   Data   RW         6111    .data               os_foc_task.o
    0x200000a4        -       0x0000006c   Zero   RW          318    .bss                adc.o
    0x20000110        -       0x000000b0   Zero   RW          363    .bss                fdcan.o
    0x200001c0        -       0x00000064   Zero   RW          421    .bss                spi.o
    0x20000224        -       0x0000004c   Zero   RW          464    .bss                tim.o
    0x20000270        -       0x0000004c   Zero   RW          614    .bss                stm32g4xx_hal_timebase_tim.o
    0x200002bc        -       0x000000f0   Zero   RW         5005    .bss                tasks.o
    0x200003ac        -       0x00000c00   Zero   RW         5649    .bss                heap_4.o
    0x20000fac        -       0x000000b8   Zero   RW         5891    .bss                foc_i.o
    0x20001064        -       0x0000008c   Zero   RW         6109    .bss                os_foc_task.o
    0x200010f0        -       0x00000800   Zero   RW            1    STACK               startup_stm32g474xx.o


==============================================================================

Image component sizes


      Code (inc. data)   RO Data    RW Data    ZI Data      Debug   Object Name

       344         22          0          0        108       1825   adc.o
        60          8         65          8          0       1275   app_freertos.o
        82          0          0          0          0      12757   cmsis_os.o
       228         32          0          0          0       1595   encoder.o
         0          0          0          0          0       7568   event_groups.o
       284         28          0          8        176       2443   fdcan.o
       476         42          0         24        184       2362   foc_i.o
       354         12          0          0          0       3002   foc_use.o
       196         12          0          0          0        971   gpio.o
       472         24          0         32       3072       7263   heap_4.o
       138          0          0          0          0       3410   list.o
       296         16          0          0          0     944392   main.o
       534         32          0          0          0       4826   observer.o
       396         64          0          4        140       3368   os_foc_task.o
       346          4          0          0          0       1770   pid.o
       702         72          0         12          0      10756   port.o
       180         22          0          0        100       1613   spi.o
        36          8        472          0       2048        816   startup_stm32g474xx.o
        58         10          0         12          0       2894   stm32g4xx_hal.o
       772         74          0          0          0      71012   stm32g4xx_hal_adc.o
      2090        120          0          0          0      75643   stm32g4xx_hal_adc_ex.o
       158         14          0          0          0      32930   stm32g4xx_hal_cortex.o
      1548         30         16          0          0      14526   stm32g4xx_hal_fdcan.o
       594         34          0          0          0       2284   stm32g4xx_hal_gpio.o
        60          6          0          0          0        830   stm32g4xx_hal_msp.o
       204         18          0          0          0       1361   stm32g4xx_hal_pwr_ex.o
      1712         86          0          0          0       6206   stm32g4xx_hal_rcc.o
       768         10          0          0          0       1920   stm32g4xx_hal_rcc_ex.o
      1334         10          0          0          0       6277   stm32g4xx_hal_spi.o
      2482        286          0          0          0      15231   stm32g4xx_hal_tim.o
       596         82          0          0          0       7551   stm32g4xx_hal_tim_ex.o
       136         20          0          0         76       1359   stm32g4xx_hal_timebase_tim.o
        56         16          0          0          0       4066   stm32g4xx_it.o
        16          4         24          4          0       1067   system_stm32g4xx.o
      1546        126          0         60        240      19192   tasks.o
       436         32          0          0         76       2407   tim.o

    ----------------------------------------------------------------------
     19726       1376        612        164       6220    1278768   Object Totals
         0          0         32          0          0          0   (incl. Generated)
        36          0          3          0          0          0   (incl. Padding)

    ----------------------------------------------------------------------

      Code (inc. data)   RO Data    RW Data    ZI Data      Debug   Library Member Name

         0          0       2052          0          0       4961   arm_common_tables.o
       160         12          0          0          0       1103   arm_cos_f32.o
       152         12          0          0          0       1098   arm_sin_f32.o
         0          0          0          0          0          0   entry.o
         0          0          0          0          0          0   entry10a.o
         0          0          0          0          0          0   entry11a.o
         4          0          0          0          0          0   entry12b.o
         8          4          0          0          0          0   entry2.o
         4          0          0          0          0          0   entry5.o
         0          0          0          0          0          0   entry7b.o
         0          0          0          0          0          0   entry8b.o
         8          4          0          0          0          0   entry9a.o
        30          0          0          0          0          0   handlers.o
        36          8          0          0          0         68   init.o
         0          0          0          0          0          0   iusefp.o
        36          0          0          0          0         68   memcpya.o
        36          0          0          0          0        108   memseta.o
        56          0          0          0          0         88   d2f.o
        38          0          0          0          0         68   f2d.o
       110          0          0          0          0        168   fepilogue.o

    ----------------------------------------------------------------------
       678         40       2052          0          0       7730   Library Totals
         0          0          0          0          0          0   (incl. Padding)

    ----------------------------------------------------------------------

      Code (inc. data)   RO Data    RW Data    ZI Data      Debug   Library Name

       312         24       2052          0          0       7162   arm_cortexM4lf_math.lib
       162         16          0          0          0        244   mc_w.l
       204          0          0          0          0        324   mf_w.l

    ----------------------------------------------------------------------
       678         40       2052          0          0       7730   Library Totals

    ----------------------------------------------------------------------

==============================================================================


      Code (inc. data)   RO Data    RW Data    ZI Data      Debug   

     20404       1416       2664        164       6220    1271582   Grand Totals
     20404       1416       2664        164       6220    1271582   ELF Image Totals
     20404       1416       2664        164          0          0   ROM Totals

==============================================================================

    Total RO  Size (Code + RO Data)                23068 (  22.53kB)
    Total RW  Size (RW Data + ZI Data)              6384 (   6.23kB)
    Total ROM Size (Code + RO Data + RW Data)      23232 (  22.69kB)

==============================================================================

