<html>
<body>
<pre>
<h1>µVision Build Log</h1>
<h2>Tool Versions:</h2>
IDE-Version: ¶ÃVision V5.39.0.0
Copyright (C) 2023 ARM Ltd and ARM Germany GmbH. All rights reserved.
License Information: 123123 123, 123, LIC=RC93N-YVC02-CXZU6-DHY9S-KQD69-F20GE
 
Tool Versions:
Toolchain:       MDK-ARM Plus  Version: 5.39.0.0
Toolchain Path:  D:\keil\ARM\ARMCC\Bin
C Compiler:      Armcc.exe V5.06 update 7 (build 960)
Assembler:       Armasm.exe V5.06 update 7 (build 960)
Linker/Locator:  ArmLink.exe V5.06 update 7 (build 960)
Library Manager: ArmAr.exe V5.06 update 7 (build 960)
Hex Converter:   FromElf.exe V5.06 update 7 (build 960)
CPU DLL:         SARMCM3.DLL V5.39.0.0
Dialog DLL:      DCM.DLL V1.17.5.0
Target DLL:      Segger\JL2CM3.dll V2.99.43.0
Dialog DLL:      TCM.DLL V1.56.4.0
 
<h2>Project:</h2>
D:\STM32\G4_FOC\MDK-ARM\G4_FOC.uvprojx
Project File Date:  11/07/2024

<h2>Output:</h2>
*** Using Compiler 'V5.06 update 7 (build 960)', folder: 'D:\keil\ARM\ARMCC\Bin'
Rebuild target 'G4_FOC'
assembling startup_stm32g474xx.s...
compiling stm32g4xx_ll_adc.c...
compiling stm32g4xx_it.c...
compiling gpio.c...
compiling stm32g4xx_hal_adc_ex.c...
compiling adc.c...
compiling app_freertos.c...
compiling stm32g4xx_hal_rcc.c...
compiling stm32g4xx_hal_msp.c...
compiling main.c...
compiling stm32g4xx_hal.c...
compiling stm32g4xx_hal_timebase_tim.c...
compiling spi.c...
compiling tim.c...
compiling stm32g4xx_hal_rcc_ex.c...
compiling stm32g4xx_hal_adc.c...
compiling fdcan.c...
compiling stm32g4xx_hal_gpio.c...
compiling croutine.c...
compiling stm32g4xx_hal_flash.c...
compiling event_groups.c...
compiling list.c...
compiling stream_buffer.c...
compiling queue.c...
compiling stm32g4xx_hal_cortex.c...
compiling timers.c...
compiling stm32g4xx_hal_flash_ramfunc.c...
compiling tasks.c...
compiling heap_4.c...
compiling cmsis_os.c...
compiling port.c...
compiling stm32g4xx_hal_flash_ex.c...
compiling stm32g4xx_hal_exti.c...
compiling stm32g4xx_hal_dma.c...
compiling stm32g4xx_hal_pwr.c...
compiling stm32g4xx_hal_spi.c...
compiling stm32g4xx_hal_pwr_ex.c...
compiling stm32g4xx_hal_dma_ex.c...
compiling stm32g4xx_hal_fdcan.c...
compiling stm32g4xx_hal_spi_ex.c...
compiling PID.c...
compiling stm32g4xx_hal_tim_ex.c...
compiling observer.c...
..\FOC\observer.c(7): warning:  #1035-D: single-precision operand implicitly converted to double-precision
  	while (*angle < - M_PI)  { *angle += 2.0 * M_PI;  }
..\FOC\observer.c(8): warning:  #1035-D: single-precision operand implicitly converted to double-precision
  	while (*angle >=  M_PI)  { *angle -= 2.0 * M_PI;  }
..\FOC\observer.c(57): warning:  #1035-D: single-precision operand implicitly converted to double-precision
  	UTILS_NAN_ZERO(observer->x1);
..\FOC\observer.c(58): warning:  #1035-D: single-precision operand implicitly converted to double-precision
    UTILS_NAN_ZERO(observer->x2);
..\FOC\observer.c(94): warning:  #1035-D: single-precision operand implicitly converted to double-precision
  	UTILS_NAN_ZERO(pll->pll_phase_var);//nan≈–∂œ
..\FOC\observer.c(103): warning:  #1035-D: single-precision operand implicitly converted to double-precision
    UTILS_NAN_ZERO(pll->pll_speed_ver); //nan≈–∂œ
..\FOC\observer.c(141): warning:  #1035-D: single-precision operand implicitly converted to double-precision
  	UTILS_NAN_ZERO(pll->pll_ang); //nan≈–∂œ
..\FOC\observer.c(148): warning:  #1035-D: single-precision operand implicitly converted to double-precision
    UTILS_NAN_ZERO(pll->pll_speeed); //nan≈–∂œ
..\FOC\observer.c: 8 warnings, 0 errors
compiling system_stm32g4xx.c...
compiling FOC_I.c...
compiling encoder.c...
compiling foc_use.c...
compiling os_foc_task.c...
compiling stm32g4xx_hal_tim.c...
linking...
Program Size: Code=20404 RO-data=2664 RW-data=164 ZI-data=6220  
FromELF: creating hex file...
"G4_FOC\G4_FOC.axf" - 0 Error(s), 8 Warning(s).

<h2>Software Packages used:</h2>

Package Vendor: ARM
                http://www.keil.com/pack/ARM.CMSIS.5.9.0.pack
                ARM::CMSIS@5.9.0
                CMSIS (Common Microcontroller Software Interface Standard)
   * Component: CORE Version: 5.6.0

Package Vendor: Keil
                https://www.keil.com/pack/Keil.STM32G4xx_DFP.1.5.0.pack
                Keil::STM32G4xx_DFP@1.5.0
                STMicroelectronics STM32G4 Series Device Support, Drivers and Examples

<h2>Collection of Component include folders:</h2>
  ./RTE/_G4_FOC
  D:/keil/packs/ARM/CMSIS/5.9.0/CMSIS/Core/Include
  D:/keil/packs/Keil/STM32G4xx_DFP/1.5.0/Drivers/CMSIS/Device/ST/STM32G4xx/Include

<h2>Collection of Component Files used:</h2>

   * Component: ARM::CMSIS:CORE@5.6.0
      Include file:  CMSIS/Core/Include/tz_context.h
Build Time Elapsed:  00:00:26
</pre>
</body>
</html>
