Component: ARM Compiler 5.06 update 7 (build 960) Tool: armlink [4d3601]

==============================================================================

Section Cross References

    startup_stm32g474xx.o(RESET) refers to startup_stm32g474xx.o(STACK) for __initial_sp
    startup_stm32g474xx.o(RESET) refers to startup_stm32g474xx.o(.text) for Reset_Handler
    startup_stm32g474xx.o(RESET) refers to stm32g4xx_it.o(i.NMI_Handler) for NMI_Handler
    startup_stm32g474xx.o(RESET) refers to stm32g4xx_it.o(i.HardFault_Handler) for HardFault_Handler
    startup_stm32g474xx.o(RESET) refers to stm32g4xx_it.o(i.MemManage_Handler) for MemManage_Handler
    startup_stm32g474xx.o(RESET) refers to stm32g4xx_it.o(i.BusFault_Handler) for BusFault_Handler
    startup_stm32g474xx.o(RESET) refers to stm32g4xx_it.o(i.UsageFault_Handler) for UsageFault_Handler
    startup_stm32g474xx.o(RESET) refers to port.o(.emb_text) for SVC_Handler
    startup_stm32g474xx.o(RESET) refers to stm32g4xx_it.o(i.DebugMon_Handler) for DebugMon_Handler
    startup_stm32g474xx.o(RESET) refers to cmsis_os2.o(i.SysTick_Handler) for SysTick_Handler
    startup_stm32g474xx.o(RESET) refers to stm32g4xx_it.o(i.TIM1_UP_TIM16_IRQHandler) for TIM1_UP_TIM16_IRQHandler
    startup_stm32g474xx.o(RESET) refers to stm32g4xx_it.o(i.TIM6_DAC_IRQHandler) for TIM6_DAC_IRQHandler
    startup_stm32g474xx.o(.text) refers to system_stm32g4xx.o(i.SystemInit) for SystemInit
    startup_stm32g474xx.o(.text) refers to entry.o(.ARM.Collect$$$$00000000) for __main
    main.o(i.HAL_TIM_PeriodElapsedCallback) refers to stm32g4xx_hal.o(i.HAL_IncTick) for HAL_IncTick
    main.o(i.SystemClock_Config) refers to memseta.o(.text) for __aeabi_memclr4
    main.o(i.SystemClock_Config) refers to stm32g4xx_hal_pwr_ex.o(i.HAL_PWREx_ControlVoltageScaling) for HAL_PWREx_ControlVoltageScaling
    main.o(i.SystemClock_Config) refers to stm32g4xx_hal_rcc.o(i.HAL_RCC_OscConfig) for HAL_RCC_OscConfig
    main.o(i.SystemClock_Config) refers to stm32g4xx_hal_rcc.o(i.HAL_RCC_ClockConfig) for HAL_RCC_ClockConfig
    main.o(i.main) refers to stm32g4xx_hal.o(i.HAL_Init) for HAL_Init
    main.o(i.main) refers to main.o(i.SystemClock_Config) for SystemClock_Config
    main.o(i.main) refers to gpio.o(i.MX_GPIO_Init) for MX_GPIO_Init
    main.o(i.main) refers to tim.o(i.MX_TIM1_Init) for MX_TIM1_Init
    main.o(i.main) refers to adc.o(i.MX_ADC1_Init) for MX_ADC1_Init
    main.o(i.main) refers to spi.o(i.MX_SPI1_Init) for MX_SPI1_Init
    main.o(i.main) refers to stm32g4xx_hal_adc_ex.o(i.HAL_ADCEx_InjectedStart) for HAL_ADCEx_InjectedStart
    main.o(i.main) refers to stm32g4xx_hal_tim.o(i.HAL_TIM_PWM_Start) for HAL_TIM_PWM_Start
    main.o(i.main) refers to stm32g4xx_hal_tim_ex.o(i.HAL_TIMEx_PWMN_Start) for HAL_TIMEx_PWMN_Start
    main.o(i.main) refers to stm32g4xx_hal_cortex.o(i.HAL_NVIC_SetPriority) for HAL_NVIC_SetPriority
    main.o(i.main) refers to stm32g4xx_hal_cortex.o(i.HAL_NVIC_EnableIRQ) for HAL_NVIC_EnableIRQ
    main.o(i.main) refers to cmsis_os2.o(i.osKernelInitialize) for osKernelInitialize
    main.o(i.main) refers to app_freertos.o(i.MX_FREERTOS_Init) for MX_FREERTOS_Init
    main.o(i.main) refers to cmsis_os2.o(i.osKernelStart) for osKernelStart
    main.o(i.main) refers to adc.o(.bss) for hadc1
    main.o(i.main) refers to tim.o(.bss) for htim1
    gpio.o(i.MX_GPIO_Init) refers to memseta.o(.text) for __aeabi_memclr4
    gpio.o(i.MX_GPIO_Init) refers to stm32g4xx_hal_gpio.o(i.HAL_GPIO_WritePin) for HAL_GPIO_WritePin
    gpio.o(i.MX_GPIO_Init) refers to stm32g4xx_hal_gpio.o(i.HAL_GPIO_Init) for HAL_GPIO_Init
    app_freertos.o(i.MX_FREERTOS_Init) refers to cmsis_os2.o(i.osThreadNew) for osThreadNew
    app_freertos.o(i.MX_FREERTOS_Init) refers to app_freertos.o(.constdata) for .constdata
    app_freertos.o(i.MX_FREERTOS_Init) refers to os_foc_task.o(i.StartKEY_LED_Task) for StartKEY_LED_Task
    app_freertos.o(i.MX_FREERTOS_Init) refers to app_freertos.o(.data) for .data
    app_freertos.o(i.MX_FREERTOS_Init) refers to os_foc_task.o(i.StartFOC_Task) for StartFOC_Task
    app_freertos.o(i.StartFOC_Task) refers to cmsis_os2.o(i.osDelay) for osDelay
    app_freertos.o(i.StartKEY_LED_Task) refers to cmsis_os2.o(i.osDelay) for osDelay
    app_freertos.o(.constdata) refers to app_freertos.o(.conststring) for .conststring
    adc.o(i.HAL_ADC_MspDeInit) refers to stm32g4xx_hal_gpio.o(i.HAL_GPIO_DeInit) for HAL_GPIO_DeInit
    adc.o(i.HAL_ADC_MspInit) refers to memseta.o(.text) for __aeabi_memclr4
    adc.o(i.HAL_ADC_MspInit) refers to stm32g4xx_hal_rcc_ex.o(i.HAL_RCCEx_PeriphCLKConfig) for HAL_RCCEx_PeriphCLKConfig
    adc.o(i.HAL_ADC_MspInit) refers to main.o(i.Error_Handler) for Error_Handler
    adc.o(i.HAL_ADC_MspInit) refers to stm32g4xx_hal_gpio.o(i.HAL_GPIO_Init) for HAL_GPIO_Init
    adc.o(i.MX_ADC1_Init) refers to memseta.o(.text) for __aeabi_memclr4
    adc.o(i.MX_ADC1_Init) refers to stm32g4xx_hal_adc.o(i.HAL_ADC_Init) for HAL_ADC_Init
[...]
    i.SPI_EndRxTxTransaction                 0x08003412   Section        0  stm32g4xx_hal_spi.o(i.SPI_EndRxTxTransaction)
    SPI_EndRxTxTransaction                   0x08003413   Thumb Code    72  stm32g4xx_hal_spi.o(i.SPI_EndRxTxTransaction)
    i.SPI_WaitFifoStateUntilTimeout          0x0800345c   Section        0  stm32g4xx_hal_spi.o(i.SPI_WaitFifoStateUntilTimeout)
    SPI_WaitFifoStateUntilTimeout            0x0800345d   Thumb Code   218  stm32g4xx_hal_spi.o(i.SPI_WaitFifoStateUntilTimeout)
    i.SPI_WaitFlagStateUntilTimeout          0x0800353c   Section        0  stm32g4xx_hal_spi.o(i.SPI_WaitFlagStateUntilTimeout)
    SPI_WaitFlagStateUntilTimeout            0x0800353d   Thumb Code   180  stm32g4xx_hal_spi.o(i.SPI_WaitFlagStateUntilTimeout)
    i.StartFOC_Task                          0x080035f4   Section        0  os_foc_task.o(i.StartFOC_Task)
    i.StartKEY_LED_Task                      0x08003808   Section        0  os_foc_task.o(i.StartKEY_LED_Task)
    i.SysTick_Handler                        0x08003810   Section        0  cmsis_os2.o(i.SysTick_Handler)
    i.SystemClock_Config                     0x0800382a   Section        0  main.o(i.SystemClock_Config)
    i.SystemInit                             0x08003890   Section        0  system_stm32g4xx.o(i.SystemInit)
    i.TIM1_UP_TIM16_IRQHandler               0x080038a0   Section        0  stm32g4xx_it.o(i.TIM1_UP_TIM16_IRQHandler)
    i.TIM6_DAC_IRQHandler                    0x080038d0   Section        0  stm32g4xx_it.o(i.TIM6_DAC_IRQHandler)
    i.TIM_Base_SetConfig                     0x080038dc   Section        0  stm32g4xx_hal_tim.o(i.TIM_Base_SetConfig)
    i.TIM_CCxChannelCmd                      0x080039c0   Section        0  stm32g4xx_hal_tim.o(i.TIM_CCxChannelCmd)
    i.TIM_CCxNChannelCmd                     0x080039da   Section        0  stm32g4xx_hal_tim_ex.o(i.TIM_CCxNChannelCmd)
    TIM_CCxNChannelCmd                       0x080039db   Thumb Code    26  stm32g4xx_hal_tim_ex.o(i.TIM_CCxNChannelCmd)
    i.TIM_OC1_SetConfig                      0x080039f4   Section        0  stm32g4xx_hal_tim.o(i.TIM_OC1_SetConfig)
    TIM_OC1_SetConfig                        0x080039f5   Thumb Code   144  stm32g4xx_hal_tim.o(i.TIM_OC1_SetConfig)
    i.TIM_OC2_SetConfig                      0x08003aa0   Section        0  stm32g4xx_hal_tim.o(i.TIM_OC2_SetConfig)
    i.TIM_OC3_SetConfig                      0x08003b40   Section        0  stm32g4xx_hal_tim.o(i.TIM_OC3_SetConfig)
    TIM_OC3_SetConfig                        0x08003b41   Thumb Code   130  stm32g4xx_hal_tim.o(i.TIM_OC3_SetConfig)
    i.TIM_OC4_SetConfig                      0x08003be0   Section        0  stm32g4xx_hal_tim.o(i.TIM_OC4_SetConfig)
    TIM_OC4_SetConfig                        0x08003be1   Thumb Code   132  stm32g4xx_hal_tim.o(i.TIM_OC4_SetConfig)
    i.TIM_OC5_SetConfig                      0x08003c80   Section        0  stm32g4xx_hal_tim.o(i.TIM_OC5_SetConfig)
    TIM_OC5_SetConfig                        0x08003c81   Thumb Code    92  stm32g4xx_hal_tim.o(i.TIM_OC5_SetConfig)
    i.TIM_OC6_SetConfig                      0x08003cf8   Section        0  stm32g4xx_hal_tim.o(i.TIM_OC6_SetConfig)
    TIM_OC6_SetConfig                        0x08003cf9   Thumb Code    94  stm32g4xx_hal_tim.o(i.TIM_OC6_SetConfig)
    i.UsageFault_Handler                     0x08003d74   Section        0  stm32g4xx_it.o(i.UsageFault_Handler)
    i.__ARM_fpclassifyf                      0x08003d76   Section        0  fpclassifyf.o(i.__ARM_fpclassifyf)
    i.__NVIC_SetPriority                     0x08003d9c   Section        0  stm32g4xx_hal_cortex.o(i.__NVIC_SetPriority)
    __NVIC_SetPriority                       0x08003d9d   Thumb Code    32  stm32g4xx_hal_cortex.o(i.__NVIC_SetPriority)
    i.__hardfp_atan2f                        0x08003dbc   Section        0  atan2f.o(i.__hardfp_atan2f)
    i.__hardfp_cosf                          0x08004068   Section        0  cosf.o(i.__hardfp_cosf)
    i.__hardfp_sinf                          0x080041b8   Section        0  sinf.o(i.__hardfp_sinf)
    i.__mathlib_flt_infnan                   0x08004348   Section        0  funder.o(i.__mathlib_flt_infnan)
    i.__mathlib_flt_infnan2                  0x0800434e   Section        0  funder.o(i.__mathlib_flt_infnan2)
    i.__mathlib_flt_invalid                  0x08004354   Section        0  funder.o(i.__mathlib_flt_invalid)
    i.__mathlib_flt_underflow                0x08004364   Section        0  funder.o(i.__mathlib_flt_underflow)
    i.__mathlib_rredf2                       0x08004374   Section        0  rredf.o(i.__mathlib_rredf2)
    i.__scatterload_copy                     0x080044c8   Section       14  handlers.o(i.__scatterload_copy)
    i.__scatterload_null                     0x080044d6   Section        2  handlers.o(i.__scatterload_null)
    i.__scatterload_zeroinit                 0x080044d8   Section       14  handlers.o(i.__scatterload_zeroinit)
    i.__set_errno                            0x080044e8   Section        0  errno.o(i.__set_errno)
    i.clarke_transform                       0x080044f4   Section        0  foc_use.o(i.clarke_transform)
    i.foc_task                               0x08004530   Section        0  foc_i.o(i.foc_task)
    i.inverse_park                           0x08004788   Section        0  foc_use.o(i.inverse_park)
    i.main                                   0x080047b4   Section        0  main.o(i.main)
    i.osDelay                                0x08004860   Section        0  cmsis_os2.o(i.osDelay)
    i.osKernelInitialize                     0x0800487c   Section        0  cmsis_os2.o(i.osKernelInitialize)
    i.osKernelStart                          0x080048a0   Section        0  cmsis_os2.o(i.osKernelStart)
    i.osThreadNew                            0x080048d8   Section        0  cmsis_os2.o(i.osThreadNew)
    i.park_transform                         0x08004962   Section        0  foc_use.o(i.park_transform)
    i.prvAddCurrentTaskToDelayedList         0x0800498c   Section        0  tasks.o(i.prvAddCurrentTaskToDelayedList)
    prvAddCurrentTaskToDelayedList           0x0800498d   Thumb Code    84  tasks.o(i.prvAddCurrentTaskToDelayedList)
    i.prvAddNewTaskToReadyList               0x080049e8   Section        0  tasks.o(i.prvAddNewTaskToReadyList)
    prvAddNewTaskToReadyList                 0x080049e9   Thumb Code   190  tasks.o(i.prvAddNewTaskToReadyList)
    i.prvCheckForValidListAndQueue           0x08004ab8   Section        0  timers.o(i.prvCheckForValidListAndQueue)
    prvCheckForValidListAndQueue             0x08004ab9   Thumb Code    72  timers.o(i.prvCheckForValidListAndQueue)
    i.prvCopyDataFromQueue                   0x08004b10   Section        0  queue.o(i.prvCopyDataFromQueue)
    prvCopyDataFromQueue                     0x08004b11   Thumb Code    38  queue.o(i.prvCopyDataFromQueue)
    i.prvCopyDataToQueue                     0x08004b36   Section        0  queue.o(i.prvCopyDataToQueue)
    prvCopyDataToQueue                       0x08004b37   Thumb Code   108  queue.o(i.prvCopyDataToQueue)
    i.prvDeleteTCB                           0x08004ba2   Section        0  tasks.o(i.prvDeleteTCB)
    prvDeleteTCB                             0x08004ba3   Thumb Code    52  tasks.o(i.prvDeleteTCB)
    i.prvHeapInit                            0x08004bd8   Section        0  heap_4.o(i.prvHeapInit)
    prvHeapInit                              0x08004bd9   Thumb Code    66  heap_4.o(i.prvHeapInit)
    i.prvIdleTask                            0x08004c24   Section        0  tasks.o(i.prvIdleTask)
    prvIdleTask                              0x08004c25   Thumb Code    82  tasks.o(i.prvIdleTask)
    i.prvInitialiseNewQueue                  0x08004c84   Section        0  queue.o(i.prvInitialiseNewQueue)
    prvInitialiseNewQueue                    0x08004c85   Thumb Code    34  queue.o(i.prvInitialiseNewQueue)
    i.prvInitialiseNewTask                   0x08004ca8   Section        0  tasks.o(i.prvInitialiseNewTask)
    prvInitialiseNewTask                     0x08004ca9   Thumb Code   176  tasks.o(i.prvInitialiseNewTask)
    i.prvInsertBlockIntoFreeList             0x08004d58   Section        0  heap_4.o(i.prvInsertBlockIntoFreeList)
    prvInsertBlockIntoFreeList               0x08004d59   Thumb Code    72  heap_4.o(i.prvInsertBlockIntoFreeList)
    i.prvInsertTimerInActiveList             0x08004da4   Section        0  timers.o(i.prvInsertTimerInActiveList)
    prvInsertTimerInActiveList               0x08004da5   Thumb Code    52  timers.o(i.prvInsertTimerInActiveList)
    i.prvIsQueueEmpty                        0x08004ddc   Section        0  queue.o(i.prvIsQueueEmpty)
    prvIsQueueEmpty                          0x08004ddd   Thumb Code    28  queue.o(i.prvIsQueueEmpty)
    i.prvProcessReceivedCommands             0x08004df8   Section        0  timers.o(i.prvProcessReceivedCommands)
    prvProcessReceivedCommands               0x08004df9   Thumb Code   248  timers.o(i.prvProcessReceivedCommands)
    i.prvProcessTimerOrBlockTask             0x08004ef4   Section        0  timers.o(i.prvProcessTimerOrBlockTask)
    prvProcessTimerOrBlockTask               0x08004ef5   Thumb Code   182  timers.o(i.prvProcessTimerOrBlockTask)
    i.prvResetNextTaskUnblockTime            0x08004fb4   Section        0  tasks.o(i.prvResetNextTaskUnblockTime)
    prvResetNextTaskUnblockTime              0x08004fb5   Thumb Code    26  tasks.o(i.prvResetNextTaskUnblockTime)
    i.prvSampleTimeNow                       0x08004fd4   Section        0  timers.o(i.prvSampleTimeNow)
    prvSampleTimeNow                         0x08004fd5   Thumb Code    36  timers.o(i.prvSampleTimeNow)
    i.prvSwitchTimerLists                    0x08004ffc   Section        0  timers.o(i.prvSwitchTimerLists)
    prvSwitchTimerLists                      0x08004ffd   Thumb Code   104  timers.o(i.prvSwitchTimerLists)
    i.prvTaskExitError                       0x08005068   Section        0  port.o(i.prvTaskExitError)
    prvTaskExitError                         0x08005069   Thumb Code    36  port.o(i.prvTaskExitError)
    i.prvTimerTask                           0x08005090   Section        0  timers.o(i.prvTimerTask)
    prvTimerTask                             0x08005091   Thumb Code    32  timers.o(i.prvTimerTask)
    i.prvUnlockQueue                         0x080050b4   Section        0  queue.o(i.prvUnlockQueue)
    prvUnlockQueue                           0x080050b5   Thumb Code   106  queue.o(i.prvUnlockQueue)
    i.pvPortMalloc                           0x08005120   Section        0  heap_4.o(i.pvPortMalloc)
    i.pxPortInitialiseStack                  0x080051fc   Section        0  port.o(i.pxPortInitialiseStack)
    i.read_g_MT6835                          0x08005228   Section        0  encoder.o(i.read_g_MT6835)
    i.read_mt6835_data                       0x0800529c   Section        0  encoder.o(i.read_mt6835_data)
    i.sin_cos_val                            0x0800530c   Section        0  foc_use.o(i.sin_cos_val)
    i.svpwm_midpoint                         0x0800532c   Section        0  foc_use.o(i.svpwm_midpoint)
    i.utils_norm_angle_rad                   0x080053f4   Section        0  observer.o(i.utils_norm_angle_rad)
    i.uxListRemove                           0x08005434   Section        0  list.o(i.uxListRemove)
    i.vApplicationGetIdleTaskMemory          0x0800545c   Section        0  cmsis_os2.o(i.vApplicationGetIdleTaskMemory)
    i.vApplicationGetTimerTaskMemory         0x08005470   Section        0  cmsis_os2.o(i.vApplicationGetTimerTaskMemory)
    i.vListInitialise                        0x08005488   Section        0  list.o(i.vListInitialise)
    i.vListInitialiseItem                    0x0800549e   Section        0  list.o(i.vListInitialiseItem)
    i.vListInsert                            0x080054a4   Section        0  list.o(i.vListInsert)
    i.vListInsertEnd                         0x080054d4   Section        0  list.o(i.vListInsertEnd)
    i.vPortEnterCritical                     0x080054ec   Section        0  port.o(i.vPortEnterCritical)
    i.vPortExitCritical                      0x0800552c   Section        0  port.o(i.vPortExitCritical)
    i.vPortFree                              0x08005554   Section        0  heap_4.o(i.vPortFree)
    i.vPortSetupTimerInterrupt               0x080055b8   Section        0  port.o(i.vPortSetupTimerInterrupt)
    i.vPortValidateInterruptPriority         0x080055dc   Section        0  port.o(i.vPortValidateInterruptPriority)
    i.vQueueAddToRegistry                    0x08005630   Section        0  queue.o(i.vQueueAddToRegistry)
    i.vQueueWaitForMessageRestricted         0x08005658   Section        0  queue.o(i.vQueueWaitForMessageRestricted)
    i.vTaskDelay                             0x0800569c   Section        0  tasks.o(i.vTaskDelay)
    i.vTaskDelayUntil                        0x080056e8   Section        0  tasks.o(i.vTaskDelayUntil)
    i.vTaskInternalSetTimeOutState           0x08005774   Section        0  tasks.o(i.vTaskInternalSetTimeOutState)
    i.vTaskMissedYield                       0x08005784   Section        0  tasks.o(i.vTaskMissedYield)
    i.vTaskPlaceOnEventList                  0x08005790   Section        0  tasks.o(i.vTaskPlaceOnEventList)
    i.vTaskPlaceOnEventListRestricted        0x080057c0   Section        0  tasks.o(i.vTaskPlaceOnEventListRestricted)
    i.vTaskStartScheduler                    0x080057f8   Section        0  tasks.o(i.vTaskStartScheduler)
    i.vTaskSuspendAll                        0x08005880   Section        0  tasks.o(i.vTaskSuspendAll)
    i.vTaskSwitchContext                     0x08005890   Section        0  tasks.o(i.vTaskSwitchContext)
    i.xPortStartScheduler                    0x080058f4   Section        0  port.o(i.xPortStartScheduler)
    i.xPortSysTickHandler                    0x080059e8   Section        0  port.o(i.xPortSysTickHandler)
    i.xQueueGenericCreateStatic              0x08005a14   Section        0  queue.o(i.xQueueGenericCreateStatic)
    i.xQueueGenericReset                     0x08005a7c   Section        0  queue.o(i.xQueueGenericReset)
    i.xQueueGenericSend                      0x08005b04   Section        0  queue.o(i.xQueueGenericSend)
    i.xQueueGenericSendFromISR               0x08005c64   Section        0  queue.o(i.xQueueGenericSendFromISR)
    i.xQueueReceive                          0x08005d24   Section        0  queue.o(i.xQueueReceive)
    i.xTaskCheckForTimeOut                   0x08005e5c   Section        0  tasks.o(i.xTaskCheckForTimeOut)
    i.xTaskCreate                            0x08005ed0   Section        0  tasks.o(i.xTaskCreate)
    i.xTaskCreateStatic                      0x08005f2a   Section        0  tasks.o(i.xTaskCreateStatic)
    i.xTaskGetSchedulerState                 0x08005f80   Section        0  tasks.o(i.xTaskGetSchedulerState)
    i.xTaskGetTickCount                      0x08005f9c   Section        0  tasks.o(i.xTaskGetTickCount)
    i.xTaskIncrementTick                     0x08005fa8   Section        0  tasks.o(i.xTaskIncrementTick)
    i.xTaskPriorityDisinherit                0x08006070   Section        0  tasks.o(i.xTaskPriorityDisinherit)
    i.xTaskRemoveFromEventList               0x080060f0   Section        0  tasks.o(i.xTaskRemoveFromEventList)
    i.xTaskResumeAll                         0x08006160   Section        0  tasks.o(i.xTaskResumeAll)
    i.xTimerCreateTimerTask                  0x08006224   Section        0  timers.o(i.xTimerCreateTimerTask)
    i.xTimerGenericCommand                   0x08006284   Section        0  timers.o(i.xTimerGenericCommand)
    .constdata                               0x080062ec   Section       72  app_freertos.o(.constdata)
    .constdata                               0x08006334   Section       16  system_stm32g4xx.o(.constdata)
    .constdata                               0x08006344   Section        8  system_stm32g4xx.o(.constdata)
    .constdata                               0x0800634c   Section       32  rredf.o(.constdata)
    twooverpi                                0x0800634c   Data          32  rredf.o(.constdata)
    .conststring                             0x0800636c   Section       25  app_freertos.o(.conststring)
    .data                                    0x20000000   Section        8  app_freertos.o(.data)
    .data                                    0x20000008   Section       12  stm32g4xx_hal.o(.data)
    .data                                    0x20000014   Section        4  system_stm32g4xx.o(.data)
    .data                                    0x20000018   Section       60  tasks.o(.data)
    uxDeletedTasksWaitingCleanUp             0x2000001c   Data           4  tasks.o(.data)
    uxCurrentNumberOfTasks                   0x20000020   Data           4  tasks.o(.data)
    xTickCount                               0x20000024   Data           4  tasks.o(.data)
    uxTopReadyPriority                       0x20000028   Data           4  tasks.o(.data)
    xSchedulerRunning                        0x2000002c   Data           4  tasks.o(.data)
    xPendedTicks                             0x20000030   Data           4  tasks.o(.data)
    xYieldPending                            0x20000034   Data           4  tasks.o(.data)
    xNumOfOverflows                          0x20000038   Data           4  tasks.o(.data)
    uxTaskNumber                             0x2000003c   Data           4  tasks.o(.data)
    xNextTaskUnblockTime                     0x20000040   Data           4  tasks.o(.data)
    xIdleTaskHandle                          0x20000044   Data           4  tasks.o(.data)
    uxSchedulerSuspended                     0x20000048   Data           4  tasks.o(.data)
    pxDelayedTaskList                        0x2000004c   Data           4  tasks.o(.data)
    pxOverflowDelayedTaskList                0x20000050   Data           4  tasks.o(.data)
    .data                                    0x20000054   Section       20  timers.o(.data)
    xTimerQueue                              0x20000054   Data           4  timers.o(.data)
    xTimerTaskHandle                         0x20000058   Data           4  timers.o(.data)
    xLastTime                                0x2000005c   Data           4  timers.o(.data)
    pxCurrentTimerList                       0x20000060   Data           4  timers.o(.data)
    pxOverflowTimerList                      0x20000064   Data           4  timers.o(.data)
    .data                                    0x20000068   Section        4  cmsis_os2.o(.data)
    KernelState                              0x20000068   Data           4  cmsis_os2.o(.data)
    .data                                    0x2000006c   Section       32  heap_4.o(.data)
    pxEnd                                    0x2000006c   Data           4  heap_4.o(.data)
    xFreeBytesRemaining                      0x20000070   Data           4  heap_4.o(.data)
    xMinimumEverFreeBytesRemaining           0x20000074   Data           4  heap_4.o(.data)
    xNumberOfSuccessfulAllocations           0x20000078   Data           4  heap_4.o(.data)
    xNumberOfSuccessfulFrees                 0x2000007c   Data           4  heap_4.o(.data)
    xBlockAllocatedBit                       0x20000080   Data           4  heap_4.o(.data)
    xStart                                   0x20000084   Data           8  heap_4.o(.data)
    .data                                    0x2000008c   Section       12  port.o(.data)
    ucMaxSysCallPriority                     0x2000008c   Data           1  port.o(.data)
    uxCriticalNesting                        0x20000090   Data           4  port.o(.data)
    ulMaxPRIGROUPValue                       0x20000094   Data           4  port.o(.data)
    .data                                    0x20000098   Section       28  foc_i.o(.data)
    .data                                    0x200000b4   Section        8  os_foc_task.o(.data)
    .data                                    0x200000bc   Section        4  errno.o(.data)
    _errno                                   0x200000bc   Data           4  errno.o(.data)
    .bss                                     0x200000c0   Section      108  adc.o(.bss)
    .bss                                     0x2000012c   Section      100  spi.o(.bss)
    .bss                                     0x20000190   Section       76  tim.o(.bss)
    .bss                                     0x200001dc   Section       76  stm32g4xx_hal_timebase_tim.o(.bss)
    .bss                                     0x20000228   Section       64  queue.o(.bss)
    .bss                                     0x20000268   Section     1220  tasks.o(.bss)
    pxReadyTasksLists                        0x20000268   Data        1120  tasks.o(.bss)
    xDelayedTaskList1                        0x200006c8   Data          20  tasks.o(.bss)
    xDelayedTaskList2                        0x200006dc   Data          20  tasks.o(.bss)
    xPendingReadyList                        0x200006f0   Data          20  tasks.o(.bss)
    xTasksWaitingTermination                 0x20000704   Data          20  tasks.o(.bss)
    xSuspendedTaskList                       0x20000718   Data          20  tasks.o(.bss)
    .bss                                     0x2000072c   Section      280  timers.o(.bss)
    xStaticTimerQueue                        0x2000072c   Data          80  timers.o(.bss)
    ucStaticTimerQueueStorage                0x2000077c   Data         160  timers.o(.bss)
    xActiveTimerList1                        0x2000081c   Data          20  timers.o(.bss)
    xActiveTimerList2                        0x20000830   Data          20  timers.o(.bss)
    .bss                                     0x20000844   Section     1720  cmsis_os2.o(.bss)
    Idle_TCB                                 0x20000844   Data          92  cmsis_os2.o(.bss)
    Idle_Stack                               0x200008a0   Data         512  cmsis_os2.o(.bss)
    Timer_TCB                                0x20000aa0   Data          92  cmsis_os2.o(.bss)
    Timer_Stack                              0x20000afc   Data        1024  cmsis_os2.o(.bss)
    .bss                                     0x20000efc   Section     3072  heap_4.o(.bss)
    ucHeap                                   0x20000efc   Data        3072  heap_4.o(.bss)
    .bss                                     0x20001afc   Section      184  foc_i.o(.bss)
    .bss                                     0x20001bb4   Section      300  os_foc_task.o(.bss)
    STACK                                    0x20001ce0   Section     2048  startup_stm32g474xx.o(STACK)

    Global Symbols

    Symbol Name                              Value     Ov Type        Size  Object(Section)

    BuildAttributes$$THM_ISAv4$E$P$D$K$B$S$7EM$VFPi3$EXTD16$VFPS$VFMA$PE$A:L22UL41UL21$X:L11$S22US41US21$IEEE1$IW$USESV6$~STKCKD$USESV7$~SHL$OTIME$ROPI$IEEEX$EBA8$MICROLIB$REQ8$PRES8$EABIv2 0x00000000   Number         0  anon$$obj.o ABSOLUTE
    __ARM_use_no_argv                        0x00000000   Number         0  main.o ABSOLUTE
    __arm_fini_                               - Undefined Weak Reference
    __cpp_initialize__aeabi_                  - Undefined Weak Reference
    __cxa_finalize                            - Undefined Weak Reference
    __decompress                              - Undefined Weak Reference
    _clock_init                               - Undefined Weak Reference
    _microlib_exit                            - Undefined Weak Reference
    __Vectors_Size                           0x000001d8   Number         0  startup_stm32g474xx.o ABSOLUTE
    __Vectors                                0x08000000   Data           4  startup_stm32g474xx.o(RESET)
    __Vectors_End                            0x080001d8   Data           0  startup_stm32g474xx.o(RESET)
    __main                                   0x080001d9   Thumb Code     0  entry.o(.ARM.Collect$$$$00000000)
    _main_stk                                0x080001d9   Thumb Code     0  entry2.o(.ARM.Collect$$$$00000001)
    _main_scatterload                        0x080001dd   Thumb Code     0  entry5.o(.ARM.Collect$$$$00000004)
    __main_after_scatterload                 0x080001e1   Thumb Code     0  entry5.o(.ARM.Collect$$$$00000004)
    _main_clock                              0x080001e1   Thumb Code     0  entry7b.o(.ARM.Collect$$$$00000008)
    _main_cpp_init                           0x080001e1   Thumb Code     0  entry8b.o(.ARM.Collect$$$$0000000A)
    _main_init                               0x080001e1   Thumb Code     0  entry9a.o(.ARM.Collect$$$$0000000B)
    __rt_lib_shutdown_fini                   0x080001e9   Thumb Code     0  entry12b.o(.ARM.Collect$$$$0000000E)
    __rt_final_cpp                           0x080001ed   Thumb Code     0  entry10a.o(.ARM.Collect$$$$0000000F)
    __rt_final_exit                          0x080001ed   Thumb Code     0  entry11a.o(.ARM.Collect$$$$00000011)
    SVC_Handler                              0x080001f1   Thumb Code    28  port.o(.emb_text)
    __asm___6_port_c_39a90d8d__prvStartFirstTask 0x08000211   Thumb Code    36  port.o(.emb_text)
    __asm___6_port_c_39a90d8d__prvEnableVFP  0x08000239   Thumb Code    16  port.o(.emb_text)
    PendSV_Handler                           0x0800024d   Thumb Code    88  port.o(.emb_text)
    vPortGetIPSR                             0x080002a9   Thumb Code     6  port.o(.emb_text)
    Reset_Handler                            0x080002b1   Thumb Code     8  startup_stm32g474xx.o(.text)
    ADC1_2_IRQHandler                        0x080002cb   Thumb Code     0  startup_stm32g474xx.o(.text)
    ADC3_IRQHandler                          0x080002cb   Thumb Code     0  startup_stm32g474xx.o(.text)
    ADC4_IRQHandler                          0x080002cb   Thumb Code     0  startup_stm32g474xx.o(.text)
    ADC5_IRQHandler                          0x080002cb   Thumb Code     0  startup_stm32g474xx.o(.text)
    COMP1_2_3_IRQHandler                     0x080002cb   Thumb Code     0  startup_stm32g474xx.o(.text)
    COMP4_5_6_IRQHandler                     0x080002cb   Thumb Code     0  startup_stm32g474xx.o(.text)
    COMP7_IRQHandler                         0x080002cb   Thumb Code     0  startup_stm32g474xx.o(.text)
    CORDIC_IRQHandler                        0x080002cb   Thumb Code     0  startup_stm32g474xx.o(.text)
    CRS_IRQHandler                           0x080002cb   Thumb Code     0  startup_stm32g474xx.o(.text)
    DMA1_Channel1_IRQHandler                 0x080002cb   Thumb Code     0  startup_stm32g474xx.o(.text)
    DMA1_Channel2_IRQHandler                 0x080002cb   Thumb Code     0  startup_stm32g474xx.o(.text)
    DMA1_Channel3_IRQHandler                 0x080002cb   Thumb Code     0  startup_stm32g474xx.o(.text)
    DMA1_Channel4_IRQHandler                 0x080002cb   Thumb Code     0  startup_stm32g474xx.o(.text)
    DMA1_Channel5_IRQHandler                 0x080002cb   Thumb Code     0  startup_stm32g474xx.o(.text)
    DMA1_Channel6_IRQHandler                 0x080002cb   Thumb Code     0  startup_stm32g474xx.o(.text)
    DMA1_Channel7_IRQHandler                 0x080002cb   Thumb Code     0  startup_stm32g474xx.o(.text)
    DMA1_Channel8_IRQHandler                 0x080002cb   Thumb Code     0  startup_stm32g474xx.o(.text)
    DMA2_Channel1_IRQHandler                 0x080002cb   Thumb Code     0  startup_stm32g474xx.o(.text)
    DMA2_Channel2_IRQHandler                 0x080002cb   Thumb Code     0  startup_stm32g474xx.o(.text)
    DMA2_Channel3_IRQHandler                 0x080002cb   Thumb Code     0  startup_stm32g474xx.o(.text)
    DMA2_Channel4_IRQHandler                 0x080002cb   Thumb Code     0  startup_stm32g474xx.o(.text)
    DMA2_Channel5_IRQHandler                 0x080002cb   Thumb Code     0  startup_stm32g474xx.o(.text)
    DMA2_Channel6_IRQHandler                 0x080002cb   Thumb Code     0  startup_stm32g474xx.o(.text)
    DMA2_Channel7_IRQHandler                 0x080002cb   Thumb Code     0  startup_stm32g474xx.o(.text)
    DMA2_Channel8_IRQHandler                 0x080002cb   Thumb Code     0  startup_stm32g474xx.o(.text)
    DMAMUX_OVR_IRQHandler                    0x080002cb   Thumb Code     0  startup_stm32g474xx.o(.text)
    EXTI0_IRQHandler                         0x080002cb   Thumb Code     0  startup_stm32g474xx.o(.text)
    EXTI15_10_IRQHandler                     0x080002cb   Thumb Code     0  startup_stm32g474xx.o(.text)
    EXTI1_IRQHandler                         0x080002cb   Thumb Code     0  startup_stm32g474xx.o(.text)
    EXTI2_IRQHandler                         0x080002cb   Thumb Code     0  startup_stm32g474xx.o(.text)
    EXTI3_IRQHandler                         0x080002cb   Thumb Code     0  startup_stm32g474xx.o(.text)
    EXTI4_IRQHandler                         0x080002cb   Thumb Code     0  startup_stm32g474xx.o(.text)
    EXTI9_5_IRQHandler                       0x080002cb   Thumb Code     0  startup_stm32g474xx.o(.text)
    FDCAN1_IT0_IRQHandler                    0x080002cb   Thumb Code     0  startup_stm32g474xx.o(.text)
    FDCAN1_IT1_IRQHandler                    0x080002cb   Thumb Code     0  startup_stm32g474xx.o(.text)
    FDCAN2_IT0_IRQHandler                    0x080002cb   Thumb Code     0  startup_stm32g474xx.o(.text)
    FDCAN2_IT1_IRQHandler                    0x080002cb   Thumb Code     0  startup_stm32g474xx.o(.text)
    FDCAN3_IT0_IRQHandler                    0x080002cb   Thumb Code     0  startup_stm32g474xx.o(.text)
    FDCAN3_IT1_IRQHandler                    0x080002cb   Thumb Code     0  startup_stm32g474xx.o(.text)
    FLASH_IRQHandler                         0x080002cb   Thumb Code     0  startup_stm32g474xx.o(.text)
    FMAC_IRQHandler                          0x080002cb   Thumb Code     0  startup_stm32g474xx.o(.text)
    FMC_IRQHandler                           0x080002cb   Thumb Code     0  startup_stm32g474xx.o(.text)
    FPU_IRQHandler                           0x080002cb   Thumb Code     0  startup_stm32g474xx.o(.text)
    HRTIM1_FLT_IRQHandler                    0x080002cb   Thumb Code     0  startup_stm32g474xx.o(.text)
    HRTIM1_Master_IRQHandler                 0x080002cb   Thumb Code     0  startup_stm32g474xx.o(.text)
    HRTIM1_TIMA_IRQHandler                   0x080002cb   Thumb Code     0  startup_stm32g474xx.o(.text)
    HRTIM1_TIMB_IRQHandler                   0x080002cb   Thumb Code     0  startup_stm32g474xx.o(.text)
    HRTIM1_TIMC_IRQHandler                   0x080002cb   Thumb Code     0  startup_stm32g474xx.o(.text)
    HRTIM1_TIMD_IRQHandler                   0x080002cb   Thumb Code     0  startup_stm32g474xx.o(.text)
    HRTIM1_TIME_IRQHandler                   0x080002cb   Thumb Code     0  startup_stm32g474xx.o(.text)
    HRTIM1_TIMF_IRQHandler                   0x080002cb   Thumb Code     0  startup_stm32g474xx.o(.text)
    I2C1_ER_IRQHandler                       0x080002cb   Thumb Code     0  startup_stm32g474xx.o(.text)
    I2C1_EV_IRQHandler                       0x080002cb   Thumb Code     0  startup_stm32g474xx.o(.text)
    I2C2_ER_IRQHandler                       0x080002cb   Thumb Code     0  startup_stm32g474xx.o(.text)
    I2C2_EV_IRQHandler                       0x080002cb   Thumb Code     0  startup_stm32g474xx.o(.text)
    I2C3_ER_IRQHandler                       0x080002cb   Thumb Code     0  startup_stm32g474xx.o(.text)
    I2C3_EV_IRQHandler                       0x080002cb   Thumb Code     0  startup_stm32g474xx.o(.text)
    I2C4_ER_IRQHandler                       0x080002cb   Thumb Code     0  startup_stm32g474xx.o(.text)
    I2C4_EV_IRQHandler                       0x080002cb   Thumb Code     0  startup_stm32g474xx.o(.text)
    LPTIM1_IRQHandler                        0x080002cb   Thumb Code     0  startup_stm32g474xx.o(.text)
    LPUART1_IRQHandler                       0x080002cb   Thumb Code     0  startup_stm32g474xx.o(.text)
    PVD_PVM_IRQHandler                       0x080002cb   Thumb Code     0  startup_stm32g474xx.o(.text)
    QUADSPI_IRQHandler                       0x080002cb   Thumb Code     0  startup_stm32g474xx.o(.text)
    RCC_IRQHandler                           0x080002cb   Thumb Code     0  startup_stm32g474xx.o(.text)
    RNG_IRQHandler                           0x080002cb   Thumb Code     0  startup_stm32g474xx.o(.text)
    RTC_Alarm_IRQHandler                     0x080002cb   Thumb Code     0  startup_stm32g474xx.o(.text)
    RTC_TAMP_LSECSS_IRQHandler               0x080002cb   Thumb Code     0  startup_stm32g474xx.o(.text)
    RTC_WKUP_IRQHandler                      0x080002cb   Thumb Code     0  startup_stm32g474xx.o(.text)
    SAI1_IRQHandler                          0x080002cb   Thumb Code     0  startup_stm32g474xx.o(.text)
    SPI1_IRQHandler                          0x080002cb   Thumb Code     0  startup_stm32g474xx.o(.text)
    SPI2_IRQHandler                          0x080002cb   Thumb Code     0  startup_stm32g474xx.o(.text)
    SPI3_IRQHandler                          0x080002cb   Thumb Code     0  startup_stm32g474xx.o(.text)
    SPI4_IRQHandler                          0x080002cb   Thumb Code     0  startup_stm32g474xx.o(.text)
    TIM1_BRK_TIM15_IRQHandler                0x080002cb   Thumb Code     0  startup_stm32g474xx.o(.text)
    TIM1_CC_IRQHandler                       0x080002cb   Thumb Code     0  startup_stm32g474xx.o(.text)
    TIM1_TRG_COM_TIM17_IRQHandler            0x080002cb   Thumb Code     0  startup_stm32g474xx.o(.text)
    TIM20_BRK_IRQHandler                     0x080002cb   Thumb Code     0  startup_stm32g474xx.o(.text)
    TIM20_CC_IRQHandler                      0x080002cb   Thumb Code     0  startup_stm32g474xx.o(.text)
    TIM20_TRG_COM_IRQHandler                 0x080002cb   Thumb Code     0  startup_stm32g474xx.o(.text)
    TIM20_UP_IRQHandler                      0x080002cb   Thumb Code     0  startup_stm32g474xx.o(.text)
    TIM2_IRQHandler                          0x080002cb   Thumb Code     0  startup_stm32g474xx.o(.text)
    TIM3_IRQHandler                          0x080002cb   Thumb Code     0  startup_stm32g474xx.o(.text)
    TIM4_IRQHandler                          0x080002cb   Thumb Code     0  startup_stm32g474xx.o(.text)
    TIM5_IRQHandler                          0x080002cb   Thumb Code     0  startup_stm32g474xx.o(.text)
    TIM7_DAC_IRQHandler                      0x080002cb   Thumb Code     0  startup_stm32g474xx.o(.text)
    TIM8_BRK_IRQHandler                      0x080002cb   Thumb Code     0  startup_stm32g474xx.o(.text)
    TIM8_CC_IRQHandler                       0x080002cb   Thumb Code     0  startup_stm32g474xx.o(.text)
    TIM8_TRG_COM_IRQHandler                  0x080002cb   Thumb Code     0  startup_stm32g474xx.o(.text)
    TIM8_UP_IRQHandler                       0x080002cb   Thumb Code     0  startup_stm32g474xx.o(.text)
    UART4_IRQHandler                         0x080002cb   Thumb Code     0  startup_stm32g474xx.o(.text)
    UART5_IRQHandler                         0x080002cb   Thumb Code     0  startup_stm32g474xx.o(.text)
    UCPD1_IRQHandler                         0x080002cb   Thumb Code     0  startup_stm32g474xx.o(.text)
    USART1_IRQHandler                        0x080002cb   Thumb Code     0  startup_stm32g474xx.o(.text)
    USART2_IRQHandler                        0x080002cb   Thumb Code     0  startup_stm32g474xx.o(.text)
    USART3_IRQHandler                        0x080002cb   Thumb Code     0  startup_stm32g474xx.o(.text)
    USBWakeUp_IRQHandler                     0x080002cb   Thumb Code     0  startup_stm32g474xx.o(.text)
    USB_HP_IRQHandler                        0x080002cb   Thumb Code     0  startup_stm32g474xx.o(.text)
    USB_LP_IRQHandler                        0x080002cb   Thumb Code     0  startup_stm32g474xx.o(.text)
    WWDG_IRQHandler                          0x080002cb   Thumb Code     0  startup_stm32g474xx.o(.text)
    __aeabi_memcpy                           0x080002d5   Thumb Code    36  memcpya.o(.text)
    __aeabi_memcpy4                          0x080002d5   Thumb Code     0  memcpya.o(.text)
    __aeabi_memcpy8                          0x080002d5   Thumb Code     0  memcpya.o(.text)
    __aeabi_memset                           0x080002f9   Thumb Code    14  memseta.o(.text)
    __aeabi_memset4                          0x080002f9   Thumb Code     0  memseta.o(.text)
    __aeabi_memset8                          0x080002f9   Thumb Code     0  memseta.o(.text)
    __aeabi_memclr                           0x08000307   Thumb Code     4  memseta.o(.text)
    __aeabi_memclr4                          0x08000307   Thumb Code     0  memseta.o(.text)
    __aeabi_memclr8                          0x08000307   Thumb Code     0  memseta.o(.text)
    memset                                   0x0800030b   Thumb Code    18  memseta.o(.text)
    __aeabi_f2d                              0x0800031d   Thumb Code    38  f2d.o(.text)
    __aeabi_d2f                              0x08000343   Thumb Code    56  d2f.o(.text)
    __I$use$fp                               0x0800037b   Thumb Code     0  iusefp.o(.text)
    _float_round                             0x0800037b   Thumb Code    18  fepilogue.o(.text)
    _float_epilogue                          0x0800038d   Thumb Code    92  fepilogue.o(.text)
    __scatterload                            0x080003e9   Thumb Code    28  init.o(.text)
    __scatterload_rt2                        0x080003e9   Thumb Code     0  init.o(.text)
    arm_cos_f32                              0x0800040d   Thumb Code   160  arm_cos_f32.o(.text.arm_cos_f32)
    arm_sin_f32                              0x080004ad   Thumb Code   152  arm_sin_f32.o(.text.arm_sin_f32)
    ADC_Enable                               0x08000545   Thumb Code   172  stm32g4xx_hal_adc.o(i.ADC_Enable)
    BusFault_Handler                         0x08000609   Thumb Code     2  stm32g4xx_it.o(i.BusFault_Handler)
    DebugMon_Handler                         0x0800060b   Thumb Code     2  stm32g4xx_it.o(i.DebugMon_Handler)
    Error_Handler                            0x0800060d   Thumb Code     4  main.o(i.Error_Handler)
    FOC_observer_init                        0x08000611   Thumb Code    38  observer.o(i.FOC_observer_init)
    FOC_observer_run                         0x08000639   Thumb Code   278  observer.o(i.FOC_observer_run)
    FOC_observer_set                         0x0800075d   Thumb Code     8  observer.o(i.FOC_observer_set)
    HAL_ADCEx_InjectedConfigChannel          0x08000765   Thumb Code  1324  stm32g4xx_hal_adc_ex.o(i.HAL_ADCEx_InjectedConfigChannel)
    HAL_ADCEx_InjectedStart                  0x08000cc5   Thumb Code   262  stm32g4xx_hal_adc_ex.o(i.HAL_ADCEx_InjectedStart)
    HAL_ADCEx_MultiModeConfigChannel         0x08000de5   Thumb Code   326  stm32g4xx_hal_adc_ex.o(i.HAL_ADCEx_MultiModeConfigChannel)
    HAL_ADC_Init                             0x08000f45   Thumb Code   510  stm32g4xx_hal_adc.o(i.HAL_ADC_Init)
    HAL_ADC_MspInit                          0x08001175   Thumb Code   112  adc.o(i.HAL_ADC_MspInit)
    HAL_GPIO_Init                            0x080011e9   Thumb Code   550  stm32g4xx_hal_gpio.o(i.HAL_GPIO_Init)
    HAL_GPIO_WritePin                        0x08001431   Thumb Code    10  stm32g4xx_hal_gpio.o(i.HAL_GPIO_WritePin)
    HAL_GetTick                              0x0800143d   Thumb Code     6  stm32g4xx_hal.o(i.HAL_GetTick)
    HAL_IncTick                              0x08001449   Thumb Code    12  stm32g4xx_hal.o(i.HAL_IncTick)
    HAL_Init                                 0x08001459   Thumb Code    30  stm32g4xx_hal.o(i.HAL_Init)
    HAL_InitTick                             0x08001479   Thumb Code   116  stm32g4xx_hal_timebase_tim.o(i.HAL_InitTick)
    HAL_MspInit                              0x08001501   Thumb Code    54  stm32g4xx_hal_msp.o(i.HAL_MspInit)
    HAL_NVIC_EnableIRQ                       0x0800153d   Thumb Code    26  stm32g4xx_hal_cortex.o(i.HAL_NVIC_EnableIRQ)
    HAL_NVIC_SetPriority                     0x08001559   Thumb Code    60  stm32g4xx_hal_cortex.o(i.HAL_NVIC_SetPriority)
    HAL_NVIC_SetPriorityGrouping             0x08001599   Thumb Code    26  stm32g4xx_hal_cortex.o(i.HAL_NVIC_SetPriorityGrouping)
    HAL_PWREx_ControlVoltageScaling          0x080015bd   Thumb Code   174  stm32g4xx_hal_pwr_ex.o(i.HAL_PWREx_ControlVoltageScaling)
    HAL_PWREx_DisableUCPDDeadBattery         0x08001679   Thumb Code    12  stm32g4xx_hal_pwr_ex.o(i.HAL_PWREx_DisableUCPDDeadBattery)
    HAL_RCCEx_PeriphCLKConfig                0x08001689   Thumb Code   758  stm32g4xx_hal_rcc_ex.o(i.HAL_RCCEx_PeriphCLKConfig)
    HAL_RCC_ClockConfig                      0x08001989   Thumb Code   444  stm32g4xx_hal_rcc.o(i.HAL_RCC_ClockConfig)
    HAL_RCC_GetClockConfig                   0x08001b65   Thumb Code    54  stm32g4xx_hal_rcc.o(i.HAL_RCC_GetClockConfig)
    HAL_RCC_GetPCLK1Freq                     0x08001ba5   Thumb Code    24  stm32g4xx_hal_rcc.o(i.HAL_RCC_GetPCLK1Freq)
    HAL_RCC_GetSysClockFreq                  0x08001bc9   Thumb Code    98  stm32g4xx_hal_rcc.o(i.HAL_RCC_GetSysClockFreq)
    HAL_RCC_OscConfig                        0x08001c35   Thumb Code  1028  stm32g4xx_hal_rcc.o(i.HAL_RCC_OscConfig)
    HAL_SPI_Init                             0x08002039   Thumb Code   234  stm32g4xx_hal_spi.o(i.HAL_SPI_Init)
    HAL_SPI_MspInit                          0x08002125   Thumb Code    86  spi.o(i.HAL_SPI_MspInit)
    HAL_SPI_TransmitReceive                  0x08002189   Thumb Code   620  stm32g4xx_hal_spi.o(i.HAL_SPI_TransmitReceive)
    HAL_TIMEx_Break2Callback                 0x080023f5   Thumb Code     2  stm32g4xx_hal_tim_ex.o(i.HAL_TIMEx_Break2Callback)
    HAL_TIMEx_BreakCallback                  0x080023f7   Thumb Code     2  stm32g4xx_hal_tim_ex.o(i.HAL_TIMEx_BreakCallback)
    HAL_TIMEx_CommutCallback                 0x080023f9   Thumb Code     2  stm32g4xx_hal_tim_ex.o(i.HAL_TIMEx_CommutCallback)
    HAL_TIMEx_ConfigBreakDeadTime            0x080023fd   Thumb Code   154  stm32g4xx_hal_tim_ex.o(i.HAL_TIMEx_ConfigBreakDeadTime)
    HAL_TIMEx_DirectionChangeCallback        0x080024a5   Thumb Code     2  stm32g4xx_hal_tim_ex.o(i.HAL_TIMEx_DirectionChangeCallback)
    HAL_TIMEx_EncoderIndexCallback           0x080024a7   Thumb Code     2  stm32g4xx_hal_tim_ex.o(i.HAL_TIMEx_EncoderIndexCallback)
    HAL_TIMEx_IndexErrorCallback             0x080024a9   Thumb Code     2  stm32g4xx_hal_tim_ex.o(i.HAL_TIMEx_IndexErrorCallback)
    HAL_TIMEx_MasterConfigSynchronization    0x080024ad   Thumb Code   150  stm32g4xx_hal_tim_ex.o(i.HAL_TIMEx_MasterConfigSynchronization)
    HAL_TIMEx_PWMN_Start                     0x08002565   Thumb Code   170  stm32g4xx_hal_tim_ex.o(i.HAL_TIMEx_PWMN_Start)
    HAL_TIMEx_TransitionErrorCallback        0x08002631   Thumb Code     2  stm32g4xx_hal_tim_ex.o(i.HAL_TIMEx_TransitionErrorCallback)
    HAL_TIM_Base_Init                        0x08002633   Thumb Code    98  stm32g4xx_hal_tim.o(i.HAL_TIM_Base_Init)
    HAL_TIM_Base_MspInit                     0x08002695   Thumb Code     2  stm32g4xx_hal_tim.o(i.HAL_TIM_Base_MspInit)
    HAL_TIM_Base_Start_IT                    0x08002699   Thumb Code   106  stm32g4xx_hal_tim.o(i.HAL_TIM_Base_Start_IT)
    HAL_TIM_IC_CaptureCallback               0x08002725   Thumb Code     2  stm32g4xx_hal_tim.o(i.HAL_TIM_IC_CaptureCallback)
    HAL_TIM_IRQHandler                       0x08002727   Thumb Code   418  stm32g4xx_hal_tim.o(i.HAL_TIM_IRQHandler)
    HAL_TIM_MspPostInit                      0x080028c9   Thumb Code   136  tim.o(i.HAL_TIM_MspPostInit)
    HAL_TIM_OC_DelayElapsedCallback          0x0800295d   Thumb Code     2  stm32g4xx_hal_tim.o(i.HAL_TIM_OC_DelayElapsedCallback)
    HAL_TIM_PWM_ConfigChannel                0x0800295f   Thumb Code   292  stm32g4xx_hal_tim.o(i.HAL_TIM_PWM_ConfigChannel)
    HAL_TIM_PWM_Init                         0x08002a83   Thumb Code    98  stm32g4xx_hal_tim.o(i.HAL_TIM_PWM_Init)
    HAL_TIM_PWM_MspInit                      0x08002ae5   Thumb Code    50  tim.o(i.HAL_TIM_PWM_MspInit)
    HAL_TIM_PWM_PulseFinishedCallback        0x08002b21   Thumb Code     2  stm32g4xx_hal_tim.o(i.HAL_TIM_PWM_PulseFinishedCallback)
    HAL_TIM_PWM_Start                        0x08002b25   Thumb Code   234  stm32g4xx_hal_tim.o(i.HAL_TIM_PWM_Start)
    HAL_TIM_PeriodElapsedCallback            0x08002c39   Thumb Code    14  main.o(i.HAL_TIM_PeriodElapsedCallback)
    HAL_TIM_TriggerCallback                  0x08002c4d   Thumb Code     2  stm32g4xx_hal_tim.o(i.HAL_TIM_TriggerCallback)
    HardFault_Handler                        0x08002c4f   Thumb Code     2  stm32g4xx_it.o(i.HardFault_Handler)
    MX_ADC1_Init                             0x08002cad   Thumb Code   210  adc.o(i.MX_ADC1_Init)
    MX_FREERTOS_Init                         0x08002d91   Thumb Code    32  app_freertos.o(i.MX_FREERTOS_Init)
    MX_GPIO_Init                             0x08002dc1   Thumb Code   164  gpio.o(i.MX_GPIO_Init)
    MX_SPI1_Init                             0x08002e71   Thumb Code    72  spi.o(i.MX_SPI1_Init)
    MX_TIM1_Init                             0x08002ec1   Thumb Code   218  tim.o(i.MX_TIM1_Init)
    MemManage_Handler                        0x08002fa5   Thumb Code     2  stm32g4xx_it.o(i.MemManage_Handler)
    NMI_Handler                              0x08002fa7   Thumb Code     2  stm32g4xx_it.o(i.NMI_Handler)
    PID_Init                                 0x08002fa9   Thumb Code    48  pid.o(i.PID_Init)
    PID_Position                             0x08002fdd   Thumb Code   294  pid.o(i.PID_Position)
    PI_get                                   0x08003103   Thumb Code     6  observer.o(i.PI_get)
    PI_init                                  0x08003109   Thumb Code    42  observer.o(i.PI_init)
    PI_run                                   0x08003139   Thumb Code   132  observer.o(i.PI_run)
    PI_set                                   0x080031bd   Thumb Code     6  observer.o(i.PI_set)
    PLL_ESAY_init                            0x080031c5   Thumb Code    50  observer.o(i.PLL_ESAY_init)
    PLL_ESAY_run                             0x080031fd   Thumb Code   208  observer.o(i.PLL_ESAY_run)
    PLL_ESAY_set                             0x080032d5   Thumb Code     6  observer.o(i.PLL_ESAY_set)
    PLL_ang_init                             0x080032dd   Thumb Code    50  observer.o(i.PLL_ang_init)
    PLL_ang_run                              0x08003315   Thumb Code   236  observer.o(i.PLL_ang_run)
    PLL_ang_set                              0x08003409   Thumb Code    10  observer.o(i.PLL_ang_set)
    StartFOC_Task                            0x080035f5   Thumb Code   440  os_foc_task.o(i.StartFOC_Task)
    StartKEY_LED_Task                        0x08003809   Thumb Code     8  os_foc_task.o(i.StartKEY_LED_Task)
    SysTick_Handler                          0x08003811   Thumb Code    26  cmsis_os2.o(i.SysTick_Handler)
    SystemClock_Config                       0x0800382b   Thumb Code   100  main.o(i.SystemClock_Config)
    SystemInit                               0x08003891   Thumb Code    12  system_stm32g4xx.o(i.SystemInit)
    TIM1_UP_TIM16_IRQHandler                 0x080038a1   Thumb Code    38  stm32g4xx_it.o(i.TIM1_UP_TIM16_IRQHandler)
    TIM6_DAC_IRQHandler                      0x080038d1   Thumb Code     6  stm32g4xx_it.o(i.TIM6_DAC_IRQHandler)
    TIM_Base_SetConfig                       0x080038dd   Thumb Code   190  stm32g4xx_hal_tim.o(i.TIM_Base_SetConfig)
    TIM_CCxChannelCmd                        0x080039c1   Thumb Code    26  stm32g4xx_hal_tim.o(i.TIM_CCxChannelCmd)
    TIM_OC2_SetConfig                        0x08003aa1   Thumb Code   132  stm32g4xx_hal_tim.o(i.TIM_OC2_SetConfig)
    UsageFault_Handler                       0x08003d75   Thumb Code     2  stm32g4xx_it.o(i.UsageFault_Handler)
    __ARM_fpclassifyf                        0x08003d77   Thumb Code    38  fpclassifyf.o(i.__ARM_fpclassifyf)
    __hardfp_atan2f                          0x08003dbd   Thumb Code   594  atan2f.o(i.__hardfp_atan2f)
    __hardfp_cosf                            0x08004069   Thumb Code   280  cosf.o(i.__hardfp_cosf)
    __hardfp_sinf                            0x080041b9   Thumb Code   344  sinf.o(i.__hardfp_sinf)
    __mathlib_flt_infnan                     0x08004349   Thumb Code     6  funder.o(i.__mathlib_flt_infnan)
    __mathlib_flt_infnan2                    0x0800434f   Thumb Code     6  funder.o(i.__mathlib_flt_infnan2)
    __mathlib_flt_invalid                    0x08004355   Thumb Code    10  funder.o(i.__mathlib_flt_invalid)
    __mathlib_flt_underflow                  0x08004365   Thumb Code    10  funder.o(i.__mathlib_flt_underflow)
    __mathlib_rredf2                         0x08004375   Thumb Code   316  rredf.o(i.__mathlib_rredf2)
    __scatterload_copy                       0x080044c9   Thumb Code    14  handlers.o(i.__scatterload_copy)
    __scatterload_null                       0x080044d7   Thumb Code     2  handlers.o(i.__scatterload_null)
    __scatterload_zeroinit                   0x080044d9   Thumb Code    14  handlers.o(i.__scatterload_zeroinit)
    __set_errno                              0x080044e9   Thumb Code     6  errno.o(i.__set_errno)
    clarke_transform                         0x080044f5   Thumb Code    50  foc_use.o(i.clarke_transform)
    foc_task                                 0x08004531   Thumb Code   546  foc_i.o(i.foc_task)
    inverse_park                             0x08004789   Thumb Code    42  foc_use.o(i.inverse_park)
    main                                     0x080047b5   Thumb Code   162  main.o(i.main)
    osDelay                                  0x08004861   Thumb Code    26  cmsis_os2.o(i.osDelay)
    osKernelInitialize                       0x0800487d   Thumb Code    32  cmsis_os2.o(i.osKernelInitialize)
    osKernelStart                            0x080048a1   Thumb Code    48  cmsis_os2.o(i.osKernelStart)
    osThreadNew                              0x080048d9   Thumb Code   138  cmsis_os2.o(i.osThreadNew)
    park_transform                           0x08004963   Thumb Code    42  foc_use.o(i.park_transform)
    pvPortMalloc                             0x08005121   Thumb Code   216  heap_4.o(i.pvPortMalloc)
    pxPortInitialiseStack                    0x080051fd   Thumb Code    40  port.o(i.pxPortInitialiseStack)
    read_g_MT6835                            0x08005229   Thumb Code   100  encoder.o(i.read_g_MT6835)
    read_mt6835_data                         0x0800529d   Thumb Code    96  encoder.o(i.read_mt6835_data)
    sin_cos_val                              0x0800530d   Thumb Code    30  foc_use.o(i.sin_cos_val)
    svpwm_midpoint                           0x0800532d   Thumb Code   194  foc_use.o(i.svpwm_midpoint)
    utils_norm_angle_rad                     0x080053f5   Thumb Code    52  observer.o(i.utils_norm_angle_rad)
    uxListRemove                             0x08005435   Thumb Code    38  list.o(i.uxListRemove)
    vApplicationGetIdleTaskMemory            0x0800545d   Thumb Code    16  cmsis_os2.o(i.vApplicationGetIdleTaskMemory)
    vApplicationGetTimerTaskMemory           0x08005471   Thumb Code    18  cmsis_os2.o(i.vApplicationGetTimerTaskMemory)
    vListInitialise                          0x08005489   Thumb Code    22  list.o(i.vListInitialise)
    vListInitialiseItem                      0x0800549f   Thumb Code     6  list.o(i.vListInitialiseItem)
    vListInsert                              0x080054a5   Thumb Code    48  list.o(i.vListInsert)
    vListInsertEnd                           0x080054d5   Thumb Code    24  list.o(i.vListInsertEnd)
    vPortEnterCritical                       0x080054ed   Thumb Code    54  port.o(i.vPortEnterCritical)
    vPortExitCritical                        0x0800552d   Thumb Code    34  port.o(i.vPortExitCritical)
    vPortFree                                0x08005555   Thumb Code    94  heap_4.o(i.vPortFree)
    vPortSetupTimerInterrupt                 0x080055b9   Thumb Code    32  port.o(i.vPortSetupTimerInterrupt)
    vPortValidateInterruptPriority           0x080055dd   Thumb Code    74  port.o(i.vPortValidateInterruptPriority)
    vQueueAddToRegistry                      0x08005631   Thumb Code    34  queue.o(i.vQueueAddToRegistry)
    vQueueWaitForMessageRestricted           0x08005659   Thumb Code    68  queue.o(i.vQueueWaitForMessageRestricted)
    vTaskDelay                               0x0800569d   Thumb Code    66  tasks.o(i.vTaskDelay)
    vTaskDelayUntil                          0x080056e9   Thumb Code   132  tasks.o(i.vTaskDelayUntil)
    vTaskInternalSetTimeOutState             0x08005775   Thumb Code    12  tasks.o(i.vTaskInternalSetTimeOutState)
    vTaskMissedYield                         0x08005785   Thumb Code     8  tasks.o(i.vTaskMissedYield)
    vTaskPlaceOnEventList                    0x08005791   Thumb Code    44  tasks.o(i.vTaskPlaceOnEventList)
    vTaskPlaceOnEventListRestricted          0x080057c1   Thumb Code    52  tasks.o(i.vTaskPlaceOnEventListRestricted)
    vTaskStartScheduler                      0x080057f9   Thumb Code   118  tasks.o(i.vTaskStartScheduler)
    vTaskSuspendAll                          0x08005881   Thumb Code    10  tasks.o(i.vTaskSuspendAll)
    vTaskSwitchContext                       0x08005891   Thumb Code    90  tasks.o(i.vTaskSwitchContext)
    xPortStartScheduler                      0x080058f5   Thumb Code   222  port.o(i.xPortStartScheduler)
    xPortSysTickHandler                      0x080059e9   Thumb Code    38  port.o(i.xPortSysTickHandler)
    xQueueGenericCreateStatic                0x08005a15   Thumb Code   102  queue.o(i.xQueueGenericCreateStatic)
    xQueueGenericReset                       0x08005a7d   Thumb Code   132  queue.o(i.xQueueGenericReset)
    xQueueGenericSend                        0x08005b05   Thumb Code   346  queue.o(i.xQueueGenericSend)
    xQueueGenericSendFromISR                 0x08005c65   Thumb Code   190  queue.o(i.xQueueGenericSendFromISR)
    xQueueReceive                            0x08005d25   Thumb Code   308  queue.o(i.xQueueReceive)
    xTaskCheckForTimeOut                     0x08005e5d   Thumb Code   112  tasks.o(i.xTaskCheckForTimeOut)
    xTaskCreate                              0x08005ed1   Thumb Code    90  tasks.o(i.xTaskCreate)
    xTaskCreateStatic                        0x08005f2b   Thumb Code    86  tasks.o(i.xTaskCreateStatic)
    xTaskGetSchedulerState                   0x08005f81   Thumb Code    22  tasks.o(i.xTaskGetSchedulerState)
    xTaskGetTickCount                        0x08005f9d   Thumb Code     6  tasks.o(i.xTaskGetTickCount)
    xTaskIncrementTick                       0x08005fa9   Thumb Code   192  tasks.o(i.xTaskIncrementTick)
    xTaskPriorityDisinherit                  0x08006071   Thumb Code   118  tasks.o(i.xTaskPriorityDisinherit)
    xTaskRemoveFromEventList                 0x080060f1   Thumb Code    98  tasks.o(i.xTaskRemoveFromEventList)
    xTaskResumeAll                           0x08006161   Thumb Code   182  tasks.o(i.xTaskResumeAll)
    xTimerCreateTimerTask                    0x08006225   Thumb Code    78  timers.o(i.xTimerCreateTimerTask)
    xTimerGenericCommand                     0x08006285   Thumb Code    98  timers.o(i.xTimerGenericCommand)
    KEY_LED_Task_attributes                  0x080062ec   Data          36  app_freertos.o(.constdata)
    FOC_Task_attributes                      0x08006310   Data          36  app_freertos.o(.constdata)
    AHBPrescTable                            0x08006334   Data          16  system_stm32g4xx.o(.constdata)
    APBPrescTable                            0x08006344   Data           8  system_stm32g4xx.o(.constdata)
    sinTable_f32                             0x08006388   Data        2052  arm_common_tables.o(.rodata.sinTable_f32)
    Region$$Table$$Base                      0x08006b8c   Number         0  anon$$obj.o(Region$$Table)
    Region$$Table$$Limit                     0x08006bac   Number         0  anon$$obj.o(Region$$Table)
    KEY_LED_TaskHandle                       0x20000000   Data           4  app_freertos.o(.data)
    FOC_TaskHandle                           0x20000004   Data           4  app_freertos.o(.data)
    uwTickPrio                               0x20000008   Data           4  stm32g4xx_hal.o(.data)
    uwTickFreq                               0x2000000c   Data           4  stm32g4xx_hal.o(.data)
    uwTick                                   0x20000010   Data           4  stm32g4xx_hal.o(.data)
    SystemCoreClock                          0x20000014   Data           4  system_stm32g4xx.o(.data)
    pxCurrentTCB                             0x20000018   Data           4  tasks.o(.data)
    foc_ok                                   0x20000098   Data           4  foc_i.o(.data)
    mt6835_4_ang_err                         0x2000009c   Data           4  foc_i.o(.data)
    my_iq                                    0x200000a0   Data           4  foc_i.o(.data)
    my_id                                    0x200000a4   Data           4  foc_i.o(.data)
    use_mt6835_4_ang                         0x200000a8   Data           4  foc_i.o(.data)
    mt6835_4_ang                             0x200000ac   Data           4  foc_i.o(.data)
    cnt                                      0x200000b0   Data           4  foc_i.o(.data)
    MY_SPEED                                 0x200000b4   Data           4  os_foc_task.o(.data)
    MY_ANG                                   0x200000b8   Data           4  os_foc_task.o(.data)
    hadc1                                    0x200000c0   Data         108  adc.o(.bss)
    hspi1                                    0x2000012c   Data         100  spi.o(.bss)
    htim1                                    0x20000190   Data          76  tim.o(.bss)
    htim6                                    0x200001dc   Data          76  stm32g4xx_hal_timebase_tim.o(.bss)
    xQueueRegistry                           0x20000228   Data          64  queue.o(.bss)
    ADC_DATA                                 0x20001afc   Data          36  foc_i.o(.bss)
    FOC_DATA                                 0x20001b20   Data          80  foc_i.o(.bss)
    mt6835                                   0x20001b70   Data          32  foc_i.o(.bss)
    PLL_6835                                 0x20001b90   Data          36  foc_i.o(.bss)
    PLL_OBSERVER                             0x20001bb4   Data          40  os_foc_task.o(.bss)
    PID_IQ                                   0x20001bdc   Data          40  os_foc_task.o(.bss)
    PID_ID                                   0x20001c04   Data          40  os_foc_task.o(.bss)
    PID_SPEED                                0x20001c2c   Data          60  os_foc_task.o(.bss)
    PID_ANG                                  0x20001c68   Data          60  os_foc_task.o(.bss)
    flux_observer                            0x20001ca4   Data          60  os_foc_task.o(.bss)
    __initial_sp                             0x200024e0   Data           0  startup_stm32g474xx.o(STACK)



==============================================================================

Memory Map of the image

  Image Entry point : 0x080001d9

  Load Region LR_IROM1 (Base: 0x08000000, Size: 0x00006c6c, Max: 0x00080000, ABSOLUTE)

    Execution Region ER_IROM1 (Exec base: 0x08000000, Load base: 0x08000000, Size: 0x00006bac, Max: 0x00080000, ABSOLUTE)

    Exec Addr    Load Addr    Size         Type   Attr      Idx    E Section Name        Object

    0x08000000   0x08000000   0x000001d8   Data   RO            3    RESET               startup_stm32g474xx.o
    0x080001d8   0x080001d8   0x00000000   Code   RO         6347  * .ARM.Collect$$$$00000000  mc_w.l(entry.o)
    0x080001d8   0x080001d8   0x00000004   Code   RO         6395    .ARM.Collect$$$$00000001  mc_w.l(entry2.o)
    0x080001dc   0x080001dc   0x00000004   Code   RO         6398    .ARM.Collect$$$$00000004  mc_w.l(entry5.o)
    0x080001e0   0x080001e0   0x00000000   Code   RO         6400    .ARM.Collect$$$$00000008  mc_w.l(entry7b.o)
    0x080001e0   0x080001e0   0x00000000   Code   RO         6402    .ARM.Collect$$$$0000000A  mc_w.l(entry8b.o)
    0x080001e0   0x080001e0   0x00000008   Code   RO         6403    .ARM.Collect$$$$0000000B  mc_w.l(entry9a.o)
    0x080001e8   0x080001e8   0x00000004   Code   RO         6410    .ARM.Collect$$$$0000000E  mc_w.l(entry12b.o)
    0x080001ec   0x080001ec   0x00000000   Code   RO         6405    .ARM.Collect$$$$0000000F  mc_w.l(entry10a.o)
    0x080001ec   0x080001ec   0x00000000   Code   RO         6407    .ARM.Collect$$$$00000011  mc_w.l(entry11a.o)
    0x080001ec   0x080001ec   0x00000004   Code   RO         6396    .ARM.Collect$$$$00002712  mc_w.l(entry2.o)
    0x080001f0   0x080001f0   0x000000be   Code   RO         5735    .emb_text           port.o
    0x080002ae   0x080002ae   0x00000002   PAD
    0x080002b0   0x080002b0   0x00000024   Code   RO            4    .text               startup_stm32g474xx.o
    0x080002d4   0x080002d4   0x00000024   Code   RO         6350    .text               mc_w.l(memcpya.o)
    0x080002f8   0x080002f8   0x00000024   Code   RO         6354    .text               mc_w.l(memseta.o)
    0x0800031c   0x0800031c   0x00000026   Code   RO         6358    .text               mf_w.l(f2d.o)
    0x08000342   0x08000342   0x00000038   Code   RO         6360    .text               mf_w.l(d2f.o)
    0x0800037a   0x0800037a   0x00000000   Code   RO         6418    .text               mc_w.l(iusefp.o)
    0x0800037a   0x0800037a   0x0000006e   Code   RO         6419    .text               mf_w.l(fepilogue.o)
    0x080003e8   0x080003e8   0x00000024   Code   RO         6425    .text               mc_w.l(init.o)
    0x0800040c   0x0800040c   0x000000a0   Code   RO         6185    .text.arm_cos_f32   arm_cortexM4lf_math.lib(arm_cos_f32.o)
    0x080004ac   0x080004ac   0x00000098   Code   RO         6195    .text.arm_sin_f32   arm_cortexM4lf_math.lib(arm_sin_f32.o)
    0x08000544   0x08000544   0x000000c4   Code   RO          572    i.ADC_Enable        stm32g4xx_hal_adc.o
    0x08000608   0x08000608   0x00000002   Code   RO          431    i.BusFault_Handler  stm32g4xx_it.o
    0x0800060a   0x0800060a   0x00000002   Code   RO          432    i.DebugMon_Handler  stm32g4xx_it.o
    0x0800060c   0x0800060c   0x00000004   Code   RO           13    i.Error_Handler     main.o
    0x08000610   0x08000610   0x00000026   Code   RO         6019    i.FOC_observer_init  observer.o
    0x08000636   0x08000636   0x00000002   PAD
    0x08000638   0x08000638   0x00000124   Code   RO         6020    i.FOC_observer_run  observer.o
    0x0800075c   0x0800075c   0x00000008   Code   RO         6021    i.FOC_observer_set  observer.o
    0x08000764   0x08000764   0x00000560   Code   RO          811    i.HAL_ADCEx_InjectedConfigChannel  stm32g4xx_hal_adc_ex.o
    0x08000cc4   0x08000cc4   0x00000120   Code   RO          816    i.HAL_ADCEx_InjectedStart  stm32g4xx_hal_adc_ex.o
    0x08000de4   0x08000de4   0x00000160   Code   RO          822    i.HAL_ADCEx_MultiModeConfigChannel  stm32g4xx_hal_adc_ex.o
    0x08000f44   0x08000f44   0x00000230   Code   RO          583    i.HAL_ADC_Init      stm32g4xx_hal_adc.o
    0x08001174   0x08001174   0x00000074   Code   RO          300    i.HAL_ADC_MspInit   adc.o
    0x080011e8   0x080011e8   0x00000248   Code   RO         1746    i.HAL_GPIO_Init     stm32g4xx_hal_gpio.o
    0x08001430   0x08001430   0x0000000a   Code   RO         1750    i.HAL_GPIO_WritePin  stm32g4xx_hal_gpio.o
    0x0800143a   0x0800143a   0x00000002   PAD
    0x0800143c   0x0800143c   0x0000000c   Code   RO         1025    i.HAL_GetTick       stm32g4xx_hal.o
    0x08001448   0x08001448   0x00000010   Code   RO         1031    i.HAL_IncTick       stm32g4xx_hal.o
    0x08001458   0x08001458   0x0000001e   Code   RO         1032    i.HAL_Init          stm32g4xx_hal.o
    0x08001476   0x08001476   0x00000002   PAD
    0x08001478   0x08001478   0x00000088   Code   RO          528    i.HAL_InitTick      stm32g4xx_hal_timebase_tim.o
    0x08001500   0x08001500   0x0000003c   Code   RO          504    i.HAL_MspInit       stm32g4xx_hal_msp.o
    0x0800153c   0x0800153c   0x0000001a   Code   RO         2393    i.HAL_NVIC_EnableIRQ  stm32g4xx_hal_cortex.o
    0x08001556   0x08001556   0x00000002   PAD
    0x08001558   0x08001558   0x00000040   Code   RO         2399    i.HAL_NVIC_SetPriority  stm32g4xx_hal_cortex.o
    0x08001598   0x08001598   0x00000024   Code   RO         2400    i.HAL_NVIC_SetPriorityGrouping  stm32g4xx_hal_cortex.o
    0x080015bc   0x080015bc   0x000000bc   Code   RO         2149    i.HAL_PWREx_ControlVoltageScaling  stm32g4xx_hal_pwr_ex.o
    0x08001678   0x08001678   0x00000010   Code   RO         2161    i.HAL_PWREx_DisableUCPDDeadBattery  stm32g4xx_hal_pwr_ex.o
    0x08001688   0x08001688   0x00000300   Code   RO         1392    i.HAL_RCCEx_PeriphCLKConfig  stm32g4xx_hal_rcc_ex.o
    0x08001988   0x08001988   0x000001dc   Code   RO         1267    i.HAL_RCC_ClockConfig  stm32g4xx_hal_rcc.o
    0x08001b64   0x08001b64   0x00000040   Code   RO         1272    i.HAL_RCC_GetClockConfig  stm32g4xx_hal_rcc.o
    0x08001ba4   0x08001ba4   0x00000024   Code   RO         1275    i.HAL_RCC_GetPCLK1Freq  stm32g4xx_hal_rcc.o
    0x08001bc8   0x08001bc8   0x0000006c   Code   RO         1277    i.HAL_RCC_GetSysClockFreq  stm32g4xx_hal_rcc.o
    0x08001c34   0x08001c34   0x00000404   Code   RO         1280    i.HAL_RCC_OscConfig  stm32g4xx_hal_rcc.o
    0x08002038   0x08002038   0x000000ea   Code   RO         2534    i.HAL_SPI_Init      stm32g4xx_hal_spi.o
    0x08002122   0x08002122   0x00000002   PAD
    0x08002124   0x08002124   0x00000064   Code   RO          342    i.HAL_SPI_MspInit   spi.o
    0x08002188   0x08002188   0x0000026c   Code   RO         2543    i.HAL_SPI_TransmitReceive  stm32g4xx_hal_spi.o
    0x080023f4   0x080023f4   0x00000002   Code   RO         3590    i.HAL_TIMEx_Break2Callback  stm32g4xx_hal_tim_ex.o
    0x080023f6   0x080023f6   0x00000002   Code   RO         3591    i.HAL_TIMEx_BreakCallback  stm32g4xx_hal_tim_ex.o
    0x080023f8   0x080023f8   0x00000002   Code   RO         3592    i.HAL_TIMEx_CommutCallback  stm32g4xx_hal_tim_ex.o
    0x080023fa   0x080023fa   0x00000002   PAD
    0x080023fc   0x080023fc   0x000000a8   Code   RO         3595    i.HAL_TIMEx_ConfigBreakDeadTime  stm32g4xx_hal_tim_ex.o
    0x080024a4   0x080024a4   0x00000002   Code   RO         3603    i.HAL_TIMEx_DirectionChangeCallback  stm32g4xx_hal_tim_ex.o
    0x080024a6   0x080024a6   0x00000002   Code   RO         3617    i.HAL_TIMEx_EncoderIndexCallback  stm32g4xx_hal_tim_ex.o
    0x080024a8   0x080024a8   0x00000002   Code   RO         3631    i.HAL_TIMEx_IndexErrorCallback  stm32g4xx_hal_tim_ex.o
    0x080024aa   0x080024aa   0x00000002   PAD
    0x080024ac   0x080024ac   0x000000b8   Code   RO         3632    i.HAL_TIMEx_MasterConfigSynchronization  stm32g4xx_hal_tim_ex.o
    0x08002564   0x08002564   0x000000cc   Code   RO         3644    i.HAL_TIMEx_PWMN_Start  stm32g4xx_hal_tim_ex.o
    0x08002630   0x08002630   0x00000002   Code   RO         3653    i.HAL_TIMEx_TransitionErrorCallback  stm32g4xx_hal_tim_ex.o
    0x08002632   0x08002632   0x00000062   Code   RO         2876    i.HAL_TIM_Base_Init  stm32g4xx_hal_tim.o
    0x08002694   0x08002694   0x00000002   Code   RO         2878    i.HAL_TIM_Base_MspInit  stm32g4xx_hal_tim.o
    0x08002696   0x08002696   0x00000002   PAD
    0x08002698   0x08002698   0x0000008c   Code   RO         2881    i.HAL_TIM_Base_Start_IT  stm32g4xx_hal_tim.o
    0x08002724   0x08002724   0x00000002   Code   RO         2910    i.HAL_TIM_IC_CaptureCallback  stm32g4xx_hal_tim.o
    0x08002726   0x08002726   0x000001a2   Code   RO         2924    i.HAL_TIM_IRQHandler  stm32g4xx_hal_tim.o
    0x080028c8   0x080028c8   0x00000094   Code   RO          383    i.HAL_TIM_MspPostInit  tim.o
    0x0800295c   0x0800295c   0x00000002   Code   RO         2927    i.HAL_TIM_OC_DelayElapsedCallback  stm32g4xx_hal_tim.o
    0x0800295e   0x0800295e   0x00000124   Code   RO         2948    i.HAL_TIM_PWM_ConfigChannel  stm32g4xx_hal_tim.o
    0x08002a82   0x08002a82   0x00000062   Code   RO         2951    i.HAL_TIM_PWM_Init  stm32g4xx_hal_tim.o
    0x08002ae4   0x08002ae4   0x0000003c   Code   RO          385    i.HAL_TIM_PWM_MspInit  tim.o
    0x08002b20   0x08002b20   0x00000002   Code   RO         2954    i.HAL_TIM_PWM_PulseFinishedCallback  stm32g4xx_hal_tim.o
    0x08002b22   0x08002b22   0x00000002   PAD
    0x08002b24   0x08002b24   0x00000114   Code   RO         2956    i.HAL_TIM_PWM_Start  stm32g4xx_hal_tim.o
    0x08002c38   0x08002c38   0x00000014   Code   RO           14    i.HAL_TIM_PeriodElapsedCallback  main.o
    0x08002c4c   0x08002c4c   0x00000002   Code   RO         2967    i.HAL_TIM_TriggerCallback  stm32g4xx_hal_tim.o
    0x08002c4e   0x08002c4e   0x00000002   Code   RO          433    i.HardFault_Handler  stm32g4xx_it.o
    0x08002c50   0x08002c50   0x0000000c   Code   RO          830    i.LL_ADC_GetOffsetChannel  stm32g4xx_hal_adc_ex.o
    0x08002c5c   0x08002c5c   0x00000008   Code   RO          598    i.LL_ADC_INJ_IsConversionOngoing  stm32g4xx_hal_adc.o
    0x08002c64   0x08002c64   0x00000008   Code   RO          831    i.LL_ADC_INJ_IsConversionOngoing  stm32g4xx_hal_adc_ex.o
    0x08002c6c   0x08002c6c   0x00000008   Code   RO          599    i.LL_ADC_REG_IsConversionOngoing  stm32g4xx_hal_adc.o
    0x08002c74   0x08002c74   0x00000008   Code   RO          832    i.LL_ADC_REG_IsConversionOngoing  stm32g4xx_hal_adc_ex.o
    0x08002c7c   0x08002c7c   0x0000001e   Code   RO          833    i.LL_ADC_SetChannelSamplingTime  stm32g4xx_hal_adc_ex.o
    0x08002c9a   0x08002c9a   0x00000010   Code   RO          834    i.LL_ADC_SetOffsetState  stm32g4xx_hal_adc_ex.o
    0x08002caa   0x08002caa   0x00000002   PAD
    0x08002cac   0x08002cac   0x000000e4   Code   RO          301    i.MX_ADC1_Init      adc.o
    0x08002d90   0x08002d90   0x00000030   Code   RO          250    i.MX_FREERTOS_Init  app_freertos.o
    0x08002dc0   0x08002dc0   0x000000b0   Code   RO          226    i.MX_GPIO_Init      gpio.o
    0x08002e70   0x08002e70   0x00000050   Code   RO          343    i.MX_SPI1_Init      spi.o
    0x08002ec0   0x08002ec0   0x000000e4   Code   RO          386    i.MX_TIM1_Init      tim.o
    0x08002fa4   0x08002fa4   0x00000002   Code   RO          434    i.MemManage_Handler  stm32g4xx_it.o
    0x08002fa6   0x08002fa6   0x00000002   Code   RO          435    i.NMI_Handler       stm32g4xx_it.o
    0x08002fa8   0x08002fa8   0x00000034   Code   RO         5815    i.PID_Init          pid.o
    0x08002fdc   0x08002fdc   0x00000126   Code   RO         5816    i.PID_Position      pid.o
    0x08003102   0x08003102   0x00000006   Code   RO         6022    i.PI_get            observer.o
    0x08003108   0x08003108   0x00000030   Code   RO         6023    i.PI_init           observer.o
    0x08003138   0x08003138   0x00000084   Code   RO         6024    i.PI_run            observer.o
    0x080031bc   0x080031bc   0x00000006   Code   RO         6025    i.PI_set            observer.o
    0x080031c2   0x080031c2   0x00000002   PAD
    0x080031c4   0x080031c4   0x00000038   Code   RO         6027    i.PLL_ESAY_init     observer.o
    0x080031fc   0x080031fc   0x000000d8   Code   RO         6028    i.PLL_ESAY_run      observer.o
    0x080032d4   0x080032d4   0x00000006   Code   RO         6029    i.PLL_ESAY_set      observer.o
    0x080032da   0x080032da   0x00000002   PAD
    0x080032dc   0x080032dc   0x00000038   Code   RO         6031    i.PLL_ang_init      observer.o
    0x08003314   0x08003314   0x000000f4   Code   RO         6032    i.PLL_ang_run       observer.o
    0x08003408   0x08003408   0x0000000a   Code   RO         6033    i.PLL_ang_set       observer.o
    0x08003412   0x08003412   0x00000048   Code   RO         2572    i.SPI_EndRxTxTransaction  stm32g4xx_hal_spi.o
    0x0800345a   0x0800345a   0x00000002   PAD
    0x0800345c   0x0800345c   0x000000e0   Code   RO         2577    i.SPI_WaitFifoStateUntilTimeout  stm32g4xx_hal_spi.o
    0x0800353c   0x0800353c   0x000000b8   Code   RO         2578    i.SPI_WaitFlagStateUntilTimeout  stm32g4xx_hal_spi.o
    0x080035f4   0x080035f4   0x00000214   Code   RO         6138    i.StartFOC_Task     os_foc_task.o
    0x08003808   0x08003808   0x00000008   Code   RO         6139    i.StartKEY_LED_Task  os_foc_task.o
    0x08003810   0x08003810   0x0000001a   Code   RO         5167    i.SysTick_Handler   cmsis_os2.o
    0x0800382a   0x0800382a   0x00000064   Code   RO           15    i.SystemClock_Config  main.o
    0x0800388e   0x0800388e   0x00000002   PAD
    0x08003890   0x08003890   0x00000010   Code   RO         4020    i.SystemInit        system_stm32g4xx.o
    0x080038a0   0x080038a0   0x00000030   Code   RO          436    i.TIM1_UP_TIM16_IRQHandler  stm32g4xx_it.o
    0x080038d0   0x080038d0   0x0000000c   Code   RO          437    i.TIM6_DAC_IRQHandler  stm32g4xx_it.o
    0x080038dc   0x080038dc   0x000000e4   Code   RO         2969    i.TIM_Base_SetConfig  stm32g4xx_hal_tim.o
    0x080039c0   0x080039c0   0x0000001a   Code   RO         2970    i.TIM_CCxChannelCmd  stm32g4xx_hal_tim.o
    0x080039da   0x080039da   0x0000001a   Code   RO         3656    i.TIM_CCxNChannelCmd  stm32g4xx_hal_tim_ex.o
    0x080039f4   0x080039f4   0x000000ac   Code   RO         2982    i.TIM_OC1_SetConfig  stm32g4xx_hal_tim.o
    0x08003aa0   0x08003aa0   0x000000a0   Code   RO         2983    i.TIM_OC2_SetConfig  stm32g4xx_hal_tim.o
    0x08003b40   0x08003b40   0x000000a0   Code   RO         2984    i.TIM_OC3_SetConfig  stm32g4xx_hal_tim.o
    0x08003be0   0x08003be0   0x000000a0   Code   RO         2985    i.TIM_OC4_SetConfig  stm32g4xx_hal_tim.o
    0x08003c80   0x08003c80   0x00000078   Code   RO         2986    i.TIM_OC5_SetConfig  stm32g4xx_hal_tim.o
    0x08003cf8   0x08003cf8   0x0000007c   Code   RO         2987    i.TIM_OC6_SetConfig  stm32g4xx_hal_tim.o
    0x08003d74   0x08003d74   0x00000002   Code   RO          438    i.UsageFault_Handler  stm32g4xx_it.o
    0x08003d76   0x08003d76   0x00000026   Code   RO         6376    i.__ARM_fpclassifyf  m_wm.l(fpclassifyf.o)
    0x08003d9c   0x08003d9c   0x00000020   Code   RO         2406    i.__NVIC_SetPriority  stm32g4xx_hal_cortex.o
    0x08003dbc   0x08003dbc   0x000002ac   Code   RO         6299    i.__hardfp_atan2f   m_wm.l(atan2f.o)
    0x08004068   0x08004068   0x00000150   Code   RO         6311    i.__hardfp_cosf     m_wm.l(cosf.o)
    0x080041b8   0x080041b8   0x00000190   Code   RO         6335    i.__hardfp_sinf     m_wm.l(sinf.o)
    0x08004348   0x08004348   0x00000006   Code   RO         6379    i.__mathlib_flt_infnan  m_wm.l(funder.o)
    0x0800434e   0x0800434e   0x00000006   Code   RO         6380    i.__mathlib_flt_infnan2  m_wm.l(funder.o)
    0x08004354   0x08004354   0x00000010   Code   RO         6381    i.__mathlib_flt_invalid  m_wm.l(funder.o)
    0x08004364   0x08004364   0x00000010   Code   RO         6384    i.__mathlib_flt_underflow  m_wm.l(funder.o)
    0x08004374   0x08004374   0x00000154   Code   RO         6392    i.__mathlib_rredf2  m_wm.l(rredf.o)
    0x080044c8   0x080044c8   0x0000000e   Code   RO         6441    i.__scatterload_copy  mc_w.l(handlers.o)
    0x080044d6   0x080044d6   0x00000002   Code   RO         6442    i.__scatterload_null  mc_w.l(handlers.o)
    0x080044d8   0x080044d8   0x0000000e   Code   RO         6443    i.__scatterload_zeroinit  mc_w.l(handlers.o)
    0x080044e6   0x080044e6   0x00000002   PAD
    0x080044e8   0x080044e8   0x0000000c   Code   RO         6413    i.__set_errno       mc_w.l(errno.o)
    0x080044f4   0x080044f4   0x0000003c   Code   RO         5848    i.clarke_transform  foc_use.o
    0x08004530   0x08004530   0x00000258   Code   RO         5916    i.foc_task          foc_i.o
    0x08004788   0x08004788   0x0000002a   Code   RO         5852    i.inverse_park      foc_use.o
    0x080047b2   0x080047b2   0x00000002   PAD
    0x080047b4   0x080047b4   0x000000ac   Code   RO           16    i.main              main.o
    0x08004860   0x08004860   0x0000001a   Code   RO         5169    i.osDelay           cmsis_os2.o
    0x0800487a   0x0800487a   0x00000002   PAD
    0x0800487c   0x0800487c   0x00000024   Code   RO         5183    i.osKernelInitialize  cmsis_os2.o
    0x080048a0   0x080048a0   0x00000038   Code   RO         5186    i.osKernelStart     cmsis_os2.o
    0x080048d8   0x080048d8   0x0000008a   Code   RO         5228    i.osThreadNew       cmsis_os2.o
    0x08004962   0x08004962   0x0000002a   Code   RO         5853    i.park_transform    foc_use.o
    0x0800498c   0x0800498c   0x0000005c   Code   RO         4628    i.prvAddCurrentTaskToDelayedList  tasks.o
    0x080049e8   0x080049e8   0x000000d0   Code   RO         4629    i.prvAddNewTaskToReadyList  tasks.o
    0x08004ab8   0x08004ab8   0x00000058   Code   RO         4993    i.prvCheckForValidListAndQueue  timers.o
    0x08004b10   0x08004b10   0x00000026   Code   RO         4225    i.prvCopyDataFromQueue  queue.o
    0x08004b36   0x08004b36   0x0000006c   Code   RO         4226    i.prvCopyDataToQueue  queue.o
    0x08004ba2   0x08004ba2   0x00000034   Code   RO         4630    i.prvDeleteTCB      tasks.o
    0x08004bd6   0x08004bd6   0x00000002   PAD
    0x08004bd8   0x08004bd8   0x0000004c   Code   RO         5680    i.prvHeapInit       heap_4.o
    0x08004c24   0x08004c24   0x00000060   Code   RO         4631    i.prvIdleTask       tasks.o
    0x08004c84   0x08004c84   0x00000022   Code   RO         4228    i.prvInitialiseNewQueue  queue.o
    0x08004ca6   0x08004ca6   0x00000002   PAD
    0x08004ca8   0x08004ca8   0x000000b0   Code   RO         4632    i.prvInitialiseNewTask  tasks.o
    0x08004d58   0x08004d58   0x0000004c   Code   RO         5681    i.prvInsertBlockIntoFreeList  heap_4.o
    0x08004da4   0x08004da4   0x00000038   Code   RO         4995    i.prvInsertTimerInActiveList  timers.o
    0x08004ddc   0x08004ddc   0x0000001c   Code   RO         4229    i.prvIsQueueEmpty   queue.o
    0x08004df8   0x08004df8   0x000000fc   Code   RO         4996    i.prvProcessReceivedCommands  timers.o
    0x08004ef4   0x08004ef4   0x000000c0   Code   RO         4997    i.prvProcessTimerOrBlockTask  timers.o
    0x08004fb4   0x08004fb4   0x00000020   Code   RO         4634    i.prvResetNextTaskUnblockTime  tasks.o
    0x08004fd4   0x08004fd4   0x00000028   Code   RO         4998    i.prvSampleTimeNow  timers.o
    0x08004ffc   0x08004ffc   0x0000006c   Code   RO         4999    i.prvSwitchTimerLists  timers.o
    0x08005068   0x08005068   0x00000028   Code   RO         5736    i.prvTaskExitError  port.o
    0x08005090   0x08005090   0x00000024   Code   RO         5000    i.prvTimerTask      timers.o
    0x080050b4   0x080050b4   0x0000006a   Code   RO         4230    i.prvUnlockQueue    queue.o
    0x0800511e   0x0800511e   0x00000002   PAD
    0x08005120   0x08005120   0x000000dc   Code   RO         5682    i.pvPortMalloc      heap_4.o
    0x080051fc   0x080051fc   0x0000002c   Code   RO         5737    i.pxPortInitialiseStack  port.o
    0x08005228   0x08005228   0x00000074   Code   RO         5973    i.read_g_MT6835     encoder.o
    0x0800529c   0x0800529c   0x00000070   Code   RO         5975    i.read_mt6835_data  encoder.o
    0x0800530c   0x0800530c   0x0000001e   Code   RO         5854    i.sin_cos_val       foc_use.o
    0x0800532a   0x0800532a   0x00000002   PAD
    0x0800532c   0x0800532c   0x000000c8   Code   RO         5855    i.svpwm_midpoint    foc_use.o
    0x080053f4   0x080053f4   0x00000040   Code   RO         6034    i.utils_norm_angle_rad  observer.o
    0x08005434   0x08005434   0x00000026   Code   RO         4185    i.uxListRemove      list.o
    0x0800545a   0x0800545a   0x00000002   PAD
    0x0800545c   0x0800545c   0x00000014   Code   RO         5240    i.vApplicationGetIdleTaskMemory  cmsis_os2.o
    0x08005470   0x08005470   0x00000018   Code   RO         5241    i.vApplicationGetTimerTaskMemory  cmsis_os2.o
    0x08005488   0x08005488   0x00000016   Code   RO         4186    i.vListInitialise   list.o
    0x0800549e   0x0800549e   0x00000006   Code   RO         4187    i.vListInitialiseItem  list.o
    0x080054a4   0x080054a4   0x00000030   Code   RO         4188    i.vListInsert       list.o
    0x080054d4   0x080054d4   0x00000018   Code   RO         4189    i.vListInsertEnd    list.o
    0x080054ec   0x080054ec   0x00000040   Code   RO         5739    i.vPortEnterCritical  port.o
    0x0800552c   0x0800552c   0x00000028   Code   RO         5740    i.vPortExitCritical  port.o
    0x08005554   0x08005554   0x00000064   Code   RO         5683    i.vPortFree         heap_4.o
    0x080055b8   0x080055b8   0x00000024   Code   RO         5741    i.vPortSetupTimerInterrupt  port.o
    0x080055dc   0x080055dc   0x00000054   Code   RO         5742    i.vPortValidateInterruptPriority  port.o
    0x08005630   0x08005630   0x00000028   Code   RO         4236    i.vQueueAddToRegistry  queue.o
    0x08005658   0x08005658   0x00000044   Code   RO         4240    i.vQueueWaitForMessageRestricted  queue.o
    0x0800569c   0x0800569c   0x0000004c   Code   RO         4647    i.vTaskDelay        tasks.o
    0x080056e8   0x080056e8   0x0000008c   Code   RO         4648    i.vTaskDelayUntil   tasks.o
    0x08005774   0x08005774   0x00000010   Code   RO         4652    i.vTaskInternalSetTimeOutState  tasks.o
    0x08005784   0x08005784   0x0000000c   Code   RO         4653    i.vTaskMissedYield  tasks.o
    0x08005790   0x08005790   0x00000030   Code   RO         4655    i.vTaskPlaceOnEventList  tasks.o
    0x080057c0   0x080057c0   0x00000038   Code   RO         4656    i.vTaskPlaceOnEventListRestricted  tasks.o
    0x080057f8   0x080057f8   0x00000088   Code   RO         4664    i.vTaskStartScheduler  tasks.o
    0x08005880   0x08005880   0x00000010   Code   RO         4666    i.vTaskSuspendAll   tasks.o
    0x08005890   0x08005890   0x00000064   Code   RO         4667    i.vTaskSwitchContext  tasks.o
    0x080058f4   0x080058f4   0x000000f4   Code   RO         5743    i.xPortStartScheduler  port.o
    0x080059e8   0x080059e8   0x0000002c   Code   RO         5744    i.xPortSysTickHandler  port.o
    0x08005a14   0x08005a14   0x00000066   Code   RO         4246    i.xQueueGenericCreateStatic  queue.o
    0x08005a7a   0x08005a7a   0x00000002   PAD
    0x08005a7c   0x08005a7c   0x00000088   Code   RO         4247    i.xQueueGenericReset  queue.o
    0x08005b04   0x08005b04   0x00000160   Code   RO         4248    i.xQueueGenericSend  queue.o
    0x08005c64   0x08005c64   0x000000be   Code   RO         4249    i.xQueueGenericSendFromISR  queue.o
    0x08005d22   0x08005d22   0x00000002   PAD
    0x08005d24   0x08005d24   0x00000138   Code   RO         4258    i.xQueueReceive     queue.o
    0x08005e5c   0x08005e5c   0x00000074   Code   RO         4669    i.xTaskCheckForTimeOut  tasks.o
    0x08005ed0   0x08005ed0   0x0000005a   Code   RO         4670    i.xTaskCreate       tasks.o
    0x08005f2a   0x08005f2a   0x00000056   Code   RO         4671    i.xTaskCreateStatic  tasks.o
    0x08005f80   0x08005f80   0x0000001c   Code   RO         4675    i.xTaskGetSchedulerState  tasks.o
    0x08005f9c   0x08005f9c   0x0000000c   Code   RO         4676    i.xTaskGetTickCount  tasks.o
    0x08005fa8   0x08005fa8   0x000000c8   Code   RO         4678    i.xTaskIncrementTick  tasks.o
    0x08006070   0x08006070   0x00000080   Code   RO         4681    i.xTaskPriorityDisinherit  tasks.o
    0x080060f0   0x080060f0   0x00000070   Code   RO         4683    i.xTaskRemoveFromEventList  tasks.o
    0x08006160   0x08006160   0x000000c4   Code   RO         4684    i.xTaskResumeAll    tasks.o
    0x08006224   0x08006224   0x00000060   Code   RO         5009    i.xTimerCreateTimerTask  timers.o
    0x08006284   0x08006284   0x00000068   Code   RO         5010    i.xTimerGenericCommand  timers.o
    0x080062ec   0x080062ec   0x00000048   Data   RO          253    .constdata          app_freertos.o
    0x08006334   0x08006334   0x00000010   Data   RO         4021    .constdata          system_stm32g4xx.o
    0x08006344   0x08006344   0x00000008   Data   RO         4022    .constdata          system_stm32g4xx.o
    0x0800634c   0x0800634c   0x00000020   Data   RO         6393    .constdata          m_wm.l(rredf.o)
    0x0800636c   0x0800636c   0x00000019   Data   RO          254    .conststring        app_freertos.o
    0x08006385   0x08006385   0x00000003   PAD
    0x08006388   0x08006388   0x00000804   Data   RO         6291    .rodata.sinTable_f32  arm_cortexM4lf_math.lib(arm_common_tables.o)
    0x08006b8c   0x08006b8c   0x00000020   Data   RO         6439    Region$$Table       anon$$obj.o


    Execution Region RW_IRAM1 (Exec base: 0x20000000, Load base: 0x08006bac, Size: 0x000024e0, Max: 0x00020000, ABSOLUTE)

    Exec Addr    Load Addr    Size         Type   Attr      Idx    E Section Name        Object

    0x20000000   0x08006bac   0x00000008   Data   RW          255    .data               app_freertos.o
    0x20000008   0x08006bb4   0x0000000c   Data   RW         1052    .data               stm32g4xx_hal.o
    0x20000014   0x08006bc0   0x00000004   Data   RW         4023    .data               system_stm32g4xx.o
    0x20000018   0x08006bc4   0x0000003c   Data   RW         4687    .data               tasks.o
    0x20000054   0x08006c00   0x00000014   Data   RW         5018    .data               timers.o
    0x20000068   0x08006c14   0x00000004   Data   RW         5243    .data               cmsis_os2.o
    0x2000006c   0x08006c18   0x00000020   Data   RW         5689    .data               heap_4.o
    0x2000008c   0x08006c38   0x0000000c   Data   RW         5745    .data               port.o
    0x20000098   0x08006c44   0x0000001c   Data   RW         5920    .data               foc_i.o
    0x200000b4   0x08006c60   0x00000008   Data   RW         6141    .data               os_foc_task.o
    0x200000bc   0x08006c68   0x00000004   Data   RW         6414    .data               mc_w.l(errno.o)
    0x200000c0        -       0x0000006c   Zero   RW          302    .bss                adc.o
    0x2000012c        -       0x00000064   Zero   RW          344    .bss                spi.o
    0x20000190        -       0x0000004c   Zero   RW          387    .bss                tim.o
    0x200001dc        -       0x0000004c   Zero   RW          531    .bss                stm32g4xx_hal_timebase_tim.o
    0x20000228        -       0x00000040   Zero   RW         4262    .bss                queue.o
    0x20000268        -       0x000004c4   Zero   RW         4686    .bss                tasks.o
    0x2000072c        -       0x00000118   Zero   RW         5017    .bss                timers.o
    0x20000844        -       0x000006b8   Zero   RW         5242    .bss                cmsis_os2.o
    0x20000efc        -       0x00000c00   Zero   RW         5688    .bss                heap_4.o
    0x20001afc        -       0x000000b8   Zero   RW         5918    .bss                foc_i.o
    0x20001bb4        -       0x0000012c   Zero   RW         6140    .bss                os_foc_task.o
    0x20001ce0        -       0x00000800   Zero   RW            1    STACK               startup_stm32g474xx.o


==============================================================================

Image component sizes


      Code (inc. data)   RO Data    RW Data    ZI Data      Debug   Object Name

       344         22          0          0        108       1917   adc.o
        48         16         97          8          0       1355   app_freertos.o
       326         22          0          4       1720      65235   cmsis_os2.o
       228         32          0          0          0       1663   encoder.o
         0          0          0          0          0      19456   event_groups.o
       600         54          0         28        184       2723   foc_i.o
       374         16          0          0          0       3134   foc_use.o
       176         12          0          0          0       1015   gpio.o
       472         24          0         32       3072       4871   heap_4.o
       138          0          0          0          0       3554   list.o
       296         16          0          0          0     915820   main.o
      1182         60          0          0          0       9155   observer.o
       540         92          0          8        300       3744   os_foc_task.o
       346          4          0          0          0       1842   pid.o
       786         82          0         12          0      11529   port.o
      1514         20          0          0         64      17440   queue.o
       180         22          0          0        100       1705   spi.o
        36          8        472          0       2048        836   startup_stm32g474xx.o
        58         10          0         12          0       3006   stm32g4xx_hal.o
       772         74          0          0          0      71152   stm32g4xx_hal_adc.o
      2090        120          0          0          0      75867   stm32g4xx_hal_adc_ex.o
       158         14          0          0          0      33050   stm32g4xx_hal_cortex.o
       594         34          0          0          0       2348   stm32g4xx_hal_gpio.o
        60          6          0          0          0        874   stm32g4xx_hal_msp.o
       204         18          0          0          0       1409   stm32g4xx_hal_pwr_ex.o
      1712         86          0          0          0       6350   stm32g4xx_hal_rcc.o
       768         10          0          0          0       1964   stm32g4xx_hal_rcc_ex.o
      1334         10          0          0          0       6409   stm32g4xx_hal_spi.o
      2482        286          0          0          0      15703   stm32g4xx_hal_tim.o
       596         82          0          0          0       7835   stm32g4xx_hal_tim_ex.o
       136         20          0          0         76       1431   stm32g4xx_hal_timebase_tim.o
        72         16          0          0          0       3818   stm32g4xx_it.o
         0          0          0          0          0        384   stream_buffer.o
        16          4         24          4          0       1135   system_stm32g4xx.o
      2224        176          0         60       1220      28102   tasks.o
       436         32          0          0         76       2519   tim.o
       972         80          0         20        280      32159   timers.o

    ----------------------------------------------------------------------
     22318       1580        628        188       9248    1362509   Object Totals
         0          0         32          0          0          0   (incl. Generated)
        48          0          3          0          0          0   (incl. Padding)

    ----------------------------------------------------------------------

      Code (inc. data)   RO Data    RW Data    ZI Data      Debug   Library Member Name

         0          0       2052          0          0       4961   arm_common_tables.o
       160         12          0          0          0       1103   arm_cos_f32.o
       152         12          0          0          0       1098   arm_sin_f32.o
       684         90          0          0          0        208   atan2f.o
       336         56          0          0          0        136   cosf.o
        38          0          0          0          0        116   fpclassifyf.o
        44         12          0          0          0        464   funder.o
       340         24         32          0          0        160   rredf.o
       400         56          0          0          0        212   sinf.o
         0          0          0          0          0          0   entry.o
         0          0          0          0          0          0   entry10a.o
         0          0          0          0          0          0   entry11a.o
         4          0          0          0          0          0   entry12b.o
         8          4          0          0          0          0   entry2.o
         4          0          0          0          0          0   entry5.o
         0          0          0          0          0          0   entry7b.o
         0          0          0          0          0          0   entry8b.o
         8          4          0          0          0          0   entry9a.o
        12          6          0          4          0         68   errno.o
        30          0          0          0          0          0   handlers.o
        36          8          0          0          0         68   init.o
         0          0          0          0          0          0   iusefp.o
        36          0          0          0          0         68   memcpya.o
        36          0          0          0          0        108   memseta.o
        56          0          0          0          0         88   d2f.o
        38          0          0          0          0         68   f2d.o
       110          0          0          0          0        168   fepilogue.o

    ----------------------------------------------------------------------
      2534        284       2084          4          0       9094   Library Totals
         2          0          0          0          0          0   (incl. Padding)

    ----------------------------------------------------------------------

      Code (inc. data)   RO Data    RW Data    ZI Data      Debug   Library Name

       312         24       2052          0          0       7162   arm_cortexM4lf_math.lib
      1842        238         32          0          0       1296   m_wm.l
       174         22          0          4          0        312   mc_w.l
       204          0          0          0          0        324   mf_w.l

    ----------------------------------------------------------------------
      2534        284       2084          4          0       9094   Library Totals

    ----------------------------------------------------------------------

==============================================================================


      Code (inc. data)   RO Data    RW Data    ZI Data      Debug   

     24852       1864       2712        192       9248    1353835   Grand Totals
     24852       1864       2712        192       9248    1353835   ELF Image Totals
     24852       1864       2712        192          0          0   ROM Totals

==============================================================================

    Total RO  Size (Code + RO Data)                27564 (  26.92kB)
    Total RW  Size (RW Data + ZI Data)              9440 (   9.22kB)
    Total ROM Size (Code + RO Data + RW Data)      27756 (  27.11kB)

==============================================================================

